<?xml version="1.0" encoding="ISO-8859-1" ?>
<link_info>
   <banner>TI ARM Linker PC v20.2.1.LTS</banner>
   <copyright>Copyright (c) 1996-2018 Texas Instruments Incorporated</copyright>
   <link_time>0x60ffbbb3</link_time>
   <link_errors>0x0</link_errors>
   <output_file>mmWave-uart.out</output_file>
   <entry_point>
      <name>_c_int00_noargs</name>
      <address>0x49b9</address>
   </entry_point>
   <input_file_list>
      <input_file id="fl-2">
         <path>.\</path>
         <kind>object</kind>
         <file>EXIN_motor.obj</file>
         <name>EXIN_motor.obj</name>
      </input_file>
      <input_file id="fl-3">
         <path>.\exinlibs\</path>
         <kind>object</kind>
         <file>ADS1292.obj</file>
         <name>ADS1292.obj</name>
      </input_file>
      <input_file id="fl-4">
         <path>.\exinlibs\</path>
         <kind>object</kind>
         <file>ADS_RCV.obj</file>
         <name>ADS_RCV.obj</name>
      </input_file>
      <input_file id="fl-5">
         <path>.\exinlibs\</path>
         <kind>object</kind>
         <file>LMT70RD.obj</file>
         <name>LMT70RD.obj</name>
      </input_file>
      <input_file id="fl-6">
         <path>.\exinlibs\</path>
         <kind>object</kind>
         <file>OV_RCV.obj</file>
         <name>OV_RCV.obj</name>
      </input_file>
      <input_file id="fl-7">
         <path>.\exinlibs\</path>
         <kind>object</kind>
         <file>Oscill_OLED.obj</file>
         <name>Oscill_OLED.obj</name>
      </input_file>
      <input_file id="fl-8">
         <path>.\exinlibs\</path>
         <kind>object</kind>
         <file>exinADC.obj</file>
         <name>exinADC.obj</name>
      </input_file>
      <input_file id="fl-9">
         <path>.\exinlibs\</path>
         <kind>object</kind>
         <file>exinHC_SR04.obj</file>
         <name>exinHC_SR04.obj</name>
      </input_file>
      <input_file id="fl-a">
         <path>.\exinlibs\</path>
         <kind>object</kind>
         <file>exin_library_map_guide.obj</file>
         <name>exin_library_map_guide.obj</name>
      </input_file>
      <input_file id="fl-b">
         <path>.\exinlibs\</path>
         <kind>object</kind>
         <file>exin_pit.obj</file>
         <name>exin_pit.obj</name>
      </input_file>
      <input_file id="fl-c">
         <path>.\exinlibs\</path>
         <kind>object</kind>
         <file>exinadjust.obj</file>
         <name>exinadjust.obj</name>
      </input_file>
      <input_file id="fl-d">
         <path>.\exinlibs\</path>
         <kind>object</kind>
         <file>exinencoder.obj</file>
         <name>exinencoder.obj</name>
      </input_file>
      <input_file id="fl-e">
         <path>.\exinlibs\</path>
         <kind>object</kind>
         <file>exingpio.obj</file>
         <name>exingpio.obj</name>
      </input_file>
      <input_file id="fl-f">
         <path>.\exinlibs\</path>
         <kind>object</kind>
         <file>exinisr.obj</file>
         <name>exinisr.obj</name>
      </input_file>
      <input_file id="fl-10">
         <path>.\exinlibs\</path>
         <kind>object</kind>
         <file>exinkey.obj</file>
         <name>exinkey.obj</name>
      </input_file>
      <input_file id="fl-11">
         <path>.\exinlibs\</path>
         <kind>object</kind>
         <file>exinmotor.obj</file>
         <name>exinmotor.obj</name>
      </input_file>
      <input_file id="fl-12">
         <path>.\exinlibs\</path>
         <kind>object</kind>
         <file>exinpwm.obj</file>
         <name>exinpwm.obj</name>
      </input_file>
      <input_file id="fl-13">
         <path>.\exinlibs\</path>
         <kind>object</kind>
         <file>exinsteer.obj</file>
         <name>exinsteer.obj</name>
      </input_file>
      <input_file id="fl-14">
         <path>.\exinlibs\</path>
         <kind>object</kind>
         <file>exinsystem.obj</file>
         <name>exinsystem.obj</name>
      </input_file>
      <input_file id="fl-15">
         <path>.\exinlibs\</path>
         <kind>object</kind>
         <file>exinuart.obj</file>
         <name>exinuart.obj</name>
      </input_file>
      <input_file id="fl-16">
         <path>.\exinlibs\</path>
         <kind>object</kind>
         <file>oled.obj</file>
         <name>oled.obj</name>
      </input_file>
      <input_file id="fl-17">
         <path>.\exinlibs\</path>
         <kind>object</kind>
         <file>serial.obj</file>
         <name>serial.obj</name>
      </input_file>
      <input_file id="fl-18">
         <path>.\exinlibs\</path>
         <kind>object</kind>
         <file>startup_msp432p401r_ccs.obj</file>
         <name>startup_msp432p401r_ccs.obj</name>
      </input_file>
      <input_file id="fl-19">
         <path>.\exinlibs\</path>
         <kind>object</kind>
         <file>system_msp432p401r.obj</file>
         <name>system_msp432p401r.obj</name>
      </input_file>
      <input_file id="fl-1e">
         <kind>object</kind>
         <file>&lt;internal&gt;</file>
         <name>&lt;internal&gt;</name>
      </input_file>
      <input_file id="fl-d4">
         <path>D:\CCS\ccs\tools\compiler\ti-cgt-arm_20.2.1.LTS\lib\</path>
         <kind>archive</kind>
         <file>rtsv7M4_T_le_v4SPD16_eabi.lib</file>
         <name>sprintf.c.obj</name>
      </input_file>
      <input_file id="fl-d5">
         <path>D:\CCS\ccs\tools\compiler\ti-cgt-arm_20.2.1.LTS\lib\</path>
         <kind>archive</kind>
         <file>rtsv7M4_T_le_v4SPD16_eabi.lib</file>
         <name>fd_cmp_t2.asm.obj</name>
      </input_file>
      <input_file id="fl-d6">
         <path>D:\CCS\ccs\tools\compiler\ti-cgt-arm_20.2.1.LTS\lib\</path>
         <kind>archive</kind>
         <file>rtsv7M4_T_le_v4SPD16_eabi.lib</file>
         <name>fd_div_t2.asm.obj</name>
      </input_file>
      <input_file id="fl-d7">
         <path>D:\CCS\ccs\tools\compiler\ti-cgt-arm_20.2.1.LTS\lib\</path>
         <kind>archive</kind>
         <file>rtsv7M4_T_le_v4SPD16_eabi.lib</file>
         <name>fd_toi_t2.asm.obj</name>
      </input_file>
      <input_file id="fl-d8">
         <path>D:\CCS\ccs\tools\compiler\ti-cgt-arm_20.2.1.LTS\lib\</path>
         <kind>archive</kind>
         <file>rtsv7M4_T_le_v4SPD16_eabi.lib</file>
         <name>fd_tos_t2.asm.obj</name>
      </input_file>
      <input_file id="fl-d9">
         <path>D:\CCS\ccs\tools\compiler\ti-cgt-arm_20.2.1.LTS\lib\</path>
         <kind>archive</kind>
         <file>rtsv7M4_T_le_v4SPD16_eabi.lib</file>
         <name>fs_tod_t2.asm.obj</name>
      </input_file>
      <input_file id="fl-da">
         <path>D:\CCS\ccs\tools\compiler\ti-cgt-arm_20.2.1.LTS\lib\</path>
         <kind>archive</kind>
         <file>rtsv7M4_T_le_v4SPD16_eabi.lib</file>
         <name>i_tofd_t2.asm.obj</name>
      </input_file>
      <input_file id="fl-db">
         <path>D:\CCS\ccs\tools\compiler\ti-cgt-arm_20.2.1.LTS\lib\</path>
         <kind>archive</kind>
         <file>rtsv7M4_T_le_v4SPD16_eabi.lib</file>
         <name>memcpy_t2.asm.obj</name>
      </input_file>
      <input_file id="fl-dc">
         <path>D:\CCS\ccs\tools\compiler\ti-cgt-arm_20.2.1.LTS\lib\</path>
         <kind>archive</kind>
         <file>rtsv7M4_T_le_v4SPD16_eabi.lib</file>
         <name>u_tofd_t2.asm.obj</name>
      </input_file>
      <input_file id="fl-dd">
         <path>D:\CCS\ccs\tools\compiler\ti-cgt-arm_20.2.1.LTS\lib\</path>
         <kind>archive</kind>
         <file>rtsv7M4_T_le_v4SPD16_eabi.lib</file>
         <name>copy_zero_init.c.obj</name>
      </input_file>
      <input_file id="fl-de">
         <path>D:\CCS\ccs\tools\compiler\ti-cgt-arm_20.2.1.LTS\lib\</path>
         <kind>archive</kind>
         <file>rtsv7M4_T_le_v4SPD16_eabi.lib</file>
         <name>copy_decompress_none.c.obj</name>
      </input_file>
      <input_file id="fl-df">
         <path>D:\CCS\ccs\tools\compiler\ti-cgt-arm_20.2.1.LTS\lib\</path>
         <kind>archive</kind>
         <file>rtsv7M4_T_le_v4SPD16_eabi.lib</file>
         <name>copy_decompress_lzss.c.obj</name>
      </input_file>
      <input_file id="fl-e0">
         <path>D:\CCS\ccs\tools\compiler\ti-cgt-arm_20.2.1.LTS\lib\</path>
         <kind>archive</kind>
         <file>rtsv7M4_T_le_v4SPD16_eabi.lib</file>
         <name>boot_cortex_m.c.obj</name>
      </input_file>
      <input_file id="fl-e1">
         <path>D:\CCS\ccs\tools\compiler\ti-cgt-arm_20.2.1.LTS\lib\</path>
         <kind>archive</kind>
         <file>rtsv7M4_T_le_v4SPD16_eabi.lib</file>
         <name>_printfi.c.obj</name>
      </input_file>
      <input_file id="fl-e2">
         <path>D:\CCS\ccs\tools\compiler\ti-cgt-arm_20.2.1.LTS\lib\</path>
         <kind>archive</kind>
         <file>rtsv7M4_T_le_v4SPD16_eabi.lib</file>
         <name>memset_t2.asm.obj</name>
      </input_file>
      <input_file id="fl-e3">
         <path>D:\CCS\ccs\tools\compiler\ti-cgt-arm_20.2.1.LTS\lib\</path>
         <kind>archive</kind>
         <file>rtsv7M4_T_le_v4SPD16_eabi.lib</file>
         <name>fd_add_t2.asm.obj</name>
      </input_file>
      <input_file id="fl-e4">
         <path>D:\CCS\ccs\tools\compiler\ti-cgt-arm_20.2.1.LTS\lib\</path>
         <kind>archive</kind>
         <file>rtsv7M4_T_le_v4SPD16_eabi.lib</file>
         <name>fd_mul_t2.asm.obj</name>
      </input_file>
      <input_file id="fl-e5">
         <path>D:\CCS\ccs\tools\compiler\ti-cgt-arm_20.2.1.LTS\lib\</path>
         <kind>archive</kind>
         <file>rtsv7M4_T_le_v4SPD16_eabi.lib</file>
         <name>ull_div_t2.asm.obj</name>
      </input_file>
      <input_file id="fl-e6">
         <path>D:\CCS\ccs\tools\compiler\ti-cgt-arm_20.2.1.LTS\lib\</path>
         <kind>archive</kind>
         <file>rtsv7M4_T_le_v4SPD16_eabi.lib</file>
         <name>autoinit.c.obj</name>
      </input_file>
      <input_file id="fl-e7">
         <path>D:\CCS\ccs\tools\compiler\ti-cgt-arm_20.2.1.LTS\lib\</path>
         <kind>archive</kind>
         <file>rtsv7M4_T_le_v4SPD16_eabi.lib</file>
         <name>pre_init.c.obj</name>
      </input_file>
      <input_file id="fl-e8">
         <path>D:\CCS\ccs\tools\compiler\ti-cgt-arm_20.2.1.LTS\lib\</path>
         <kind>archive</kind>
         <file>rtsv7M4_T_le_v4SPD16_eabi.lib</file>
         <name>cpy_tbl.c.obj</name>
      </input_file>
      <input_file id="fl-e9">
         <path>D:\CCS\ccs\tools\compiler\ti-cgt-arm_20.2.1.LTS\lib\</path>
         <kind>archive</kind>
         <file>rtsv7M4_T_le_v4SPD16_eabi.lib</file>
         <name>exit.c.obj</name>
      </input_file>
      <input_file id="fl-ea">
         <path>D:\CCS\ccs\tools\compiler\ti-cgt-arm_20.2.1.LTS\lib\</path>
         <kind>archive</kind>
         <file>rtsv7M4_T_le_v4SPD16_eabi.lib</file>
         <name>_lock.c.obj</name>
      </input_file>
      <input_file id="fl-eb">
         <path>D:\CCS\ccs\tools\compiler\ti-cgt-arm_20.2.1.LTS\lib\</path>
         <kind>archive</kind>
         <file>rtsv7M4_T_le_v4SPD16_eabi.lib</file>
         <name>_ltoa.c.obj</name>
      </input_file>
      <input_file id="fl-ec">
         <path>D:\CCS\ccs\tools\compiler\ti-cgt-arm_20.2.1.LTS\lib\</path>
         <kind>archive</kind>
         <file>rtsv7M4_T_le_v4SPD16_eabi.lib</file>
         <name>args_main.c.obj</name>
      </input_file>
      <input_file id="fl-ed">
         <path>D:\CCS\ccs\tools\compiler\ti-cgt-arm_20.2.1.LTS\lib\</path>
         <kind>archive</kind>
         <file>rtsv7M4_T_le_v4SPD16_eabi.lib</file>
         <name>atoi.c.obj</name>
      </input_file>
      <input_file id="fl-ee">
         <path>D:\CCS\ccs\tools\compiler\ti-cgt-arm_20.2.1.LTS\lib\</path>
         <kind>archive</kind>
         <file>rtsv7M4_T_le_v4SPD16_eabi.lib</file>
         <name>ctype.c.obj</name>
      </input_file>
      <input_file id="fl-ef">
         <path>D:\CCS\ccs\tools\compiler\ti-cgt-arm_20.2.1.LTS\lib\</path>
         <kind>archive</kind>
         <file>rtsv7M4_T_le_v4SPD16_eabi.lib</file>
         <name>memccpy.c.obj</name>
      </input_file>
      <input_file id="fl-f0">
         <path>D:\CCS\ccs\tools\compiler\ti-cgt-arm_20.2.1.LTS\lib\</path>
         <kind>archive</kind>
         <file>rtsv7M4_T_le_v4SPD16_eabi.lib</file>
         <name>strchr.c.obj</name>
      </input_file>
      <input_file id="fl-f1">
         <path>D:\CCS\ccs\tools\compiler\ti-cgt-arm_20.2.1.LTS\lib\</path>
         <kind>archive</kind>
         <file>rtsv7M4_T_le_v4SPD16_eabi.lib</file>
         <name>strlen.c.obj</name>
      </input_file>
      <input_file id="fl-f2">
         <path>D:\CCS\ccs\tools\compiler\ti-cgt-arm_20.2.1.LTS\lib\</path>
         <kind>archive</kind>
         <file>rtsv7M4_T_le_v4SPD16_eabi.lib</file>
         <name>errno.c.obj</name>
      </input_file>
      <input_file id="fl-f3">
         <path>D:\CCS\ccs\tools\compiler\ti-cgt-arm_20.2.1.LTS\lib\</path>
         <kind>archive</kind>
         <file>rtsv7M4_T_le_v4SPD16_eabi.lib</file>
         <name>s_frexp.c.obj</name>
      </input_file>
      <input_file id="fl-f4">
         <path>D:\CCS\ccs\tools\compiler\ti-cgt-arm_20.2.1.LTS\lib\</path>
         <kind>archive</kind>
         <file>rtsv7M4_T_le_v4SPD16_eabi.lib</file>
         <name>s_scalbn.c.obj</name>
      </input_file>
      <input_file id="fl-f5">
         <path>D:\CCS\ccs\tools\compiler\ti-cgt-arm_20.2.1.LTS\lib\</path>
         <kind>archive</kind>
         <file>rtsv7M4_T_le_v4SPD16_eabi.lib</file>
         <name>wcslen.c.obj</name>
      </input_file>
      <input_file id="fl-f6">
         <path>D:\CCS\ccs\tools\compiler\ti-cgt-arm_20.2.1.LTS\lib\</path>
         <kind>archive</kind>
         <file>rtsv7M4_T_le_v4SPD16_eabi.lib</file>
         <name>div0.asm.obj</name>
      </input_file>
      <input_file id="fl-f7">
         <path>D:\CCS\ccs\tools\compiler\ti-cgt-arm_20.2.1.LTS\lib\</path>
         <kind>archive</kind>
         <file>rtsv7M4_T_le_v4SPD16_eabi.lib</file>
         <name>s_copysign.c.obj</name>
      </input_file>
      <input_file id="fl-f8">
         <path>C:\ti\msp\MSP432Ware_3_40_00_25\driverlib\driverlib\MSP432P4xx\ccs\</path>
         <kind>archive</kind>
         <file>msp432p4xx_driverlib.lib</file>
         <name>cs.o</name>
      </input_file>
      <input_file id="fl-f9">
         <path>C:\ti\msp\MSP432Ware_3_40_00_25\driverlib\driverlib\MSP432P4xx\ccs\</path>
         <kind>archive</kind>
         <file>msp432p4xx_driverlib.lib</file>
         <name>flash.o</name>
      </input_file>
      <input_file id="fl-fa">
         <path>C:\ti\msp\MSP432Ware_3_40_00_25\driverlib\driverlib\MSP432P4xx\ccs\</path>
         <kind>archive</kind>
         <file>msp432p4xx_driverlib.lib</file>
         <name>fpu.o</name>
      </input_file>
      <input_file id="fl-fb">
         <path>C:\ti\msp\MSP432Ware_3_40_00_25\driverlib\driverlib\MSP432P4xx\ccs\</path>
         <kind>archive</kind>
         <file>msp432p4xx_driverlib.lib</file>
         <name>gpio.o</name>
      </input_file>
      <input_file id="fl-fc">
         <path>C:\ti\msp\MSP432Ware_3_40_00_25\driverlib\driverlib\MSP432P4xx\ccs\</path>
         <kind>archive</kind>
         <file>msp432p4xx_driverlib.lib</file>
         <name>interrupt.o</name>
      </input_file>
      <input_file id="fl-fd">
         <path>C:\ti\msp\MSP432Ware_3_40_00_25\driverlib\driverlib\MSP432P4xx\ccs\</path>
         <kind>archive</kind>
         <file>msp432p4xx_driverlib.lib</file>
         <name>pcm.o</name>
      </input_file>
      <input_file id="fl-fe">
         <path>C:\ti\msp\MSP432Ware_3_40_00_25\driverlib\driverlib\MSP432P4xx\ccs\</path>
         <kind>archive</kind>
         <file>msp432p4xx_driverlib.lib</file>
         <name>rtc_c.o</name>
      </input_file>
      <input_file id="fl-ff">
         <path>C:\ti\msp\MSP432Ware_3_40_00_25\driverlib\driverlib\MSP432P4xx\ccs\</path>
         <kind>archive</kind>
         <file>msp432p4xx_driverlib.lib</file>
         <name>sysctl.o</name>
      </input_file>
      <input_file id="fl-100">
         <path>C:\ti\msp\MSP432Ware_3_40_00_25\driverlib\driverlib\MSP432P4xx\ccs\</path>
         <kind>archive</kind>
         <file>msp432p4xx_driverlib.lib</file>
         <name>uart.o</name>
      </input_file>
      <input_file id="fl-101">
         <path>C:\ti\msp\MSP432Ware_3_40_00_25\driverlib\driverlib\MSP432P4xx\ccs\</path>
         <kind>archive</kind>
         <file>msp432p4xx_driverlib.lib</file>
         <name>wdt_a.o</name>
      </input_file>
      <input_file id="fl-102">
         <path>C:\ti\msp\MSP432Ware_3_40_00_25\driverlib\driverlib\MSP432P4xx\ccs\</path>
         <kind>archive</kind>
         <file>msp432p4xx_driverlib.lib</file>
         <name>cpu.o</name>
      </input_file>
   </input_file_list>
   <object_component_list>
      <object_component id="oc-26">
         <name>.intvecs:retain</name>
         <load_address>0x0</load_address>
         <run_address>0x0</run_address>
         <size>0xe4</size>
         <input_file_ref idref="fl-18"/>
      </object_component>
      <object_component id="oc-382">
         <name>.text:__TI_printfi</name>
         <load_address>0xe4</load_address>
         <run_address>0xe4</run_address>
         <size>0xa4e</size>
         <input_file_ref idref="fl-e1"/>
      </object_component>
      <object_component id="oc-534">
         <name>.text</name>
         <load_address>0xb32</load_address>
         <run_address>0xb32</run_address>
         <size>0x2</size>
         <input_file_ref idref="fl-f6"/>
      </object_component>
      <object_component id="oc-10c">
         <name>.text</name>
         <load_address>0xb34</load_address>
         <run_address>0xb34</run_address>
         <size>0x7dc</size>
         <input_file_ref idref="fl-16"/>
      </object_component>
      <object_component id="oc-8b">
         <name>.text</name>
         <load_address>0x1310</load_address>
         <run_address>0x1310</run_address>
         <size>0x3cc</size>
         <input_file_ref idref="fl-8"/>
      </object_component>
      <object_component id="oc-79">
         <name>.text</name>
         <load_address>0x16dc</load_address>
         <run_address>0x16dc</run_address>
         <size>0x3cc</size>
         <input_file_ref idref="fl-d"/>
      </object_component>
      <object_component id="oc-323">
         <name>.text</name>
         <load_address>0x1aa8</load_address>
         <run_address>0x1aa8</run_address>
         <size>0x340</size>
         <input_file_ref idref="fl-12"/>
      </object_component>
      <object_component id="oc-c9">
         <name>.text</name>
         <load_address>0x1de8</load_address>
         <run_address>0x1de8</run_address>
         <size>0x334</size>
         <input_file_ref idref="fl-19"/>
      </object_component>
      <object_component id="oc-73">
         <name>.text</name>
         <load_address>0x211c</load_address>
         <run_address>0x211c</run_address>
         <size>0x278</size>
         <input_file_ref idref="fl-f"/>
      </object_component>
      <object_component id="oc-462">
         <name>.text:_pconv_a</name>
         <load_address>0x2394</load_address>
         <run_address>0x2394</run_address>
         <size>0x270</size>
         <input_file_ref idref="fl-e1"/>
      </object_component>
      <object_component id="oc-f7">
         <name>.text</name>
         <load_address>0x2604</load_address>
         <run_address>0x2604</run_address>
         <size>0x268</size>
         <input_file_ref idref="fl-e"/>
      </object_component>
      <object_component id="oc-1de">
         <name>.text</name>
         <load_address>0x286c</load_address>
         <run_address>0x286c</run_address>
         <size>0x264</size>
         <input_file_ref idref="fl-11"/>
      </object_component>
      <object_component id="oc-6d">
         <name>.text</name>
         <load_address>0x2ad0</load_address>
         <run_address>0x2ad0</run_address>
         <size>0x240</size>
         <input_file_ref idref="fl-14"/>
      </object_component>
      <object_component id="oc-7f">
         <name>.text</name>
         <load_address>0x2d10</load_address>
         <run_address>0x2d10</run_address>
         <size>0x1d8</size>
         <input_file_ref idref="fl-15"/>
      </object_component>
      <object_component id="oc-450">
         <name>.text:_pconv_g</name>
         <load_address>0x2ee8</load_address>
         <run_address>0x2ee8</run_address>
         <size>0x1d0</size>
         <input_file_ref idref="fl-e1"/>
      </object_component>
      <object_component id="oc-4d9">
         <name>.text</name>
         <load_address>0x30b8</load_address>
         <run_address>0x30b8</run_address>
         <size>0x1b6</size>
         <input_file_ref idref="fl-e3"/>
      </object_component>
      <object_component id="oc-85">
         <name>.text</name>
         <load_address>0x3270</load_address>
         <run_address>0x3270</run_address>
         <size>0x1b4</size>
         <input_file_ref idref="fl-4"/>
      </object_component>
      <object_component id="oc-2ec">
         <name>.text:__PCM_setPowerStateAdvanced</name>
         <load_address>0x3424</load_address>
         <run_address>0x3424</run_address>
         <size>0x1a0</size>
         <input_file_ref idref="fl-fd"/>
      </object_component>
      <object_component id="oc-113">
         <name>.text</name>
         <load_address>0x35c4</load_address>
         <run_address>0x35c4</run_address>
         <size>0x148</size>
         <input_file_ref idref="fl-b"/>
      </object_component>
      <object_component id="oc-45c">
         <name>.text:_pconv_e</name>
         <load_address>0x370c</load_address>
         <run_address>0x370c</run_address>
         <size>0x13c</size>
         <input_file_ref idref="fl-e1"/>
      </object_component>
      <object_component id="oc-d5">
         <name>.text</name>
         <load_address>0x3848</load_address>
         <run_address>0x3848</run_address>
         <size>0x136</size>
         <input_file_ref idref="fl-d6"/>
      </object_component>
      <object_component id="oc-4eb">
         <name>.text:fcvt</name>
         <load_address>0x3980</load_address>
         <run_address>0x3980</run_address>
         <size>0x124</size>
         <input_file_ref idref="fl-e1"/>
      </object_component>
      <object_component id="oc-4ff">
         <name>.text:scalbn</name>
         <load_address>0x3aa4</load_address>
         <run_address>0x3aa4</run_address>
         <size>0x110</size>
         <input_file_ref idref="fl-f4"/>
      </object_component>
      <object_component id="oc-4c4">
         <name>.text</name>
         <load_address>0x3bb4</load_address>
         <run_address>0x3bb4</run_address>
         <size>0xfc</size>
         <input_file_ref idref="fl-e4"/>
      </object_component>
      <object_component id="oc-173">
         <name>.text:CS_initClockSignal</name>
         <load_address>0x3cb0</load_address>
         <run_address>0x3cb0</run_address>
         <size>0xe0</size>
         <input_file_ref idref="fl-f8"/>
      </object_component>
      <object_component id="oc-3df">
         <name>.text:__PCM_setPowerModeAdvanced</name>
         <load_address>0x3d90</load_address>
         <run_address>0x3d90</run_address>
         <size>0xdc</size>
         <input_file_ref idref="fl-fd"/>
      </object_component>
      <object_component id="oc-445">
         <name>.text:_ltostr</name>
         <load_address>0x3e6c</load_address>
         <run_address>0x3e6c</run_address>
         <size>0xb1</size>
         <input_file_ref idref="fl-e1"/>
      </object_component>
      <object_component id="oc-2d4">
         <name>.text:__PCM_setCoreVoltageLevelAdvanced</name>
         <load_address>0x3f20</load_address>
         <run_address>0x3f20</run_address>
         <size>0xb0</size>
         <input_file_ref idref="fl-fd"/>
      </object_component>
      <object_component id="oc-2f3">
         <name>.text:CS_startHFXTWithTimeout</name>
         <load_address>0x3fd0</load_address>
         <run_address>0x3fd0</run_address>
         <size>0x9c</size>
         <input_file_ref idref="fl-f8"/>
      </object_component>
      <object_component id="oc-37">
         <name>.text</name>
         <load_address>0x406c</load_address>
         <run_address>0x406c</run_address>
         <size>0x9c</size>
         <input_file_ref idref="fl-db"/>
      </object_component>
      <object_component id="oc-4bd">
         <name>.text</name>
         <load_address>0x4108</load_address>
         <run_address>0x4108</run_address>
         <size>0x96</size>
         <input_file_ref idref="fl-e5"/>
      </object_component>
      <object_component id="oc-13d">
         <name>.text:UART_initModule</name>
         <load_address>0x41a0</load_address>
         <run_address>0x41a0</run_address>
         <size>0x94</size>
         <input_file_ref idref="fl-100"/>
      </object_component>
      <object_component id="oc-44b">
         <name>.text:__aeabi_cdcmple</name>
         <load_address>0x4234</load_address>
         <run_address>0x4234</run_address>
         <size>0x86</size>
         <input_file_ref idref="fl-d5"/>
      </object_component>
      <object_component id="oc-4c9">
         <name>.text:__aeabi_cdrcmple</name>
         <load_address>0x42ba</load_address>
         <run_address>0x42ba</run_address>
         <size>0x86</size>
         <input_file_ref idref="fl-d5"/>
      </object_component>
      <object_component id="oc-3cd">
         <name>.text:PCM_gotoLPM3</name>
         <load_address>0x4340</load_address>
         <run_address>0x4340</run_address>
         <size>0x7c</size>
         <input_file_ref idref="fl-fd"/>
      </object_component>
      <object_component id="oc-ab">
         <name>.text</name>
         <load_address>0x43bc</load_address>
         <run_address>0x43bc</run_address>
         <size>0x7a</size>
         <input_file_ref idref="fl-e2"/>
      </object_component>
      <object_component id="oc-3f8">
         <name>.text:_CSGetHFXTFrequency</name>
         <load_address>0x4438</load_address>
         <run_address>0x4438</run_address>
         <size>0x70</size>
         <input_file_ref idref="fl-f8"/>
      </object_component>
      <object_component id="oc-4e4">
         <name>.text:_mcpy</name>
         <load_address>0x44a8</load_address>
         <run_address>0x44a8</run_address>
         <size>0x6e</size>
         <input_file_ref idref="fl-e1"/>
      </object_component>
      <object_component id="oc-17">
         <name>.text:decompress:lzss:__TI_decompress_lzss</name>
         <load_address>0x4516</load_address>
         <run_address>0x4516</run_address>
         <size>0x68</size>
         <input_file_ref idref="fl-df"/>
      </object_component>
      <object_component id="oc-14f">
         <name>.text:Interrupt_enableInterrupt</name>
         <load_address>0x4580</load_address>
         <run_address>0x4580</run_address>
         <size>0x64</size>
         <input_file_ref idref="fl-fc"/>
      </object_component>
      <object_component id="oc-4f9">
         <name>.text:frexp</name>
         <load_address>0x45e4</load_address>
         <run_address>0x45e4</run_address>
         <size>0x64</size>
         <input_file_ref idref="fl-f3"/>
      </object_component>
      <object_component id="oc-456">
         <name>.text:_pconv_f</name>
         <load_address>0x4648</load_address>
         <run_address>0x4648</run_address>
         <size>0x56</size>
         <input_file_ref idref="fl-e1"/>
      </object_component>
      <object_component id="oc-4ce">
         <name>.text:__TI_ltoa</name>
         <load_address>0x469e</load_address>
         <run_address>0x469e</run_address>
         <size>0x54</size>
         <input_file_ref idref="fl-eb"/>
      </object_component>
      <object_component id="oc-4de">
         <name>.text:_ecpy</name>
         <load_address>0x46f2</load_address>
         <run_address>0x46f2</run_address>
         <size>0x52</size>
         <input_file_ref idref="fl-e1"/>
      </object_component>
      <object_component id="oc-3d9">
         <name>.text:PCM_shutdownDevice</name>
         <load_address>0x4744</load_address>
         <run_address>0x4744</run_address>
         <size>0x50</size>
         <input_file_ref idref="fl-fd"/>
      </object_component>
      <object_component id="oc-15b">
         <name>.text:GPIO_setAsPeripheralModuleFunctionOutputPin</name>
         <load_address>0x4794</load_address>
         <run_address>0x4794</run_address>
         <size>0x4c</size>
         <input_file_ref idref="fl-fb"/>
      </object_component>
      <object_component id="oc-43f">
         <name>.text:atoi</name>
         <load_address>0x47e0</load_address>
         <run_address>0x47e0</run_address>
         <size>0x4c</size>
         <input_file_ref idref="fl-ed"/>
      </object_component>
      <object_component id="oc-137">
         <name>.text:GPIO_setAsPeripheralModuleFunctionInputPin</name>
         <load_address>0x482c</load_address>
         <run_address>0x482c</run_address>
         <size>0x48</size>
         <input_file_ref idref="fl-fb"/>
      </object_component>
      <object_component id="oc-da">
         <name>.text</name>
         <load_address>0x4874</load_address>
         <run_address>0x4874</run_address>
         <size>0x48</size>
         <input_file_ref idref="fl-d7"/>
      </object_component>
      <object_component id="oc-1f1">
         <name>.text:__TI_auto_init_nobinit_nopinit:__TI_auto_init_nobinit_nopinit</name>
         <load_address>0x48bc</load_address>
         <run_address>0x48bc</run_address>
         <size>0x44</size>
         <input_file_ref idref="fl-e6"/>
      </object_component>
      <object_component id="oc-2be">
         <name>.text:sprintf</name>
         <load_address>0x4900</load_address>
         <run_address>0x4900</run_address>
         <size>0x40</size>
         <input_file_ref idref="fl-d4"/>
      </object_component>
      <object_component id="oc-4f1">
         <name>.text:_fcpy</name>
         <load_address>0x4940</load_address>
         <run_address>0x4940</run_address>
         <size>0x3e</size>
         <input_file_ref idref="fl-e1"/>
      </object_component>
      <object_component id="oc-2b9">
         <name>.text</name>
         <load_address>0x497e</load_address>
         <run_address>0x497e</run_address>
         <size>0x38</size>
         <input_file_ref idref="fl-d9"/>
      </object_component>
      <object_component id="oc-55">
         <name>.text:_c_int00_noargs:_c_int00_noargs</name>
         <load_address>0x49b8</load_address>
         <run_address>0x49b8</run_address>
         <size>0x34</size>
         <input_file_ref idref="fl-e0"/>
      </object_component>
      <object_component id="oc-eb">
         <name>.text:GPIO_getEnabledInterruptStatus</name>
         <load_address>0x49ec</load_address>
         <run_address>0x49ec</run_address>
         <size>0x30</size>
         <input_file_ref idref="fl-fb"/>
      </object_component>
      <object_component id="oc-278">
         <name>.text:GPIO_setAsInputPinWithPullUpResistor</name>
         <load_address>0x4a1c</load_address>
         <run_address>0x4a1c</run_address>
         <size>0x30</size>
         <input_file_ref idref="fl-fb"/>
      </object_component>
      <object_component id="oc-17f">
         <name>.text:UART_getEnabledInterruptStatus</name>
         <load_address>0x4a4c</load_address>
         <run_address>0x4a4c</run_address>
         <size>0x30</size>
         <input_file_ref idref="fl-100"/>
      </object_component>
      <object_component id="oc-4d4">
         <name>.text</name>
         <load_address>0x4a7c</load_address>
         <run_address>0x4a7c</run_address>
         <size>0x2e</size>
         <input_file_ref idref="fl-da"/>
      </object_component>
      <object_component id="oc-260">
         <name>.text:GPIO_setAsInputPin</name>
         <load_address>0x4aac</load_address>
         <run_address>0x4aac</run_address>
         <size>0x2c</size>
         <input_file_ref idref="fl-fb"/>
      </object_component>
      <object_component id="oc-3ae">
         <name>.text:PCM_getCoreVoltageLevel</name>
         <load_address>0x4ad8</load_address>
         <run_address>0x4ad8</run_address>
         <size>0x2c</size>
         <input_file_ref idref="fl-fd"/>
      </object_component>
      <object_component id="oc-3a8">
         <name>.text:PCM_getPowerMode</name>
         <load_address>0x4b04</load_address>
         <run_address>0x4b04</run_address>
         <size>0x2a</size>
         <input_file_ref idref="fl-fd"/>
      </object_component>
      <object_component id="oc-125">
         <name>.text:FlashCtl_setWaitState</name>
         <load_address>0x4b30</load_address>
         <run_address>0x4b30</run_address>
         <size>0x28</size>
         <input_file_ref idref="fl-f9"/>
      </object_component>
      <object_component id="oc-3e5">
         <name>.text:PCM_gotoLPM0</name>
         <load_address>0x4b58</load_address>
         <run_address>0x4b58</run_address>
         <size>0x28</size>
         <input_file_ref idref="fl-fd"/>
      </object_component>
      <object_component id="oc-131">
         <name>.text:CS_setDCOCenteredFrequency</name>
         <load_address>0x4b80</load_address>
         <run_address>0x4b80</run_address>
         <size>0x24</size>
         <input_file_ref idref="fl-f8"/>
      </object_component>
      <object_component id="oc-24e">
         <name>.text:GPIO_setAsOutputPin</name>
         <load_address>0x4ba4</load_address>
         <run_address>0x4ba4</run_address>
         <size>0x24</size>
         <input_file_ref idref="fl-fb"/>
      </object_component>
      <object_component id="oc-106">
         <name>.text:Interrupt_setPriority</name>
         <load_address>0x4bc8</load_address>
         <run_address>0x4bc8</run_address>
         <size>0x24</size>
         <input_file_ref idref="fl-fc"/>
      </object_component>
      <object_component id="oc-497">
         <name>.text:RTC_C_holdClock</name>
         <load_address>0x4bec</load_address>
         <run_address>0x4bec</run_address>
         <size>0x24</size>
         <input_file_ref idref="fl-fe"/>
      </object_component>
      <object_component id="oc-1a4">
         <name>.text:UART_disableInterrupt</name>
         <load_address>0x4c10</load_address>
         <run_address>0x4c10</run_address>
         <size>0x24</size>
         <input_file_ref idref="fl-100"/>
      </object_component>
      <object_component id="oc-18b">
         <name>.text:UART_receiveData</name>
         <load_address>0x4c34</load_address>
         <run_address>0x4c34</run_address>
         <size>0x24</size>
         <input_file_ref idref="fl-100"/>
      </object_component>
      <object_component id="oc-179">
         <name>.text:UART_transmitData</name>
         <load_address>0x4c58</load_address>
         <run_address>0x4c58</run_address>
         <size>0x24</size>
         <input_file_ref idref="fl-100"/>
      </object_component>
      <object_component id="oc-d0">
         <name>.text</name>
         <load_address>0x4c7c</load_address>
         <run_address>0x4c7c</run_address>
         <size>0x20</size>
         <input_file_ref idref="fl-dc"/>
      </object_component>
      <object_component id="oc-43">
         <name>.text:decompress:ZI:__TI_zero_init_nomemset:__TI_zero_init_nomemset</name>
         <load_address>0x4c9c</load_address>
         <run_address>0x4c9c</run_address>
         <size>0x1c</size>
         <input_file_ref idref="fl-dd"/>
      </object_component>
      <object_component id="oc-468">
         <name>.text:memccpy</name>
         <load_address>0x4cb8</load_address>
         <run_address>0x4cb8</run_address>
         <size>0x1c</size>
         <input_file_ref idref="fl-ef"/>
      </object_component>
      <object_component id="oc-54b">
         <name>.text:copysign</name>
         <load_address>0x4cd4</load_address>
         <run_address>0x4cd4</run_address>
         <size>0x1a</size>
         <input_file_ref idref="fl-f7"/>
      </object_component>
      <object_component id="oc-f1">
         <name>.text:GPIO_clearInterruptFlag</name>
         <load_address>0x4cf0</load_address>
         <run_address>0x4cf0</run_address>
         <size>0x18</size>
         <input_file_ref idref="fl-fb"/>
      </object_component>
      <object_component id="oc-266">
         <name>.text:GPIO_getInputPinValue</name>
         <load_address>0x4d08</load_address>
         <run_address>0x4d08</run_address>
         <size>0x18</size>
         <input_file_ref idref="fl-fb"/>
      </object_component>
      <object_component id="oc-25a">
         <name>.text:GPIO_setOutputLowOnPin</name>
         <load_address>0x4d20</load_address>
         <run_address>0x4d20</run_address>
         <size>0x18</size>
         <input_file_ref idref="fl-fb"/>
      </object_component>
      <object_component id="oc-272">
         <name>.text:WDT_A_holdTimer</name>
         <load_address>0x4d38</load_address>
         <run_address>0x4d38</run_address>
         <size>0x18</size>
         <input_file_ref idref="fl-101"/>
      </object_component>
      <object_component id="oc-388">
         <name>.text:_outs</name>
         <load_address>0x4d50</load_address>
         <run_address>0x4d50</run_address>
         <size>0x18</size>
         <input_file_ref idref="fl-d4"/>
      </object_component>
      <object_component id="oc-149">
         <name>.text:UART_enableInterrupt</name>
         <load_address>0x4d68</load_address>
         <run_address>0x4d68</run_address>
         <size>0x16</size>
         <input_file_ref idref="fl-100"/>
      </object_component>
      <object_component id="oc-505">
         <name>.text:strchr</name>
         <load_address>0x4d7e</load_address>
         <run_address>0x4d7e</run_address>
         <size>0x16</size>
         <input_file_ref idref="fl-f0"/>
      </object_component>
      <object_component id="oc-161">
         <name>.text:CS_setExternalClockSourceFrequency</name>
         <load_address>0x4d94</load_address>
         <run_address>0x4d94</run_address>
         <size>0x14</size>
         <input_file_ref idref="fl-f8"/>
      </object_component>
      <object_component id="oc-155">
         <name>.text:FPU_enableModule</name>
         <load_address>0x4da8</load_address>
         <run_address>0x4da8</run_address>
         <size>0x14</size>
         <input_file_ref idref="fl-fa"/>
      </object_component>
      <object_component id="oc-27e">
         <name>.text:GPIO_enableInterrupt</name>
         <load_address>0x4dbc</load_address>
         <run_address>0x4dbc</run_address>
         <size>0x14</size>
         <input_file_ref idref="fl-fb"/>
      </object_component>
      <object_component id="oc-254">
         <name>.text:GPIO_setOutputHighOnPin</name>
         <load_address>0x4dd0</load_address>
         <run_address>0x4dd0</run_address>
         <size>0x14</size>
         <input_file_ref idref="fl-fb"/>
      </object_component>
      <object_component id="oc-26c">
         <name>.text:GPIO_toggleOutputOnPin</name>
         <load_address>0x4de4</load_address>
         <run_address>0x4de4</run_address>
         <size>0x14</size>
         <input_file_ref idref="fl-fb"/>
      </object_component>
      <object_component id="oc-284">
         <name>.text:SysCtl_enableSRAMBankRetention</name>
         <load_address>0x4df8</load_address>
         <run_address>0x4df8</run_address>
         <size>0x14</size>
         <input_file_ref idref="fl-ff"/>
      </object_component>
      <object_component id="oc-439">
         <name>.text:strlen</name>
         <load_address>0x4e0c</load_address>
         <run_address>0x4e0c</run_address>
         <size>0x14</size>
         <input_file_ref idref="fl-f1"/>
      </object_component>
      <object_component id="oc-b7">
         <name>.text</name>
         <load_address>0x4e20</load_address>
         <run_address>0x4e20</run_address>
         <size>0x12</size>
         <input_file_ref idref="fl-2"/>
      </object_component>
      <object_component id="oc-46e">
         <name>.text:wcslen</name>
         <load_address>0x4e32</load_address>
         <run_address>0x4e32</run_address>
         <size>0x12</size>
         <input_file_ref idref="fl-f5"/>
      </object_component>
      <object_component id="oc-23d">
         <name>.text:GPIO_getInterruptStatus</name>
         <load_address>0x4e44</load_address>
         <run_address>0x4e44</run_address>
         <size>0x10</size>
         <input_file_ref idref="fl-fb"/>
      </object_component>
      <object_component id="oc-28a">
         <name>.text:Interrupt_enableMaster</name>
         <load_address>0x4e54</load_address>
         <run_address>0x4e54</run_address>
         <size>0x10</size>
         <input_file_ref idref="fl-fc"/>
      </object_component>
      <object_component id="oc-3d3">
         <name>.text:PCM_gotoLPM4</name>
         <load_address>0x4e64</load_address>
         <run_address>0x4e64</run_address>
         <size>0x10</size>
         <input_file_ref idref="fl-fd"/>
      </object_component>
      <object_component id="oc-3f2">
         <name>.text:SysCtl_disableNMISource</name>
         <load_address>0x4e74</load_address>
         <run_address>0x4e74</run_address>
         <size>0x10</size>
         <input_file_ref idref="fl-ff"/>
      </object_component>
      <object_component id="oc-3fe">
         <name>.text:SysCtl_enableNMISource</name>
         <load_address>0x4e84</load_address>
         <run_address>0x4e84</run_address>
         <size>0x10</size>
         <input_file_ref idref="fl-ff"/>
      </object_component>
      <object_component id="oc-185">
         <name>.text:UART_clearInterruptFlag</name>
         <load_address>0x4e94</load_address>
         <run_address>0x4e94</run_address>
         <size>0xe</size>
         <input_file_ref idref="fl-100"/>
      </object_component>
      <object_component id="oc-1d">
         <name>.text:decompress:none:__TI_decompress_none</name>
         <load_address>0x4ea2</load_address>
         <run_address>0x4ea2</run_address>
         <size>0xe</size>
         <input_file_ref idref="fl-de"/>
      </object_component>
      <object_component id="oc-67">
         <name>.text</name>
         <load_address>0x4eb0</load_address>
         <run_address>0x4eb0</run_address>
         <size>0xe</size>
         <input_file_ref idref="fl-18"/>
      </object_component>
      <object_component id="oc-367">
         <name>.text:CPU_cpsie</name>
         <load_address>0x4ebe</load_address>
         <run_address>0x4ebe</run_address>
         <size>0xc</size>
         <input_file_ref idref="fl-102"/>
      </object_component>
      <object_component id="oc-3b4">
         <name>.text:PCM_getPowerState</name>
         <load_address>0x4ecc</load_address>
         <run_address>0x4ecc</run_address>
         <size>0xc</size>
         <input_file_ref idref="fl-fd"/>
      </object_component>
      <object_component id="oc-3ec">
         <name>.text:SysCtl_getNMISourceStatus</name>
         <load_address>0x4ed8</load_address>
         <run_address>0x4ed8</run_address>
         <size>0xc</size>
         <input_file_ref idref="fl-ff"/>
      </object_component>
      <object_component id="oc-143">
         <name>.text:UART_enableModule</name>
         <load_address>0x4ee4</load_address>
         <run_address>0x4ee4</run_address>
         <size>0xc</size>
         <input_file_ref idref="fl-100"/>
      </object_component>
      <object_component id="oc-38e">
         <name>.text:_outc</name>
         <load_address>0x4ef0</load_address>
         <run_address>0x4ef0</run_address>
         <size>0xa</size>
         <input_file_ref idref="fl-d4"/>
      </object_component>
      <object_component id="oc-12b">
         <name>.text:PCM_setCoreVoltageLevel</name>
         <load_address>0x4efa</load_address>
         <run_address>0x4efa</run_address>
         <size>0x8</size>
         <input_file_ref idref="fl-fd"/>
      </object_component>
      <object_component id="oc-3ba">
         <name>.text:PCM_setPowerMode</name>
         <load_address>0x4f02</load_address>
         <run_address>0x4f02</run_address>
         <size>0x8</size>
         <input_file_ref idref="fl-fd"/>
      </object_component>
      <object_component id="oc-167">
         <name>.text:PCM_setPowerState</name>
         <load_address>0x4f0a</load_address>
         <run_address>0x4f0a</run_address>
         <size>0x8</size>
         <input_file_ref idref="fl-fd"/>
      </object_component>
      <object_component id="oc-474">
         <name>.text:__aeabi_errno_addr</name>
         <load_address>0x4f14</load_address>
         <run_address>0x4f14</run_address>
         <size>0x8</size>
         <input_file_ref idref="fl-f2"/>
      </object_component>
      <object_component id="oc-16d">
         <name>.text:CS_startHFXT</name>
         <load_address>0x4f1c</load_address>
         <run_address>0x4f1c</run_address>
         <size>0x6</size>
         <input_file_ref idref="fl-f8"/>
      </object_component>
      <object_component id="oc-2fc">
         <name>.text:UART_getInterruptStatus</name>
         <load_address>0x4f22</load_address>
         <run_address>0x4f22</run_address>
         <size>0x6</size>
         <input_file_ref idref="fl-100"/>
      </object_component>
      <object_component id="oc-490">
         <name>.text:CPU_wfi</name>
         <load_address>0x4f28</load_address>
         <run_address>0x4f28</run_address>
         <size>0x4</size>
         <input_file_ref idref="fl-102"/>
      </object_component>
      <object_component id="oc-b1">
         <name>.text:_system_pre_init</name>
         <load_address>0x4f2c</load_address>
         <run_address>0x4f2c</run_address>
         <size>0x4</size>
         <input_file_ref idref="fl-e7"/>
      </object_component>
      <object_component id="oc-1e5">
         <name>.text:abort:abort</name>
         <load_address>0x4f30</load_address>
         <run_address>0x4f30</run_address>
         <size>0x4</size>
         <input_file_ref idref="fl-e9"/>
      </object_component>
      <object_component id="oc-2c4">
         <name>.const:F6x8</name>
         <load_address>0x4f34</load_address>
         <run_address>0x4f34</run_address>
         <size>0x228</size>
         <input_file_ref idref="fl-16"/>
      </object_component>
      <object_component id="oc-2c8">
         <name>.const:Hzk</name>
         <load_address>0x515c</load_address>
         <run_address>0x515c</run_address>
         <size>0x1c0</size>
         <input_file_ref idref="fl-16"/>
      </object_component>
      <object_component id="oc-4b8">
         <name>.const:.string:_ctypes_</name>
         <load_address>0x531c</load_address>
         <run_address>0x531c</run_address>
         <size>0x101</size>
         <input_file_ref idref="fl-ee"/>
      </object_component>
      <object_component id="oc-2a4">
         <name>.const:g_pulRegs</name>
         <load_address>0x5420</load_address>
         <run_address>0x5420</run_address>
         <size>0x50</size>
         <input_file_ref idref="fl-fc"/>
      </object_component>
      <object_component id="oc-2e3">
         <name>.const</name>
         <load_address>0x5470</load_address>
         <run_address>0x5470</run_address>
         <size>0x40</size>
         <input_file_ref idref="fl-fc"/>
      </object_component>
      <object_component id="oc-191">
         <name>.const:UART0</name>
         <load_address>0x54b0</load_address>
         <run_address>0x54b0</run_address>
         <size>0x24</size>
         <input_file_ref idref="fl-15"/>
      </object_component>
      <object_component id="oc-194">
         <name>.const:UART2</name>
         <load_address>0x54d4</load_address>
         <run_address>0x54d4</run_address>
         <size>0x24</size>
         <input_file_ref idref="fl-15"/>
      </object_component>
      <object_component id="oc-197">
         <name>.const:UART3</name>
         <load_address>0x54f8</load_address>
         <run_address>0x54f8</run_address>
         <size>0x24</size>
         <input_file_ref idref="fl-15"/>
      </object_component>
      <object_component id="oc-1aa">
         <name>.const:UART3_SET</name>
         <load_address>0x551c</load_address>
         <run_address>0x551c</run_address>
         <size>0x24</size>
         <input_file_ref idref="fl-4"/>
      </object_component>
      <object_component id="oc-5a9">
         <name>.cinit..data.load</name>
         <load_address>0x5540</load_address>
         <run_address>0x5540</run_address>
         <size>0x4c</size>
      </object_component>
      <object_component id="oc-5a7">
         <name>__TI_handler_table</name>
         <load_address>0x558c</load_address>
         <run_address>0x558c</run_address>
         <size>0xc</size>
      </object_component>
      <object_component id="oc-5aa">
         <name>.cinit..bss.load</name>
         <load_address>0x5598</load_address>
         <run_address>0x5598</run_address>
         <size>0x8</size>
      </object_component>
      <object_component id="oc-5a8">
         <name>__TI_cinit_table</name>
         <load_address>0x55a0</load_address>
         <run_address>0x55a0</run_address>
         <size>0x10</size>
      </object_component>
      <object_component id="oc-57b">
         <name>.binit</name>
         <load_address>0x0</load_address>
         <run_address>0x0</run_address>
         <size>0x0</size>
      </object_component>
      <object_component id="oc-1b0">
         <name>.data</name>
         <load_address>0x20002aa0</load_address>
         <run_address>0x20002aa0</run_address>
         <size>0x8</size>
         <input_file_ref idref="fl-4"/>
      </object_component>
      <object_component id="oc-1ad">
         <name>.data:ADS_RCV_DATA</name>
         <load_address>0x20002a94</load_address>
         <run_address>0x20002a94</run_address>
         <size>0xa</size>
         <input_file_ref idref="fl-4"/>
      </object_component>
      <object_component id="oc-2b6">
         <name>.data:Oscill_data_buff</name>
         <load_address>0x20002800</load_address>
         <run_address>0x20002800</run_address>
         <size>0x200</size>
         <input_file_ref idref="fl-7"/>
      </object_component>
      <object_component id="oc-1b4">
         <name>.data</name>
         <load_address>0x20002a78</load_address>
         <run_address>0x20002a78</run_address>
         <size>0x1c</size>
         <input_file_ref idref="fl-8"/>
      </object_component>
      <object_component id="oc-100">
         <name>.data</name>
         <load_address>0x20002a58</load_address>
         <run_address>0x20002a58</run_address>
         <size>0x20</size>
         <input_file_ref idref="fl-c"/>
      </object_component>
      <object_component id="oc-11c">
         <name>.data:timerAcaptureValues</name>
         <load_address>0x20002a30</load_address>
         <run_address>0x20002a30</run_address>
         <size>0x28</size>
         <input_file_ref idref="fl-d"/>
      </object_component>
      <object_component id="oc-119">
         <name>.data</name>
         <load_address>0x20002aa8</load_address>
         <run_address>0x20002aa8</run_address>
         <size>0x8</size>
         <input_file_ref idref="fl-d"/>
      </object_component>
      <object_component id="oc-40a">
         <name>.data</name>
         <load_address>0x20002ac0</load_address>
         <run_address>0x20002ac0</run_address>
         <size>0x4</size>
         <input_file_ref idref="fl-12"/>
      </object_component>
      <object_component id="oc-e0">
         <name>.data</name>
         <load_address>0x20002ab0</load_address>
         <run_address>0x20002ab0</run_address>
         <size>0x8</size>
         <input_file_ref idref="fl-14"/>
      </object_component>
      <object_component id="oc-19a">
         <name>.data</name>
         <load_address>0x20002acc</load_address>
         <run_address>0x20002acc</run_address>
         <size>0x3</size>
         <input_file_ref idref="fl-15"/>
      </object_component>
      <object_component id="oc-2aa">
         <name>.data:screen_buf</name>
         <load_address>0x20000000</load_address>
         <run_address>0x20000000</run_address>
         <size>0x2000</size>
         <input_file_ref idref="fl-16"/>
      </object_component>
      <object_component id="oc-2ad">
         <name>.data:bmp</name>
         <load_address>0x20002400</load_address>
         <run_address>0x20002400</run_address>
         <size>0x400</size>
         <input_file_ref idref="fl-16"/>
      </object_component>
      <object_component id="oc-2b0">
         <name>.data:bmp2</name>
         <load_address>0x20002000</load_address>
         <run_address>0x20002000</run_address>
         <size>0x400</size>
         <input_file_ref idref="fl-16"/>
      </object_component>
      <object_component id="oc-2c7">
         <name>.data:tmp$2</name>
         <load_address>0x20002ab8</load_address>
         <run_address>0x20002ab8</run_address>
         <size>0x8</size>
         <input_file_ref idref="fl-16"/>
      </object_component>
      <object_component id="oc-223">
         <name>.data</name>
         <load_address>0x20002ac8</load_address>
         <run_address>0x20002ac8</run_address>
         <size>0x4</size>
         <input_file_ref idref="fl-19"/>
      </object_component>
      <object_component id="oc-515">
         <name>.data</name>
         <load_address>0x20002ac4</load_address>
         <run_address>0x20002ac4</run_address>
         <size>0x4</size>
         <input_file_ref idref="fl-f2"/>
      </object_component>
      <object_component id="oc-243">
         <name>.data:GPIO_PORT_TO_BASE</name>
         <load_address>0x20002a00</load_address>
         <run_address>0x20002a00</run_address>
         <size>0x30</size>
         <input_file_ref idref="fl-fb"/>
      </object_component>
      <object_component id="oc-1ba">
         <name>.bss</name>
         <uninitialized>true</uninitialized>
         <run_address>0x20002b58</run_address>
         <size>0x1</size>
         <input_file_ref idref="fl-8"/>
      </object_component>
      <object_component id="oc-df">
         <name>.bss</name>
         <uninitialized>true</uninitialized>
         <run_address>0x20002b48</run_address>
         <size>0x4</size>
         <input_file_ref idref="fl-14"/>
      </object_component>
      <object_component id="oc-2a9">
         <name>.bss</name>
         <uninitialized>true</uninitialized>
         <run_address>0x20002b59</run_address>
         <size>0x1</size>
         <input_file_ref idref="fl-16"/>
      </object_component>
      <object_component id="oc-2b3">
         <name>.common:oscill1</name>
         <uninitialized>true</uninitialized>
         <run_address>0x20002ad0</run_address>
         <size>0x18</size>
      </object_component>
      <object_component id="oc-1b7">
         <name>.common:A0results</name>
         <uninitialized>true</uninitialized>
         <run_address>0x20002ae8</run_address>
         <size>0x10</size>
      </object_component>
      <object_component id="oc-1bd">
         <name>.common:A1results</name>
         <uninitialized>true</uninitialized>
         <run_address>0x20002af8</run_address>
         <size>0x10</size>
      </object_component>
      <object_component id="oc-1be">
         <name>.common:A2results</name>
         <uninitialized>true</uninitialized>
         <run_address>0x20002b08</run_address>
         <size>0x10</size>
      </object_component>
      <object_component id="oc-1bf">
         <name>.common:A3results</name>
         <uninitialized>true</uninitialized>
         <run_address>0x20002b18</run_address>
         <size>0x10</size>
      </object_component>
      <object_component id="oc-1c0">
         <name>.common:ad_get</name>
         <uninitialized>true</uninitialized>
         <run_address>0x20002b4c</run_address>
         <size>0x4</size>
      </object_component>
      <object_component id="oc-fd">
         <name>.common:encoder_A</name>
         <uninitialized>true</uninitialized>
         <run_address>0x20002b28</run_address>
         <size>0x8</size>
      </object_component>
      <object_component id="oc-112">
         <name>.common:encoder_B</name>
         <uninitialized>true</uninitialized>
         <run_address>0x20002b30</run_address>
         <size>0x8</size>
      </object_component>
      <object_component id="oc-104">
         <name>.common:encoder_C</name>
         <uninitialized>true</uninitialized>
         <run_address>0x20002b38</run_address>
         <size>0x8</size>
      </object_component>
      <object_component id="oc-103">
         <name>.common:encoder_D</name>
         <uninitialized>true</uninitialized>
         <run_address>0x20002b40</run_address>
         <size>0x8</size>
      </object_component>
      <object_component id="oc-2ea">
         <name>.common:hfxtFreq</name>
         <uninitialized>true</uninitialized>
         <run_address>0x20002b50</run_address>
         <size>0x4</size>
      </object_component>
      <object_component id="oc-2e9">
         <name>.common:lfxtFreq</name>
         <uninitialized>true</uninitialized>
         <run_address>0x20002b54</run_address>
         <size>0x4</size>
      </object_component>
      <object_component id="oc-29">
         <name>.stack</name>
         <uninitialized>true</uninitialized>
         <run_address>0x2000fe00</run_address>
         <size>0x4</size>
         <input_file_ref idref="fl-e0"/>
      </object_component>
      <object_component id="oc-5ac">
         <name>.stack</name>
         <uninitialized>true</uninitialized>
         <run_address>0x2000fe00</run_address>
         <size>0x0</size>
      </object_component>
      <object_component id="oc-322">
         <name>.debug_info</name>
         <load_address>0x0</load_address>
         <run_address>0x0</run_address>
         <size>0x5df</size>
         <input_file_ref idref="fl-2"/>
      </object_component>
      <object_component id="oc-b8">
         <name>.debug_info</name>
         <load_address>0x5df</load_address>
         <run_address>0x5df</run_address>
         <size>0x143</size>
         <input_file_ref idref="fl-2"/>
      </object_component>
      <object_component id="oc-296">
         <name>.debug_info</name>
         <load_address>0x722</load_address>
         <run_address>0x722</run_address>
         <size>0x71</size>
         <input_file_ref idref="fl-2"/>
      </object_component>
      <object_component id="oc-40e">
         <name>.debug_info</name>
         <load_address>0x793</load_address>
         <run_address>0x793</run_address>
         <size>0x6c</size>
         <input_file_ref idref="fl-2"/>
      </object_component>
      <object_component id="oc-29d">
         <name>.debug_info</name>
         <load_address>0x7ff</load_address>
         <run_address>0x7ff</run_address>
         <size>0x5a</size>
         <input_file_ref idref="fl-2"/>
      </object_component>
      <object_component id="oc-1c2">
         <name>.debug_info</name>
         <load_address>0x859</load_address>
         <run_address>0x859</run_address>
         <size>0x5a</size>
         <input_file_ref idref="fl-2"/>
      </object_component>
      <object_component id="oc-32a">
         <name>.debug_info</name>
         <load_address>0x8b3</load_address>
         <run_address>0x8b3</run_address>
         <size>0xfd</size>
         <input_file_ref idref="fl-2"/>
      </object_component>
      <object_component id="oc-120">
         <name>.debug_info</name>
         <load_address>0x9b0</load_address>
         <run_address>0x9b0</run_address>
         <size>0x99</size>
         <input_file_ref idref="fl-2"/>
      </object_component>
      <object_component id="oc-1c9">
         <name>.debug_info</name>
         <load_address>0xa49</load_address>
         <run_address>0xa49</run_address>
         <size>0x26b</size>
         <input_file_ref idref="fl-2"/>
      </object_component>
      <object_component id="oc-233">
         <name>.debug_info</name>
         <load_address>0xcb4</load_address>
         <run_address>0xcb4</run_address>
         <size>0x1055</size>
         <input_file_ref idref="fl-2"/>
      </object_component>
      <object_component id="oc-22e">
         <name>.debug_info</name>
         <load_address>0x1d09</load_address>
         <run_address>0x1d09</run_address>
         <size>0x37e2</size>
         <input_file_ref idref="fl-2"/>
      </object_component>
      <object_component id="oc-37a">
         <name>.debug_info</name>
         <load_address>0x54eb</load_address>
         <run_address>0x54eb</run_address>
         <size>0xae</size>
         <input_file_ref idref="fl-2"/>
      </object_component>
      <object_component id="oc-32">
         <name>.debug_info</name>
         <load_address>0x5599</load_address>
         <run_address>0x5599</run_address>
         <size>0x84</size>
         <input_file_ref idref="fl-2"/>
      </object_component>
      <object_component id="oc-238">
         <name>.debug_info</name>
         <load_address>0x561d</load_address>
         <run_address>0x561d</run_address>
         <size>0x2a4</size>
         <input_file_ref idref="fl-2"/>
      </object_component>
      <object_component id="oc-291">
         <name>.debug_info</name>
         <load_address>0x58c1</load_address>
         <run_address>0x58c1</run_address>
         <size>0xef</size>
         <input_file_ref idref="fl-2"/>
      </object_component>
      <object_component id="oc-e6">
         <name>.debug_info</name>
         <load_address>0x59b0</load_address>
         <run_address>0x59b0</run_address>
         <size>0xbb</size>
         <input_file_ref idref="fl-2"/>
      </object_component>
      <object_component id="oc-396">
         <name>.debug_info</name>
         <load_address>0x5a6b</load_address>
         <run_address>0x5a6b</run_address>
         <size>0x2c</size>
         <input_file_ref idref="fl-2"/>
      </object_component>
      <object_component id="oc-30f">
         <name>.debug_info</name>
         <load_address>0x5a97</load_address>
         <run_address>0x5a97</run_address>
         <size>0xee</size>
         <input_file_ref idref="fl-2"/>
      </object_component>
      <object_component id="oc-317">
         <name>.debug_info</name>
         <load_address>0x5b85</load_address>
         <run_address>0x5b85</run_address>
         <size>0x8a9</size>
         <input_file_ref idref="fl-4"/>
      </object_component>
      <object_component id="oc-1b1">
         <name>.debug_info</name>
         <load_address>0x642e</load_address>
         <run_address>0x642e</run_address>
         <size>0x13b</size>
         <input_file_ref idref="fl-4"/>
      </object_component>
      <object_component id="oc-1ae">
         <name>.debug_info</name>
         <load_address>0x6569</load_address>
         <run_address>0x6569</run_address>
         <size>0xf3</size>
         <input_file_ref idref="fl-4"/>
      </object_component>
      <object_component id="oc-1ab">
         <name>.debug_info</name>
         <load_address>0x665c</load_address>
         <run_address>0x665c</run_address>
         <size>0xed</size>
         <input_file_ref idref="fl-4"/>
      </object_component>
      <object_component id="oc-89">
         <name>.debug_info</name>
         <load_address>0x6749</load_address>
         <run_address>0x6749</run_address>
         <size>0x4ba</size>
         <input_file_ref idref="fl-4"/>
      </object_component>
      <object_component id="oc-19f">
         <name>.debug_info</name>
         <load_address>0x6c03</load_address>
         <run_address>0x6c03</run_address>
         <size>0x8b</size>
         <input_file_ref idref="fl-4"/>
      </object_component>
      <object_component id="oc-2b4">
         <name>.debug_info</name>
         <load_address>0x6c8e</load_address>
         <run_address>0x6c8e</run_address>
         <size>0x6a5</size>
         <input_file_ref idref="fl-7"/>
      </object_component>
      <object_component id="oc-2b7">
         <name>.debug_info</name>
         <load_address>0x7333</load_address>
         <run_address>0x7333</run_address>
         <size>0xff</size>
         <input_file_ref idref="fl-7"/>
      </object_component>
      <object_component id="oc-1b8">
         <name>.debug_info</name>
         <load_address>0x7432</load_address>
         <run_address>0x7432</run_address>
         <size>0x6f2</size>
         <input_file_ref idref="fl-8"/>
      </object_component>
      <object_component id="oc-1b5">
         <name>.debug_info</name>
         <load_address>0x7b24</load_address>
         <run_address>0x7b24</run_address>
         <size>0x1b5</size>
         <input_file_ref idref="fl-8"/>
      </object_component>
      <object_component id="oc-1bb">
         <name>.debug_info</name>
         <load_address>0x7cd9</load_address>
         <run_address>0x7cd9</run_address>
         <size>0xe4</size>
         <input_file_ref idref="fl-8"/>
      </object_component>
      <object_component id="oc-8c">
         <name>.debug_info</name>
         <load_address>0x7dbd</load_address>
         <run_address>0x7dbd</run_address>
         <size>0x47e</size>
         <input_file_ref idref="fl-8"/>
      </object_component>
      <object_component id="oc-114">
         <name>.debug_info</name>
         <load_address>0x823b</load_address>
         <run_address>0x823b</run_address>
         <size>0x173</size>
         <input_file_ref idref="fl-b"/>
      </object_component>
      <object_component id="oc-101">
         <name>.debug_info</name>
         <load_address>0x83ae</load_address>
         <run_address>0x83ae</run_address>
         <size>0x228</size>
         <input_file_ref idref="fl-c"/>
      </object_component>
      <object_component id="oc-fe">
         <name>.debug_info</name>
         <load_address>0x85d6</load_address>
         <run_address>0x85d6</run_address>
         <size>0x7b7</size>
         <input_file_ref idref="fl-d"/>
      </object_component>
      <object_component id="oc-11d">
         <name>.debug_info</name>
         <load_address>0x8d8d</load_address>
         <run_address>0x8d8d</run_address>
         <size>0x105</size>
         <input_file_ref idref="fl-d"/>
      </object_component>
      <object_component id="oc-11a">
         <name>.debug_info</name>
         <load_address>0x8e92</load_address>
         <run_address>0x8e92</run_address>
         <size>0x130</size>
         <input_file_ref idref="fl-d"/>
      </object_component>
      <object_component id="oc-7b">
         <name>.debug_info</name>
         <load_address>0x8fc2</load_address>
         <run_address>0x8fc2</run_address>
         <size>0x8a5</size>
         <input_file_ref idref="fl-d"/>
      </object_component>
      <object_component id="oc-f9">
         <name>.debug_info</name>
         <load_address>0x9867</load_address>
         <run_address>0x9867</run_address>
         <size>0xa8a</size>
         <input_file_ref idref="fl-e"/>
      </object_component>
      <object_component id="oc-74">
         <name>.debug_info</name>
         <load_address>0xa2f1</load_address>
         <run_address>0xa2f1</run_address>
         <size>0x79b</size>
         <input_file_ref idref="fl-f"/>
      </object_component>
      <object_component id="oc-32f">
         <name>.debug_info</name>
         <load_address>0xaa8c</load_address>
         <run_address>0xaa8c</run_address>
         <size>0x663</size>
         <input_file_ref idref="fl-11"/>
      </object_component>
      <object_component id="oc-1e0">
         <name>.debug_info</name>
         <load_address>0xb0ef</load_address>
         <run_address>0xb0ef</run_address>
         <size>0x6f9</size>
         <input_file_ref idref="fl-11"/>
      </object_component>
      <object_component id="oc-40b">
         <name>.debug_info</name>
         <load_address>0xb7e8</load_address>
         <run_address>0xb7e8</run_address>
         <size>0xe3</size>
         <input_file_ref idref="fl-12"/>
      </object_component>
      <object_component id="oc-325">
         <name>.debug_info</name>
         <load_address>0xb8cb</load_address>
         <run_address>0xb8cb</run_address>
         <size>0x3b6</size>
         <input_file_ref idref="fl-12"/>
      </object_component>
      <object_component id="oc-e4">
         <name>.debug_info</name>
         <load_address>0xbc81</load_address>
         <run_address>0xbc81</run_address>
         <size>0x599</size>
         <input_file_ref idref="fl-14"/>
      </object_component>
      <object_component id="oc-e1">
         <name>.debug_info</name>
         <load_address>0xc21a</load_address>
         <run_address>0xc21a</run_address>
         <size>0x103</size>
         <input_file_ref idref="fl-14"/>
      </object_component>
      <object_component id="oc-6e">
         <name>.debug_info</name>
         <load_address>0xc31d</load_address>
         <run_address>0xc31d</run_address>
         <size>0x79b</size>
         <input_file_ref idref="fl-14"/>
      </object_component>
      <object_component id="oc-19e">
         <name>.debug_info</name>
         <load_address>0xcab8</load_address>
         <run_address>0xcab8</run_address>
         <size>0xa98</size>
         <input_file_ref idref="fl-15"/>
      </object_component>
      <object_component id="oc-19b">
         <name>.debug_info</name>
         <load_address>0xd550</load_address>
         <run_address>0xd550</run_address>
         <size>0x140</size>
         <input_file_ref idref="fl-15"/>
      </object_component>
      <object_component id="oc-192">
         <name>.debug_info</name>
         <load_address>0xd690</load_address>
         <run_address>0xd690</run_address>
         <size>0xe6</size>
         <input_file_ref idref="fl-15"/>
      </object_component>
      <object_component id="oc-195">
         <name>.debug_info</name>
         <load_address>0xd776</load_address>
         <run_address>0xd776</run_address>
         <size>0xe6</size>
         <input_file_ref idref="fl-15"/>
      </object_component>
      <object_component id="oc-198">
         <name>.debug_info</name>
         <load_address>0xd85c</load_address>
         <run_address>0xd85c</run_address>
         <size>0xe6</size>
         <input_file_ref idref="fl-15"/>
      </object_component>
      <object_component id="oc-80">
         <name>.debug_info</name>
         <load_address>0xd942</load_address>
         <run_address>0xd942</run_address>
         <size>0x9fd</size>
         <input_file_ref idref="fl-15"/>
      </object_component>
      <object_component id="oc-2cc">
         <name>.debug_info</name>
         <load_address>0xe33f</load_address>
         <run_address>0xe33f</run_address>
         <size>0x79d</size>
         <input_file_ref idref="fl-16"/>
      </object_component>
      <object_component id="oc-2c5">
         <name>.debug_info</name>
         <load_address>0xeadc</load_address>
         <run_address>0xeadc</run_address>
         <size>0xe0</size>
         <input_file_ref idref="fl-16"/>
      </object_component>
      <object_component id="oc-2c9">
         <name>.debug_info</name>
         <load_address>0xebbc</load_address>
         <run_address>0xebbc</run_address>
         <size>0xde</size>
         <input_file_ref idref="fl-16"/>
      </object_component>
      <object_component id="oc-2ab">
         <name>.debug_info</name>
         <load_address>0xec9a</load_address>
         <run_address>0xec9a</run_address>
         <size>0xec</size>
         <input_file_ref idref="fl-16"/>
      </object_component>
      <object_component id="oc-2ae">
         <name>.debug_info</name>
         <load_address>0xed86</load_address>
         <run_address>0xed86</run_address>
         <size>0xde</size>
         <input_file_ref idref="fl-16"/>
      </object_component>
      <object_component id="oc-2b1">
         <name>.debug_info</name>
         <load_address>0xee64</load_address>
         <run_address>0xee64</run_address>
         <size>0xe0</size>
         <input_file_ref idref="fl-16"/>
      </object_component>
      <object_component id="oc-10d">
         <name>.debug_info</name>
         <load_address>0xef44</load_address>
         <run_address>0xef44</run_address>
         <size>0x1267</size>
         <input_file_ref idref="fl-16"/>
      </object_component>
      <object_component id="oc-93">
         <name>.debug_info</name>
         <load_address>0x101ab</load_address>
         <run_address>0x101ab</run_address>
         <size>0x2df</size>
         <input_file_ref idref="fl-18"/>
      </object_component>
      <object_component id="oc-27">
         <name>.debug_info</name>
         <load_address>0x1048a</load_address>
         <run_address>0x1048a</run_address>
         <size>0x10b</size>
         <input_file_ref idref="fl-18"/>
      </object_component>
      <object_component id="oc-68">
         <name>.debug_info</name>
         <load_address>0x10595</load_address>
         <run_address>0x10595</run_address>
         <size>0x1f6</size>
         <input_file_ref idref="fl-18"/>
      </object_component>
      <object_component id="oc-224">
         <name>.debug_info</name>
         <load_address>0x1078b</load_address>
         <run_address>0x1078b</run_address>
         <size>0x104</size>
         <input_file_ref idref="fl-19"/>
      </object_component>
      <object_component id="oc-ca">
         <name>.debug_info</name>
         <load_address>0x1088f</load_address>
         <run_address>0x1088f</run_address>
         <size>0x29a</size>
         <input_file_ref idref="fl-19"/>
      </object_component>
      <object_component id="oc-395">
         <name>.debug_info</name>
         <load_address>0x10b29</load_address>
         <run_address>0x10b29</run_address>
         <size>0x333</size>
         <input_file_ref idref="fl-d4"/>
      </object_component>
      <object_component id="oc-2c2">
         <name>.debug_info</name>
         <load_address>0x10e5c</load_address>
         <run_address>0x10e5c</run_address>
         <size>0x1d1</size>
         <input_file_ref idref="fl-d4"/>
      </object_component>
      <object_component id="oc-389">
         <name>.debug_info</name>
         <load_address>0x1102d</load_address>
         <run_address>0x1102d</run_address>
         <size>0x18d</size>
         <input_file_ref idref="fl-d4"/>
      </object_component>
      <object_component id="oc-38f">
         <name>.debug_info</name>
         <load_address>0x111ba</load_address>
         <run_address>0x111ba</run_address>
         <size>0x16d</size>
         <input_file_ref idref="fl-d4"/>
      </object_component>
      <object_component id="oc-51c">
         <name>.debug_info</name>
         <load_address>0x11327</load_address>
         <run_address>0x11327</run_address>
         <size>0x2c</size>
         <input_file_ref idref="fl-d4"/>
      </object_component>
      <object_component id="oc-44c">
         <name>.debug_info</name>
         <load_address>0x11353</load_address>
         <run_address>0x11353</run_address>
         <size>0x128</size>
         <input_file_ref idref="fl-d5"/>
      </object_component>
      <object_component id="oc-4ca">
         <name>.debug_info</name>
         <load_address>0x1147b</load_address>
         <run_address>0x1147b</run_address>
         <size>0x12a</size>
         <input_file_ref idref="fl-d5"/>
      </object_component>
      <object_component id="oc-d7">
         <name>.debug_info</name>
         <load_address>0x115a5</load_address>
         <run_address>0x115a5</run_address>
         <size>0x13a</size>
         <input_file_ref idref="fl-d6"/>
      </object_component>
      <object_component id="oc-dc">
         <name>.debug_info</name>
         <load_address>0x116df</load_address>
         <run_address>0x116df</run_address>
         <size>0x12e</size>
         <input_file_ref idref="fl-d7"/>
      </object_component>
      <object_component id="oc-2bc">
         <name>.debug_info</name>
         <load_address>0x1180d</load_address>
         <run_address>0x1180d</run_address>
         <size>0x12c</size>
         <input_file_ref idref="fl-d9"/>
      </object_component>
      <object_component id="oc-4d6">
         <name>.debug_info</name>
         <load_address>0x11939</load_address>
         <run_address>0x11939</run_address>
         <size>0x12c</size>
         <input_file_ref idref="fl-da"/>
      </object_component>
      <object_component id="oc-3a">
         <name>.debug_info</name>
         <load_address>0x11a65</load_address>
         <run_address>0x11a65</run_address>
         <size>0x119</size>
         <input_file_ref idref="fl-db"/>
      </object_component>
      <object_component id="oc-d1">
         <name>.debug_info</name>
         <load_address>0x11b7e</load_address>
         <run_address>0x11b7e</run_address>
         <size>0x12e</size>
         <input_file_ref idref="fl-dc"/>
      </object_component>
      <object_component id="oc-aa">
         <name>.debug_info</name>
         <load_address>0x11cac</load_address>
         <run_address>0x11cac</run_address>
         <size>0x2d4</size>
         <input_file_ref idref="fl-dd"/>
      </object_component>
      <object_component id="oc-47">
         <name>.debug_info</name>
         <load_address>0x11f80</load_address>
         <run_address>0x11f80</run_address>
         <size>0x1d2</size>
         <input_file_ref idref="fl-dd"/>
      </object_component>
      <object_component id="oc-a5">
         <name>.debug_info</name>
         <load_address>0x12152</load_address>
         <run_address>0x12152</run_address>
         <size>0x46</size>
         <input_file_ref idref="fl-dd"/>
      </object_component>
      <object_component id="oc-1d5">
         <name>.debug_info</name>
         <load_address>0x12198</load_address>
         <run_address>0x12198</run_address>
         <size>0x2c</size>
         <input_file_ref idref="fl-dd"/>
      </object_component>
      <object_component id="oc-42">
         <name>.debug_info</name>
         <load_address>0x121c4</load_address>
         <run_address>0x121c4</run_address>
         <size>0x2a8</size>
         <input_file_ref idref="fl-de"/>
      </object_component>
      <object_component id="oc-1e">
         <name>.debug_info</name>
         <load_address>0x1246c</load_address>
         <run_address>0x1246c</run_address>
         <size>0x1ea</size>
         <input_file_ref idref="fl-de"/>
      </object_component>
      <object_component id="oc-3d">
         <name>.debug_info</name>
         <load_address>0x12656</load_address>
         <run_address>0x12656</run_address>
         <size>0x46</size>
         <input_file_ref idref="fl-de"/>
      </object_component>
      <object_component id="oc-9d">
         <name>.debug_info</name>
         <load_address>0x1269c</load_address>
         <run_address>0x1269c</run_address>
         <size>0x2c</size>
         <input_file_ref idref="fl-de"/>
      </object_component>
      <object_component id="oc-9b">
         <name>.debug_info</name>
         <load_address>0x126c8</load_address>
         <run_address>0x126c8</run_address>
         <size>0x29e</size>
         <input_file_ref idref="fl-df"/>
      </object_component>
      <object_component id="oc-18">
         <name>.debug_info</name>
         <load_address>0x12966</load_address>
         <run_address>0x12966</run_address>
         <size>0x250</size>
         <input_file_ref idref="fl-df"/>
      </object_component>
      <object_component id="oc-2d">
         <name>.debug_info</name>
         <load_address>0x12bb6</load_address>
         <run_address>0x12bb6</run_address>
         <size>0x60</size>
         <input_file_ref idref="fl-df"/>
      </object_component>
      <object_component id="oc-1ce">
         <name>.debug_info</name>
         <load_address>0x12c16</load_address>
         <run_address>0x12c16</run_address>
         <size>0x46</size>
         <input_file_ref idref="fl-df"/>
      </object_component>
      <object_component id="oc-96">
         <name>.debug_info</name>
[...]
      </symbol>
      <symbol id="sm-5a6">
         <name>_c_int00_noargs</name>
         <value>0x49b9</value>
         <object_component_ref idref="oc-55"/>
      </symbol>
      <symbol id="sm-70b">
         <name>__TI_printfi</name>
         <value>0xe5</value>
         <object_component_ref idref="oc-382"/>
      </symbol>
      <symbol id="sm-71a">
         <name>__aeabi_memset</name>
         <value>0x43bf</value>
         <object_component_ref idref="oc-ab"/>
      </symbol>
      <symbol id="sm-71b">
         <name>memset</name>
         <value>0x43c5</value>
         <object_component_ref idref="oc-ab"/>
      </symbol>
      <symbol id="sm-71c">
         <name>__aeabi_memset8</name>
         <value>0x43bf</value>
         <object_component_ref idref="oc-ab"/>
      </symbol>
      <symbol id="sm-71d">
         <name>__aeabi_memset4</name>
         <value>0x43bf</value>
         <object_component_ref idref="oc-ab"/>
      </symbol>
      <symbol id="sm-71e">
         <name>__aeabi_memclr8</name>
         <value>0x43bd</value>
         <object_component_ref idref="oc-ab"/>
      </symbol>
      <symbol id="sm-71f">
         <name>__aeabi_memclr4</name>
         <value>0x43bd</value>
         <object_component_ref idref="oc-ab"/>
      </symbol>
      <symbol id="sm-720">
         <name>__aeabi_memclr</name>
         <value>0x43bd</value>
         <object_component_ref idref="oc-ab"/>
      </symbol>
      <symbol id="sm-737">
         <name>__aeabi_dsub</name>
         <value>0x30b9</value>
         <object_component_ref idref="oc-4d9"/>
      </symbol>
      <symbol id="sm-738">
         <name>__aeabi_dadd</name>
         <value>0x30c3</value>
         <object_component_ref idref="oc-4d9"/>
      </symbol>
      <symbol id="sm-743">
         <name>__aeabi_dmul</name>
         <value>0x3bb5</value>
         <object_component_ref idref="oc-4c4"/>
      </symbol>
      <symbol id="sm-750">
         <name>__aeabi_uldivmod</name>
         <value>0x4109</value>
         <object_component_ref idref="oc-4bd"/>
      </symbol>
      <symbol id="sm-778">
         <name>__TI_auto_init_nobinit_nopinit</name>
         <value>0x48bd</value>
         <object_component_ref idref="oc-1f1"/>
      </symbol>
      <symbol id="sm-782">
         <name>_system_pre_init</name>
         <value>0x4f2d</value>
         <object_component_ref idref="oc-b1"/>
      </symbol>
      <symbol id="sm-78e">
         <name>C$$EXIT</name>
         <value>0x4f31</value>
         <object_component_ref idref="oc-1e5"/>
      </symbol>
      <symbol id="sm-78f">
         <name>abort</name>
         <value>0x4f31</value>
         <object_component_ref idref="oc-1e5"/>
      </symbol>
      <symbol id="sm-79f">
         <name>__TI_ltoa</name>
         <value>0x469f</value>
         <object_component_ref idref="oc-4ce"/>
      </symbol>
      <symbol id="sm-7b6">
         <name>atoi</name>
         <value>0x47e1</value>
         <object_component_ref idref="oc-43f"/>
      </symbol>
      <symbol id="sm-7c1">
         <name>_ctypes_</name>
         <value>0x531c</value>
         <object_component_ref idref="oc-4b8"/>
      </symbol>
      <symbol id="sm-7d1">
         <name>memccpy</name>
         <value>0x4cb9</value>
         <object_component_ref idref="oc-468"/>
      </symbol>
      <symbol id="sm-7e1">
         <name>strchr</name>
         <value>0x4d7f</value>
         <object_component_ref idref="oc-505"/>
      </symbol>
      <symbol id="sm-7ef">
         <name>strlen</name>
         <value>0x4e0d</value>
         <object_component_ref idref="oc-439"/>
      </symbol>
      <symbol id="sm-805">
         <name>__aeabi_errno_addr</name>
         <value>0x4f15</value>
         <object_component_ref idref="oc-474"/>
      </symbol>
      <symbol id="sm-806">
         <name>errno</name>
         <value>0x20002ac4</value>
         <object_component_ref idref="oc-515"/>
      </symbol>
      <symbol id="sm-826">
         <name>frexpl</name>
         <value>0x45e5</value>
         <object_component_ref idref="oc-4f9"/>
      </symbol>
      <symbol id="sm-827">
         <name>frexp</name>
         <value>0x45e5</value>
         <object_component_ref idref="oc-4f9"/>
      </symbol>
      <symbol id="sm-844">
         <name>scalbn</name>
         <value>0x3aa5</value>
         <object_component_ref idref="oc-4ff"/>
      </symbol>
      <symbol id="sm-845">
         <name>scalbnl</name>
         <value>0x3aa5</value>
         <object_component_ref idref="oc-4ff"/>
      </symbol>
      <symbol id="sm-846">
         <name>ldexpl</name>
         <value>0x3aa5</value>
         <object_component_ref idref="oc-4ff"/>
      </symbol>
      <symbol id="sm-847">
         <name>ldexp</name>
         <value>0x3aa5</value>
         <object_component_ref idref="oc-4ff"/>
      </symbol>
      <symbol id="sm-860">
         <name>wcslen</name>
         <value>0x4e33</value>
         <object_component_ref idref="oc-46e"/>
      </symbol>
      <symbol id="sm-86a">
         <name>__aeabi_idiv0</name>
         <value>0xb33</value>
         <object_component_ref idref="oc-534"/>
      </symbol>
      <symbol id="sm-86b">
         <name>__aeabi_ldiv0</name>
         <value>0xb33</value>
         <object_component_ref idref="oc-534"/>
      </symbol>
      <symbol id="sm-875">
         <name>copysign</name>
         <value>0x4cd5</value>
         <object_component_ref idref="oc-54b"/>
      </symbol>
      <symbol id="sm-876">
         <name>copysignl</name>
         <value>0x4cd5</value>
         <object_component_ref idref="oc-54b"/>
      </symbol>
      <symbol id="sm-8ef">
         <name>CS_startHFXT</name>
         <value>0x4f1d</value>
         <object_component_ref idref="oc-16d"/>
      </symbol>
      <symbol id="sm-8f0">
         <name>CS_setExternalClockSourceFrequency</name>
         <value>0x4d95</value>
         <object_component_ref idref="oc-161"/>
      </symbol>
      <symbol id="sm-8f1">
         <name>CS_setDCOCenteredFrequency</name>
         <value>0x4b81</value>
         <object_component_ref idref="oc-131"/>
      </symbol>
      <symbol id="sm-8f2">
         <name>CS_startHFXTWithTimeout</name>
         <value>0x3fd1</value>
         <object_component_ref idref="oc-2f3"/>
      </symbol>
      <symbol id="sm-8f3">
         <name>CS_initClockSignal</name>
         <value>0x3cb1</value>
         <object_component_ref idref="oc-173"/>
      </symbol>
      <symbol id="sm-904">
         <name>FlashCtl_setWaitState</name>
         <value>0x4b31</value>
         <object_component_ref idref="oc-125"/>
      </symbol>
      <symbol id="sm-910">
         <name>FPU_enableModule</name>
         <value>0x4da9</value>
         <object_component_ref idref="oc-155"/>
      </symbol>
      <symbol id="sm-9ab">
         <name>GPIO_setAsInputPin</name>
         <value>0x4aad</value>
         <object_component_ref idref="oc-260"/>
      </symbol>
      <symbol id="sm-9ac">
         <name>GPIO_setOutputHighOnPin</name>
         <value>0x4dd1</value>
         <object_component_ref idref="oc-254"/>
      </symbol>
      <symbol id="sm-9ad">
         <name>GPIO_setAsInputPinWithPullUpResistor</name>
         <value>0x4a1d</value>
         <object_component_ref idref="oc-278"/>
      </symbol>
      <symbol id="sm-9ae">
         <name>GPIO_getInterruptStatus</name>
         <value>0x4e45</value>
         <object_component_ref idref="oc-23d"/>
      </symbol>
      <symbol id="sm-9af">
         <name>GPIO_enableInterrupt</name>
         <value>0x4dbd</value>
         <object_component_ref idref="oc-27e"/>
      </symbol>
      <symbol id="sm-9b0">
         <name>GPIO_getEnabledInterruptStatus</name>
         <value>0x49ed</value>
         <object_component_ref idref="oc-eb"/>
      </symbol>
      <symbol id="sm-9b1">
         <name>GPIO_setAsOutputPin</name>
         <value>0x4ba5</value>
         <object_component_ref idref="oc-24e"/>
      </symbol>
      <symbol id="sm-9b2">
         <name>GPIO_setOutputLowOnPin</name>
         <value>0x4d21</value>
         <object_component_ref idref="oc-25a"/>
      </symbol>
      <symbol id="sm-9b3">
         <name>GPIO_clearInterruptFlag</name>
         <value>0x4cf1</value>
         <object_component_ref idref="oc-f1"/>
      </symbol>
      <symbol id="sm-9b4">
         <name>GPIO_toggleOutputOnPin</name>
         <value>0x4de5</value>
         <object_component_ref idref="oc-26c"/>
      </symbol>
      <symbol id="sm-9b5">
         <name>GPIO_setAsPeripheralModuleFunctionOutputPin</name>
         <value>0x4795</value>
         <object_component_ref idref="oc-15b"/>
      </symbol>
      <symbol id="sm-9b6">
         <name>GPIO_getInputPinValue</name>
         <value>0x4d09</value>
         <object_component_ref idref="oc-266"/>
      </symbol>
      <symbol id="sm-9b7">
         <name>GPIO_setAsPeripheralModuleFunctionInputPin</name>
         <value>0x482d</value>
         <object_component_ref idref="oc-137"/>
      </symbol>
      <symbol id="sm-9f8">
         <name>Interrupt_setPriority</name>
         <value>0x4bc9</value>
         <object_component_ref idref="oc-106"/>
      </symbol>
      <symbol id="sm-9f9">
         <name>Interrupt_enableMaster</name>
         <value>0x4e55</value>
         <object_component_ref idref="oc-28a"/>
      </symbol>
      <symbol id="sm-9fa">
         <name>Interrupt_enableInterrupt</name>
         <value>0x4581</value>
         <object_component_ref idref="oc-14f"/>
      </symbol>
      <symbol id="sm-abf">
         <name>PCM_setCoreVoltageLevel</name>
         <value>0x4efb</value>
         <object_component_ref idref="oc-12b"/>
      </symbol>
      <symbol id="sm-ac0">
         <name>PCM_getCoreVoltageLevel</name>
         <value>0x4ad9</value>
         <object_component_ref idref="oc-3ae"/>
      </symbol>
      <symbol id="sm-ac1">
         <name>PCM_shutdownDevice</name>
         <value>0x4745</value>
         <object_component_ref idref="oc-3d9"/>
      </symbol>
      <symbol id="sm-ac2">
         <name>PCM_setPowerState</name>
         <value>0x4f0b</value>
         <object_component_ref idref="oc-167"/>
      </symbol>
      <symbol id="sm-ac3">
         <name>PCM_getPowerMode</name>
         <value>0x4b05</value>
         <object_component_ref idref="oc-3a8"/>
      </symbol>
      <symbol id="sm-ac4">
         <name>PCM_getPowerState</name>
         <value>0x4ecd</value>
         <object_component_ref idref="oc-3b4"/>
      </symbol>
      <symbol id="sm-ac5">
         <name>PCM_gotoLPM4</name>
         <value>0x4e65</value>
         <object_component_ref idref="oc-3d3"/>
      </symbol>
      <symbol id="sm-ac6">
         <name>PCM_gotoLPM3</name>
         <value>0x4341</value>
         <object_component_ref idref="oc-3cd"/>
      </symbol>
      <symbol id="sm-ac7">
         <name>PCM_gotoLPM0</name>
         <value>0x4b59</value>
         <object_component_ref idref="oc-3e5"/>
      </symbol>
      <symbol id="sm-ac8">
         <name>PCM_setPowerMode</name>
         <value>0x4f03</value>
         <object_component_ref idref="oc-3ba"/>
      </symbol>
      <symbol id="sm-ad5">
         <name>RTC_C_holdClock</name>
         <value>0x4bed</value>
         <object_component_ref idref="oc-497"/>
      </symbol>
      <symbol id="sm-b03">
         <name>SysCtl_getNMISourceStatus</name>
         <value>0x4ed9</value>
         <object_component_ref idref="oc-3ec"/>
      </symbol>
      <symbol id="sm-b04">
         <name>SysCtl_enableNMISource</name>
         <value>0x4e85</value>
         <object_component_ref idref="oc-3fe"/>
      </symbol>
      <symbol id="sm-b05">
         <name>SysCtl_disableNMISource</name>
         <value>0x4e75</value>
         <object_component_ref idref="oc-3f2"/>
      </symbol>
      <symbol id="sm-b06">
         <name>SysCtl_enableSRAMBankRetention</name>
         <value>0x4df9</value>
         <object_component_ref idref="oc-284"/>
      </symbol>
      <symbol id="sm-b67">
         <name>UART_enableInterrupt</name>
         <value>0x4d69</value>
         <object_component_ref idref="oc-149"/>
      </symbol>
      <symbol id="sm-b68">
         <name>UART_receiveData</name>
         <value>0x4c35</value>
         <object_component_ref idref="oc-18b"/>
      </symbol>
      <symbol id="sm-b69">
         <name>UART_enableModule</name>
         <value>0x4ee5</value>
         <object_component_ref idref="oc-143"/>
      </symbol>
      <symbol id="sm-b6a">
         <name>UART_getEnabledInterruptStatus</name>
         <value>0x4a4d</value>
         <object_component_ref idref="oc-17f"/>
      </symbol>
      <symbol id="sm-b6b">
         <name>UART_transmitData</name>
         <value>0x4c59</value>
         <object_component_ref idref="oc-179"/>
      </symbol>
      <symbol id="sm-b6c">
         <name>UART_getInterruptStatus</name>
         <value>0x4f23</value>
         <object_component_ref idref="oc-2fc"/>
      </symbol>
      <symbol id="sm-b6d">
         <name>UART_initModule</name>
         <value>0x41a1</value>
         <object_component_ref idref="oc-13d"/>
      </symbol>
      <symbol id="sm-b6e">
         <name>UART_clearInterruptFlag</name>
         <value>0x4e95</value>
         <object_component_ref idref="oc-185"/>
      </symbol>
      <symbol id="sm-b6f">
         <name>UART_disableInterrupt</name>
         <value>0x4c11</value>
         <object_component_ref idref="oc-1a4"/>
      </symbol>
      <symbol id="sm-b7b">
         <name>WDT_A_holdTimer</name>
         <value>0x4d39</value>
         <object_component_ref idref="oc-272"/>
      </symbol>
      <symbol id="sm-b8d">
         <name>CPU_wfi</name>
         <value>0x4f29</value>
         <object_component_ref idref="oc-490"/>
      </symbol>
      <symbol id="sm-b8e">
         <name>CPU_cpsie</name>
         <value>0x4ebf</value>
         <object_component_ref idref="oc-367"/>
      </symbol>
      <symbol id="sm-b8f">
         <name>__TI_static_base__</name>
         <value>0x0</value>
      </symbol>
      <symbol id="sm-b92">
         <name>__mpu_init</name>
         <value>0x0</value>
      </symbol>
      <symbol id="sm-b93">
         <name>_system_post_cinit</name>
         <value>0x0</value>
      </symbol>
      <symbol id="sm-b94">
         <name>NMI_Handler</name>
         <value>0x4ebd</value>
      </symbol>
      <symbol id="sm-b95">
         <name>HardFault_Handler</name>
         <value>0x4ebd</value>
      </symbol>
      <symbol id="sm-b96">
         <name>MemManage_Handler</name>
         <value>0x4ebd</value>
      </symbol>
      <symbol id="sm-b97">
         <name>BusFault_Handler</name>
         <value>0x4ebd</value>
      </symbol>
      <symbol id="sm-b98">
         <name>UsageFault_Handler</name>
         <value>0x4ebd</value>
      </symbol>
      <symbol id="sm-b99">
         <name>SVC_Handler</name>
         <value>0x4ebd</value>
      </symbol>
      <symbol id="sm-b9a">
         <name>DebugMon_Handler</name>
         <value>0x4ebd</value>
      </symbol>
      <symbol id="sm-b9b">
         <name>PendSV_Handler</name>
         <value>0x4ebd</value>
      </symbol>
      <symbol id="sm-b9c">
         <name>SysTick_Handler</name>
         <value>0x2c79</value>
      </symbol>
      <symbol id="sm-b9d">
         <name>PSS_IRQHandler</name>
         <value>0x4ebd</value>
      </symbol>
      <symbol id="sm-b9e">
         <name>CS_IRQHandler</name>
         <value>0x4ebd</value>
      </symbol>
      <symbol id="sm-b9f">
         <name>PCM_IRQHandler</name>
         <value>0x4ebd</value>
      </symbol>
      <symbol id="sm-ba0">
         <name>WDT_A_IRQHandler</name>
         <value>0x4ebd</value>
      </symbol>
      <symbol id="sm-ba1">
         <name>FPU_IRQHandler</name>
         <value>0x4ebd</value>
      </symbol>
      <symbol id="sm-ba2">
         <name>FLCTL_IRQHandler</name>
         <value>0x4ebd</value>
      </symbol>
      <symbol id="sm-ba3">
         <name>COMP_E0_IRQHandler</name>
         <value>0x4ebd</value>
      </symbol>
      <symbol id="sm-ba4">
         <name>COMP_E1_IRQHandler</name>
         <value>0x4ebd</value>
      </symbol>
      <symbol id="sm-ba5">
         <name>TA0_0_IRQHandler</name>
         <value>0x2323</value>
      </symbol>
      <symbol id="sm-ba6">
         <name>TA0_N_IRQHandler</name>
         <value>0x1945</value>
      </symbol>
      <symbol id="sm-ba7">
         <name>TA1_0_IRQHandler</name>
         <value>0x2339</value>
      </symbol>
      <symbol id="sm-ba8">
         <name>TA1_N_IRQHandler</name>
         <value>0x4ebd</value>
      </symbol>
      <symbol id="sm-ba9">
         <name>TA2_0_IRQHandler</name>
         <value>0x2345</value>
      </symbol>
      <symbol id="sm-baa">
         <name>TA2_N_IRQHandler</name>
         <value>0x4ebd</value>
      </symbol>
      <symbol id="sm-bab">
         <name>TA3_0_IRQHandler</name>
         <value>0x2351</value>
      </symbol>
      <symbol id="sm-bac">
         <name>TA3_N_IRQHandler</name>
         <value>0x4ebd</value>
      </symbol>
      <symbol id="sm-bad">
         <name>EUSCIA0_IRQHandler</name>
         <value>0x2e79</value>
      </symbol>
      <symbol id="sm-bae">
         <name>EUSCIA1_IRQHandler</name>
         <value>0x4ebd</value>
      </symbol>
      <symbol id="sm-baf">
         <name>EUSCIA2_IRQHandler</name>
         <value>0x2ea7</value>
      </symbol>
      <symbol id="sm-bb0">
         <name>EUSCIA3_IRQHandler</name>
         <value>0x32b9</value>
      </symbol>
      <symbol id="sm-bb1">
         <name>EUSCIB0_IRQHandler</name>
         <value>0x4ebd</value>
      </symbol>
      <symbol id="sm-bb2">
         <name>EUSCIB1_IRQHandler</name>
         <value>0x4ebd</value>
      </symbol>
      <symbol id="sm-bb3">
         <name>EUSCIB2_IRQHandler</name>
         <value>0x4ebd</value>
      </symbol>
      <symbol id="sm-bb4">
         <name>EUSCIB3_IRQHandler</name>
         <value>0x4ebd</value>
      </symbol>
      <symbol id="sm-bb5">
         <name>ADC14_IRQHandler</name>
         <value>0x1401</value>
      </symbol>
      <symbol id="sm-bb6">
         <name>T32_INT1_IRQHandler</name>
         <value>0x4ebd</value>
      </symbol>
      <symbol id="sm-bb7">
         <name>T32_INT2_IRQHandler</name>
         <value>0x4ebd</value>
      </symbol>
      <symbol id="sm-bb8">
         <name>T32_INTC_IRQHandler</name>
         <value>0x4ebd</value>
      </symbol>
      <symbol id="sm-bb9">
         <name>AES256_IRQHandler</name>
         <value>0x4ebd</value>
      </symbol>
      <symbol id="sm-bba">
         <name>RTC_C_IRQHandler</name>
         <value>0x4ebd</value>
      </symbol>
      <symbol id="sm-bbb">
         <name>DMA_ERR_IRQHandler</name>
         <value>0x4ebd</value>
      </symbol>
      <symbol id="sm-bbc">
         <name>DMA_INT3_IRQHandler</name>
         <value>0x4ebd</value>
      </symbol>
      <symbol id="sm-bbd">
         <name>DMA_INT2_IRQHandler</name>
         <value>0x4ebd</value>
      </symbol>
      <symbol id="sm-bbe">
         <name>DMA_INT1_IRQHandler</name>
         <value>0x4ebd</value>
      </symbol>
      <symbol id="sm-bbf">
         <name>DMA_INT0_IRQHandler</name>
         <value>0x4ebd</value>
      </symbol>
      <symbol id="sm-bc0">
         <name>PORT1_IRQHandler</name>
         <value>0x211d</value>
      </symbol>
      <symbol id="sm-bc1">
         <name>PORT2_IRQHandler</name>
         <value>0x215b</value>
      </symbol>
      <symbol id="sm-bc2">
         <name>PORT3_IRQHandler</name>
         <value>0x21af</value>
      </symbol>
      <symbol id="sm-bc3">
         <name>PORT4_IRQHandler</name>
         <value>0x2207</value>
      </symbol>
      <symbol id="sm-bc4">
         <name>PORT5_IRQHandler</name>
         <value>0x2275</value>
      </symbol>
      <symbol id="sm-bc5">
         <name>PORT6_IRQHandler</name>
         <value>0x22c9</value>
      </symbol>
   </symbol_table>
   <title>Link successful</title>
</link_info>
