******************************************************************************
                  TI ARM Linker PC v20.2.1                     
******************************************************************************
>> Linked Tue Jul 27 15:18:57 2021

OUTPUT FILE NAME:   <mmWave-uart.out>
ENTRY POINT SYMBOL: "_c_int00_noargs"  address: 00004bd1


MEMORY CONFIGURATION

         name            origin    length      used     unused   attr    fill
----------------------  --------  ---------  --------  --------  ----  --------
  MAIN                  00000000   00040000  000057d0  0003a830  R  X
  INFO                  00200000   00004000  00000000  00004000  R  X
  SRAM_CODE             01000000   00010000  00002d65  0000d29b  RW X
  SRAM_DATA             20000000   00010000  00002d65  0000d29b  RW  


SEGMENT ALLOCATION MAP

run origin  load origin   length   init length attrs members
----------  ----------- ---------- ----------- ----- -------
00000000    00000000    000057d0   000057d0    r-x
  00000000    00000000    000000e4   000000e4    r-- .intvecs
  000000e4    000000e4    00005068   00005068    r-x .text
  0000514c    0000514c    0000060c   0000060c    r-- .const
  00005758    00005758    00000078   00000078    r-- .cinit
20000000    20000000    00002b66   00000000    rw-
  20000000    20000000    00002adb   00000000    rw- .data
  20002adc    20002adc    0000008a   00000000    rw- .bss
2000fe00    2000fe00    00000200   00000000    rw-
  2000fe00    2000fe00    00000200   00000000    rw- .stack


SECTION ALLOCATION MAP

 output                                  attributes/
section   page    origin      length       input sections
--------  ----  ----------  ----------   ----------------
.intvecs   0    00000000    000000e4     
                  00000000    000000e4     startup_msp432p401r_ccs.obj (.intvecs:retain)

.text      0    000000e4    00005068     
                  000000e4    00000a4e     rtsv7M4_T_le_v4SPD16_eabi.lib : _printfi.c.obj (.text:__TI_printfi)
                  00000b32    00000002                                   : div0.asm.obj (.text)
                  00000b34    000007dc     oled.obj (.text)
                  00001310    000003cc     exinADC.obj (.text)
                  000016dc    000003cc     exinencoder.obj (.text)
                  00001aa8    00000340     exinpwm.obj (.text)
                  00001de8    00000334     system_msp432p401r.obj (.text)
                  0000211c    000002bc     exinsteer.obj (.text)
                  000023d8    00000278     exinisr.obj (.text)
                  00002650    00000270     rtsv7M4_T_le_v4SPD16_eabi.lib : _printfi.c.obj (.text:_pconv_a)
                  000028c0    00000268     exingpio.obj (.text)
                  00002b28    00000240     exinsystem.obj (.text)
                  00002d68    000001d8     exinuart.obj (.text)
                  00002f40    000001d0     rtsv7M4_T_le_v4SPD16_eabi.lib : _printfi.c.obj (.text:_pconv_g)
                  00003110    000001c0     exinkey.obj (.text)
                  000032d0    000001b6     rtsv7M4_T_le_v4SPD16_eabi.lib : fd_add_t2.asm.obj (.text)
                  00003486    00000002     --HOLE-- [fill = 0]
                  00003488    000001b4     ADS_RCV.obj (.text)
                  0000363c    000001a0     msp432p4xx_driverlib.lib : pcm.o (.text:__PCM_setPowerStateAdvanced)
                  000037dc    00000148     exin_pit.obj (.text)
                  00003924    0000013c     rtsv7M4_T_le_v4SPD16_eabi.lib : _printfi.c.obj (.text:_pconv_e)
                  00003a60    00000136                                   : fd_div_t2.asm.obj (.text)
                  00003b96    00000002     --HOLE-- [fill = 0]
                  00003b98    00000124                                   : _printfi.c.obj (.text:fcvt)
                  00003cbc    00000110                                   : s_scalbn.c.obj (.text:scalbn)
                  00003dcc    000000fc                                   : fd_mul_t2.asm.obj (.text)
                  00003ec8    000000e0     msp432p4xx_driverlib.lib : cs.o (.text:CS_initClockSignal)
                  00003fa8    000000dc                              : pcm.o (.text:__PCM_setPowerModeAdvanced)
                  00004084    000000b1     rtsv7M4_T_le_v4SPD16_eabi.lib : _printfi.c.obj (.text:_ltostr)
                  00004135    00000003     --HOLE-- [fill = 0]
                  00004138    000000b0     msp432p4xx_driverlib.lib : pcm.o (.text:__PCM_setCoreVoltageLevelAdvanced)
                  000041e8    0000009c                              : cs.o (.text:CS_startHFXTWithTimeout)
                  00004284    0000009c     rtsv7M4_T_le_v4SPD16_eabi.lib : memcpy_t2.asm.obj (.text)
                  00004320    00000096                                   : ull_div_t2.asm.obj (.text)
                  000043b6    00000002     --HOLE-- [fill = 0]
                  000043b8    00000094     msp432p4xx_driverlib.lib : uart.o (.text:UART_initModule)
                  0000444c    00000086     rtsv7M4_T_le_v4SPD16_eabi.lib : fd_cmp_t2.asm.obj (.text:__aeabi_cdcmple)
                  000044d2    00000086                                   : fd_cmp_t2.asm.obj (.text:__aeabi_cdrcmple)
                  00004558    0000007c     msp432p4xx_driverlib.lib : pcm.o (.text:PCM_gotoLPM3)
                  000045d4    0000007a     rtsv7M4_T_le_v4SPD16_eabi.lib : memset_t2.asm.obj (.text)
                  0000464e    00000002     --HOLE-- [fill = 0]
                  00004650    00000070     msp432p4xx_driverlib.lib : cs.o (.text:_CSGetHFXTFrequency)
                  000046c0    0000006e     rtsv7M4_T_le_v4SPD16_eabi.lib : _printfi.c.obj (.text:_mcpy)
                  0000472e    00000068                                   : copy_decompress_lzss.c.obj (.text:decompress:lzss:__TI_decompress_lzss)
                  00004796    00000002     --HOLE-- [fill = 0]
                  00004798    00000064     msp432p4xx_driverlib.lib : interrupt.o (.text:Interrupt_enableInterrupt)
                  000047fc    00000064     rtsv7M4_T_le_v4SPD16_eabi.lib : s_frexp.c.obj (.text:frexp)
                  00004860    00000056                                   : _printfi.c.obj (.text:_pconv_f)
                  000048b6    00000054                                   : _ltoa.c.obj (.text:__TI_ltoa)
                  0000490a    00000052                                   : _printfi.c.obj (.text:_ecpy)
                  0000495c    00000050     msp432p4xx_driverlib.lib : pcm.o (.text:PCM_shutdownDevice)
                  000049ac    0000004c                              : gpio.o (.text:GPIO_setAsPeripheralModuleFunctionOutputPin)
                  000049f8    0000004c     rtsv7M4_T_le_v4SPD16_eabi.lib : atoi.c.obj (.text:atoi)
                  00004a44    00000048     msp432p4xx_driverlib.lib : gpio.o (.text:GPIO_setAsPeripheralModuleFunctionInputPin)
                  00004a8c    00000048     rtsv7M4_T_le_v4SPD16_eabi.lib : fd_toi_t2.asm.obj (.text)
                  00004ad4    00000044                                   : autoinit.c.obj (.text:__TI_auto_init_nobinit_nopinit:__TI_auto_init_nobinit_nopinit)
                  00004b18    00000040                                   : sprintf.c.obj (.text:sprintf)
                  00004b58    0000003e                                   : _printfi.c.obj (.text:_fcpy)
                  00004b96    00000038                                   : fs_tod_t2.asm.obj (.text)
                  00004bce    00000002     --HOLE-- [fill = 0]
                  00004bd0    00000034                                   : boot_cortex_m.c.obj (.text:_c_int00_noargs:_c_int00_noargs)
                  00004c04    00000030     msp432p4xx_driverlib.lib : gpio.o (.text:GPIO_getEnabledInterruptStatus)
                  00004c34    00000030                              : gpio.o (.text:GPIO_setAsInputPinWithPullUpResistor)
                  00004c64    00000030                              : uart.o (.text:UART_getEnabledInterruptStatus)
                  00004c94    0000002e     rtsv7M4_T_le_v4SPD16_eabi.lib : i_tofd_t2.asm.obj (.text)
                  00004cc2    00000002     --HOLE-- [fill = 0]
                  00004cc4    0000002c     msp432p4xx_driverlib.lib : gpio.o (.text:GPIO_setAsInputPin)
                  00004cf0    0000002c                              : pcm.o (.text:PCM_getCoreVoltageLevel)
                  00004d1c    0000002a                              : pcm.o (.text:PCM_getPowerMode)
                  00004d46    00000002     --HOLE-- [fill = 0]
                  00004d48    00000028                              : flash.o (.text:FlashCtl_setWaitState)
                  00004d70    00000028                              : pcm.o (.text:PCM_gotoLPM0)
                  00004d98    00000024                              : cs.o (.text:CS_setDCOCenteredFrequency)
                  00004dbc    00000024                              : gpio.o (.text:GPIO_setAsOutputPin)
                  00004de0    00000024                              : interrupt.o (.text:Interrupt_setPriority)
                  00004e04    00000024                              : rtc_c.o (.text:RTC_C_holdClock)
                  00004e28    00000024                              : uart.o (.text:UART_disableInterrupt)
                  00004e4c    00000024                              : uart.o (.text:UART_receiveData)
                  00004e70    00000024                              : uart.o (.text:UART_transmitData)
                  00004e94    00000020     rtsv7M4_T_le_v4SPD16_eabi.lib : u_tofd_t2.asm.obj (.text)
                  00004eb4    0000001c                                   : copy_zero_init.c.obj (.text:decompress:ZI:__TI_zero_init_nomemset:__TI_zero_init_nomemset)
                  00004ed0    0000001c                                   : memccpy.c.obj (.text:memccpy)
                  00004eec    0000001a                                   : s_copysign.c.obj (.text:copysign)
                  00004f06    00000002     --HOLE-- [fill = 0]
                  00004f08    00000018     msp432p4xx_driverlib.lib : gpio.o (.text:GPIO_clearInterruptFlag)
                  00004f20    00000018                              : gpio.o (.text:GPIO_getInputPinValue)
                  00004f38    00000018                              : gpio.o (.text:GPIO_setOutputLowOnPin)
                  00004f50    00000018                              : wdt_a.o (.text:WDT_A_holdTimer)
                  00004f68    00000018     rtsv7M4_T_le_v4SPD16_eabi.lib : sprintf.c.obj (.text:_outs)
                  00004f80    00000016     msp432p4xx_driverlib.lib : uart.o (.text:UART_enableInterrupt)
                  00004f96    00000016     rtsv7M4_T_le_v4SPD16_eabi.lib : strchr.c.obj (.text:strchr)
                  00004fac    00000014     msp432p4xx_driverlib.lib : cs.o (.text:CS_setExternalClockSourceFrequency)
                  00004fc0    00000014                              : fpu.o (.text:FPU_enableModule)
                  00004fd4    00000014                              : gpio.o (.text:GPIO_enableInterrupt)
                  00004fe8    00000014                              : gpio.o (.text:GPIO_setOutputHighOnPin)
                  00004ffc    00000014                              : gpio.o (.text:GPIO_toggleOutputOnPin)
                  00005010    00000014                              : sysctl.o (.text:SysCtl_enableSRAMBankRetention)
                  00005024    00000014     rtsv7M4_T_le_v4SPD16_eabi.lib : strlen.c.obj (.text:strlen)
                  00005038    00000012     EXIN_steer.obj (.text)
                  0000504a    00000012     rtsv7M4_T_le_v4SPD16_eabi.lib : wcslen.c.obj (.text:wcslen)
                  0000505c    00000010     msp432p4xx_driverlib.lib : gpio.o (.text:GPIO_getInterruptStatus)
                  0000506c    00000010                              : interrupt.o (.text:Interrupt_enableMaster)
                  0000507c    00000010                              : pcm.o (.text:PCM_gotoLPM4)
                  0000508c    00000010                              : sysctl.o (.text:SysCtl_disableNMISource)
                  0000509c    00000010                              : sysctl.o (.text:SysCtl_enableNMISource)
                  000050ac    0000000e                              : uart.o (.text:UART_clearInterruptFlag)
                  000050ba    0000000e     rtsv7M4_T_le_v4SPD16_eabi.lib : copy_decompress_none.c.obj (.text:decompress:none:__TI_decompress_none)
                  000050c8    0000000e     startup_msp432p401r_ccs.obj (.text)
                  000050d6    0000000c     msp432p4xx_driverlib.lib : cpu.o (.text:CPU_cpsie)
                  000050e2    00000002     --HOLE-- [fill = 0]
                  000050e4    0000000c                              : pcm.o (.text:PCM_getPowerState)
                  000050f0    0000000c                              : sysctl.o (.text:SysCtl_getNMISourceStatus)
                  000050fc    0000000c                              : uart.o (.text:UART_enableModule)
                  00005108    0000000a     rtsv7M4_T_le_v4SPD16_eabi.lib : sprintf.c.obj (.text:_outc)
                  00005112    00000008     msp432p4xx_driverlib.lib : pcm.o (.text:PCM_setCoreVoltageLevel)
                  0000511a    00000008                              : pcm.o (.text:PCM_setPowerMode)
                  00005122    00000008                              : pcm.o (.text:PCM_setPowerState)
                  0000512a    00000002     --HOLE-- [fill = 0]
                  0000512c    00000008     rtsv7M4_T_le_v4SPD16_eabi.lib : errno.c.obj (.text:__aeabi_errno_addr)
                  00005134    00000006     msp432p4xx_driverlib.lib : cs.o (.text:CS_startHFXT)
                  0000513a    00000006                              : uart.o (.text:UART_getInterruptStatus)
                  00005140    00000004                              : cpu.o (.text:CPU_wfi)
                  00005144    00000004     rtsv7M4_T_le_v4SPD16_eabi.lib : pre_init.c.obj (.text:_system_pre_init)
                  00005148    00000004                                   : exit.c.obj (.text:abort:abort)

.const     0    0000514c    0000060c     
                  0000514c    00000228     oled.obj (.const:F6x8)
                  00005374    000001c0     oled.obj (.const:Hzk)
                  00005534    00000101     rtsv7M4_T_le_v4SPD16_eabi.lib : ctype.c.obj (.const:.string:_ctypes_)
                  00005635    00000003     --HOLE-- [fill = 0]
                  00005638    00000050     msp432p4xx_driverlib.lib : interrupt.o (.const:g_pulRegs)
                  00005688    00000040                              : interrupt.o (.const)
                  000056c8    00000024     exinuart.obj (.const:UART0)
                  000056ec    00000024     exinuart.obj (.const:UART2)
                  00005710    00000024     exinuart.obj (.const:UART3)
                  00005734    00000024     ADS_RCV.obj (.const:UART3_SET)

.cinit     0    00005758    00000078     
                  00005758    00000053     (.cinit..data.load) [load image, compression = lzss]
                  000057ab    00000001     --HOLE-- [fill = 0]
                  000057ac    0000000c     (__TI_handler_table)
                  000057b8    00000008     (.cinit..bss.load) [load image, compression = zero_init]
                  000057c0    00000010     (__TI_cinit_table)

.init_array 
*          0    00000000    00000000     UNINITIALIZED

.binit     0    00000000    00000000     

.data      0    20000000    00002adb     UNINITIALIZED
                  20000000    00002000     oled.obj (.data:screen_buf)
                  20002000    00000400     oled.obj (.data:bmp2)
                  20002400    00000400     oled.obj (.data:bmp)
                  20002800    00000200     Oscill_OLED.obj (.data:Oscill_data_buff)
                  20002a00    00000030     msp432p4xx_driverlib.lib : gpio.o (.data:GPIO_PORT_TO_BASE)
                  20002a30    00000028     exinencoder.obj (.data:timerAcaptureValues)
                  20002a58    00000020     exinadjust.obj (.data)
                  20002a78    0000001c     exinADC.obj (.data)
                  20002a94    0000000c     exinsteer.obj (.data)
                  20002aa0    0000000a     ADS_RCV.obj (.data:ADS_RCV_DATA)
                  20002aaa    00000002     --HOLE--
                  20002aac    00000008     ADS_RCV.obj (.data)
                  20002ab4    00000008     exinencoder.obj (.data)
                  20002abc    00000008     exinsystem.obj (.data)
                  20002ac4    00000008     oled.obj (.data:tmp$2)
                  20002acc    00000004     exinpwm.obj (.data)
                  20002ad0    00000004     rtsv7M4_T_le_v4SPD16_eabi.lib : errno.c.obj (.data)
                  20002ad4    00000004     system_msp432p401r.obj (.data)
                  20002ad8    00000003     exinuart.obj (.data)

.bss       0    20002adc    0000008a     UNINITIALIZED
                  20002adc    00000018     (.common:oscill1)
                  20002af4    00000010     (.common:A0results)
                  20002b04    00000010     (.common:A1results)
                  20002b14    00000010     (.common:A2results)
                  20002b24    00000010     (.common:A3results)
                  20002b34    00000008     (.common:encoder_A)
                  20002b3c    00000008     (.common:encoder_B)
                  20002b44    00000008     (.common:encoder_C)
                  20002b4c    00000008     (.common:encoder_D)
                  20002b54    00000004     exinsystem.obj (.bss)
                  20002b58    00000004     (.common:ad_get)
                  20002b5c    00000004     (.common:hfxtFreq)
                  20002b60    00000004     (.common:lfxtFreq)
                  20002b64    00000001     exinADC.obj (.bss)
                  20002b65    00000001     oled.obj (.bss)

.stack     0    2000fe00    00000200     UNINITIALIZED
                  2000fe00    00000004     rtsv7M4_T_le_v4SPD16_eabi.lib : boot_cortex_m.c.obj (.stack)
                  2000fe04    000001fc     --HOLE--

__llvm_prf_cnts 
*          0    20000000    00000000     UNINITIALIZED

MODULE SUMMARY

       Module                        code    ro data   rw data
       ------                        ----    -------   -------
    .\
       EXIN_steer.obj                18      0         0      
    +--+-----------------------------+-------+---------+---------+
       Total:                        18      0         0      
                                                              
    .\exinlibs\
       oled.obj                      2012    1000      20498  
       exinADC.obj                   972     0         194    
       exinencoder.obj               972     0         160    
       Oscill_OLED.obj               0       0         1072   
       exinpwm.obj                   832     0         8      
       system_msp432p401r.obj        820     0         8      
       exinsteer.obj                 700     0         24     
       exinisr.obj                   632     0         0      
       exingpio.obj                  616     0         0      
       exinsystem.obj                576     0         24     
       exinuart.obj                  472     108       6      
       ADS_RCV.obj                   436     36        36     
       exinkey.obj                   448     0         0      
       exin_pit.obj                  328     0         0      
       startup_msp432p401r_ccs.obj   14      228       0      
       exinadjust.obj                0       0         64     
    +--+-----------------------------+-------+---------+---------+
       Total:                        9830    1372      22094  
                                                              
    C:/ti/msp/MSP432Ware_3_40_00_25/driverlib/driverlib/MSP432P4xx/ccs/msp432p4xx_driverlib.lib
       pcm.o                         1194    0         0      
       cs.o                          554     0         16     
       gpio.o                        472     0         96     
       uart.o                        358     0         0      
       interrupt.o                   152     144       0      
       sysctl.o                      64      0         0      
       flash.o                       40      0         0      
       rtc_c.o                       36      0         0      
       wdt_a.o                       24      0         0      
       fpu.o                         20      0         0      
       cpu.o                         16      0         0      
    +--+-----------------------------+-------+---------+---------+
       Total:                        2930    144       112    
                                                              
    D:\CCS\ccs\tools\compiler\ti-cgt-arm_20.2.1.LTS\lib\rtsv7M4_T_le_v4SPD16_eabi.lib
       _printfi.c.obj                4851    0         0      
       fd_add_t2.asm.obj             438     0         0      
       fd_div_t2.asm.obj             310     0         0      
       s_scalbn.c.obj                272     0         0      
       fd_cmp_t2.asm.obj             268     0         0      
       ctype.c.obj                   0       257       0      
       fd_mul_t2.asm.obj             252     0         0      
       memcpy_t2.asm.obj             156     0         0      
       ull_div_t2.asm.obj            150     0         0      
       memset_t2.asm.obj             122     0         0      
       copy_decompress_lzss.c.obj    104     0         0      
       s_frexp.c.obj                 100     0         0      
       sprintf.c.obj                 98      0         0      
       _ltoa.c.obj                   84      0         0      
       atoi.c.obj                    76      0         0      
       fd_toi_t2.asm.obj             72      0         0      
       autoinit.c.obj                68      0         0      
       fs_tod_t2.asm.obj             56      0         0      
       boot_cortex_m.c.obj           52      0         0      
       i_tofd_t2.asm.obj             46      0         0      
       u_tofd_t2.asm.obj             32      0         0      
       copy_zero_init.c.obj          28      0         0      
       memccpy.c.obj                 28      0         0      
       s_copysign.c.obj              26      0         0      
       strchr.c.obj                  22      0         0      
       strlen.c.obj                  20      0         0      
       wcslen.c.obj                  18      0         0      
       errno.c.obj                   8       0         8      
       copy_decompress_none.c.obj    14      0         0      
       exit.c.obj                    4       0         0      
       pre_init.c.obj                4       0         0      
       div0.asm.obj                  2       0         0      
    +--+-----------------------------+-------+---------+---------+
       Total:                        7781    257       8      
                                                              
       Stack:                        0       0         1024   
       Linker Generated:             0       119       0      
    +--+-----------------------------+-------+---------+---------+
       Grand Total:                  20559   1892      23238  


LINKER GENERATED COPY TABLES

__TI_cinit_table @ 000057c0 records: 2, size/record: 8, table size: 16
	.data: load addr=00005758, load size=00000053 bytes, run addr=20000000, run size=00002adb bytes, compression=lzss
	.bss: load addr=000057b8, load size=00000008 bytes, run addr=20002adc, run size=0000008a bytes, compression=zero_init


LINKER GENERATED HANDLER TABLE

__TI_handler_table @ 000057ac records: 3, size/record: 4, table size: 12
	index: 0, handler: __TI_decompress_lzss
	index: 1, handler: __TI_decompress_none
	index: 2, handler: __TI_zero_init


GLOBAL SYMBOLS: SORTED ALPHABETICALLY BY Name 

address   name                                       
-------   ----                                       
20002af4  A0results                                  
20002b04  A1results                                  
20002b14  A2results                                  
20002b24  A3results                                  
00001401  ADC14_IRQHandler                           
00001401  ADC14_IRQHandler                           
20002a7c  ADC_CA                                     
20002a80  ADC_CB                                     
20002a84  ADC_CC                                     
20002a88  ADC_CD                                     
00001311  ADC_INIT                                   
000015c3  ADC_TEST                                   
000013ad  ADC_mean_filter                            
20002a90  ADC_receive_count                          
00003561  ADS_Get                                    
20002aa0  ADS_RCV_DATA                               
20002aad  ADS_RCV_FLAG                               
000035a3  ADS_RCV_GetData32                          
00003489  ADS_RCV_Init                               
20002aae  ADS_RCV_STATE                              
000050d5  AES256_IRQHandler                          
20002a76  A_flag                                     
20002a77  B_flag                                     
000050d5  BusFault_Handler                           
00005149  C$$EXIT                                    
000050d5  COMP_E0_IRQHandler                         
000050d5  COMP_E1_IRQHandler                         
000050d7  CPU_cpsie                                  
00005141  CPU_wfi                                    
000050d5  CS_IRQHandler                              
00003ec9  CS_initClockSignal                         
00004d99  CS_setDCOCenteredFrequency                 
00004fad  CS_setExternalClockSourceFrequency         
00005135  CS_startHFXT                               
000041e9  CS_startHFXTWithTimeout                    
000050d5  DMA_ERR_IRQHandler                         
000050d5  DMA_INT0_IRQHandler                        
000050d5  DMA_INT1_IRQHandler                        
000050d5  DMA_INT2_IRQHandler                        
000050d5  DMA_INT3_IRQHandler                        
000050d5  DebugMon_Handler                           
000050d5  Default_Handler                            
00001a19  ENCODER_TEST                               
00002ed1  EUSCIA0_IRQHandler                         
00002ed1  EUSCIA0_IRQHandler                         
000050d5  EUSCIA1_IRQHandler                         
00002eff  EUSCIA2_IRQHandler                         
00002eff  EUSCIA2_IRQHandler                         
000034d1  EUSCIA3_IRQHandler                         
000034d1  EUSCIA3_IRQHandler                         
000050d5  EUSCIB0_IRQHandler                         
000050d5  EUSCIB1_IRQHandler                         
000050d5  EUSCIB2_IRQHandler                         
000050d5  EUSCIB3_IRQHandler                         
00001901  Encoder_clr                                
0000514c  F6x8                                       
000050d5  FLCTL_IRQHandler                           
000050d5  FPU_IRQHandler                             
00004fc1  FPU_enableModule                           
00004d49  FlashCtl_setWaitState                      
00001371  GET_ADC_VALUE                              
000018c5  GET_encoder_dir                            
00001889  GET_encoder_num                            
00004f09  GPIO_clearInterruptFlag                    
00004fd5  GPIO_enableInterrupt                       
00004c05  GPIO_getEnabledInterruptStatus             
00004f21  GPIO_getInputPinValue                      
0000505d  GPIO_getInterruptStatus                    
00004cc5  GPIO_setAsInputPin                         
00004c35  GPIO_setAsInputPinWithPullUpResistor       
00004dbd  GPIO_setAsOutputPin                        
00004a45  GPIO_setAsPeripheralModuleFunctionInputPin 
000049ad  GPIO_setAsPeripheralModuleFunctionOutputPin
00004fe9  GPIO_setOutputHighOnPin                    
00004f39  GPIO_setOutputLowOnPin                     
00004ffd  GPIO_toggleOutputOnPin                     
000050d5  HardFault_Handler                          
00005374  Hzk                                        
20002a74  IRQ3_5flag                                 
20002a75  IRQ4_6flag                                 
00004799  Interrupt_enableInterrupt                  
0000506d  Interrupt_enableMaster                     
00004de1  Interrupt_setPriority                      
000050d5  MemManage_Handler                          
000050d5  NMI_Handler                                
00000dbf  OLED_Clear                                 
00000da3  OLED_Display_Off                           
00000d87  OLED_Display_On                            
0000110d  OLED_DrawBMP                               
000011bd  OLED_Init                                  
00000b35  OLED_PutPixel                              
000021e3  OLED_STEER_show                            
00000d4b  OLED_Set_Pos                               
00001057  OLED_ShowCHinese                           
00000e2d  OLED_ShowChar                              
00000ef1  OLED_ShowNum                               
00000ff5  OLED_ShowString                            
00000fc5  OLED_Showfloat                             
00000cbb  OLED_WR_Byte                               
00000ba5  OLED_pos_clr                               
00001985  OLED_show                                  
0000156d  OLED_showADC                               
20002800  Oscill_data_buff                           
000050d5  PCM_IRQHandler                             
00004cf1  PCM_getCoreVoltageLevel                    
00004d1d  PCM_getPowerMode                           
000050e5  PCM_getPowerState                          
00004d71  PCM_gotoLPM0                               
00004559  PCM_gotoLPM3                               
0000507d  PCM_gotoLPM4                               
00005113  PCM_setCoreVoltageLevel                    
0000511b  PCM_setPowerMode                           
00005123  PCM_setPowerState                          
0000495d  PCM_shutdownDevice                         
000037dd  PIT_init                                   
000023d9  PORT1_IRQHandler                           
000023d9  PORT1_IRQHandler                           
00002417  PORT2_IRQHandler                           
00002417  PORT2_IRQHandler                           
0000246b  PORT3_IRQHandler                           
0000246b  PORT3_IRQHandler                           
000024c3  PORT4_IRQHandler                           
000024c3  PORT4_IRQHandler                           
00002531  PORT5_IRQHandler                           
00002531  PORT5_IRQHandler                           
00002585  PORT6_IRQHandler                           
00002585  PORT6_IRQHandler                           
000050d5  PSS_IRQHandler                             
00001d3d  PWM_TEST                                   
000050d5  PendSV_Handler                             
000050d5  RTC_C_IRQHandler                           
00004e05  RTC_C_holdClock                            
20002aac  R_FLAG                                     
000050c9  Reset_Handler                              
00002231  STEER_TEST                                 
000050d5  SVC_Handler                                
0000508d  SysCtl_disableNMISource                    
0000509d  SysCtl_enableNMISource                     
00005011  SysCtl_enableSRAMBankRetention             
000050f1  SysCtl_getNMISourceStatus                  
00002cd1  SysTick_Handler                            
00002cd1  SysTick_Handler                            
20002ad4  SystemCoreClock                            
00001de9  SystemCoreClockUpdate                      
00002061  SystemInit                                 
000050d5  T32_INT1_IRQHandler                        
000050d5  T32_INT2_IRQHandler                        
000050d5  T32_INTC_IRQHandler                        
000025df  TA0_0_IRQHandler                           
000025df  TA0_0_IRQHandler                           
00001945  TA0_N_IRQHandler                           
00001945  TA0_N_IRQHandler                           
000025f5  TA1_0_IRQHandler                           
000025f5  TA1_0_IRQHandler                           
000050d5  TA1_N_IRQHandler                           
00002601  TA2_0_IRQHandler                           
00002601  TA2_0_IRQHandler                           
000050d5  TA2_N_IRQHandler                           
0000260d  TA3_0_IRQHandler                           
0000260d  TA3_0_IRQHandler                           
000050d5  TA3_N_IRQHandler                           
000056c8  UART0                                      
20002ada  UART0_RXDat                                
00002d69  UART0_init                                 
000056ec  UART2                                      
20002ad9  UART2_RXDat                                
00002db9  UART2_init                                 
00005710  UART3                                      
20002ad8  UART3_RXDat                                
00005734  UART3_SET                                  
00002e3f  UART3_init                                 
000050ad  UART_clearInterruptFlag                    
00004e29  UART_disableInterrupt                      
00004f81  UART_enableInterrupt                       
000050fd  UART_enableModule                          
00004c65  UART_getEnabledInterruptStatus             
0000513b  UART_getInterruptStatus                    
000043b9  UART_initModule                            
00004e4d  UART_receiveData                           
00002ec1  UART_send_Num                              
00002e8f  UART_send_string                           
00004e71  UART_transmitData                          
000050d5  UsageFault_Handler                         
4000480c  WDTCTL_SYM                                 
000050d5  WDT_A_IRQHandler                           
00004f51  WDT_A_holdTimer                            
20010000  __STACK_END                                
00000200  __STACK_SIZE                               
000057c0  __TI_CINIT_Base                            
000057d0  __TI_CINIT_Limit                           
000057ac  __TI_Handler_Table_Base                    
000057b8  __TI_Handler_Table_Limit                   
00004ad5  __TI_auto_init_nobinit_nopinit             
0000472f  __TI_decompress_lzss                       
000050bb  __TI_decompress_none                       
000048b7  __TI_ltoa                                  
ffffffff  __TI_pprof_out_hndl                        
000000e5  __TI_printfi                               
ffffffff  __TI_prof_data_size                        
ffffffff  __TI_prof_data_start                       
00000000  __TI_static_base__                         
00004eb5  __TI_zero_init_nomemset                    
0000444d  __aeabi_cdcmpeq                            
0000444d  __aeabi_cdcmple                            
000044d3  __aeabi_cdrcmple                           
00004a8d  __aeabi_d2iz                               
000032db  __aeabi_dadd                               
00003a61  __aeabi_ddiv                               
00003dcd  __aeabi_dmul                               
000032d1  __aeabi_dsub                               
0000512d  __aeabi_errno_addr                         
00004b97  __aeabi_f2d                                
00004c95  __aeabi_i2d                                
00000b33  __aeabi_idiv0                              
00000b33  __aeabi_ldiv0                              
000045d5  __aeabi_memclr                             
000045d5  __aeabi_memclr4                            
000045d5  __aeabi_memclr8                            
00004285  __aeabi_memcpy                             
00004285  __aeabi_memcpy4                            
00004285  __aeabi_memcpy8                            
000045d7  __aeabi_memset                             
000045d7  __aeabi_memset4                            
000045d7  __aeabi_memset8                            
00004e95  __aeabi_ui2d                               
00004321  __aeabi_uldivmod                           
ffffffff  __binit__                                  
ffffffff  __c_args__                                 
UNDEFED   __mpu_init                                 
2000fe00  __stack                                    
20000000  __start___llvm_prf_cnts                    
20000000  __stop___llvm_prf_cnts                     
00004bd1  _c_int00_noargs                            
00005534  _ctypes_                                   
UNDEFED   _system_post_cinit                         
00005145  _system_pre_init                           
00005149  abort                                      
20002b58  ad_get                                     
000049f9  atoi                                       
ffffffff  binit                                      
20002400  bmp                                        
20002000  bmp2                                       
00004eed  copysign                                   
00004eed  copysignl                                  
20002a68  count                                      
20002a5c  count_max                                  
20002a58  dirf                                       
20002acc  duty                                       
20002b34  encoder_A                                  
20002b3c  encoder_B                                  
20002b44  encoder_C                                  
20002b4c  encoder_D                                  
000016dd  encoder_IncTypeDef_init                    
00001739  encoder_dirpin_init                        
000017e1  encoder_init                               
00001791  encoder_interrupt_init                     
20002ad0  errno                                      
00002b29  error                                      
000047fd  frexp                                      
000047fd  frexpl                                     
00002a77  gpio_INT_EN                                
00002965  gpio_edg_sel                               
00002925  gpio_get                                   
000028c1  gpio_init                                  
00002acb  gpio_interrupt_INIT                        
00002935  gpio_set                                   
00002955  gpio_toggle                                
20002a8c  ii                                         
00000000  interruptVectors                           
0000316f  key_get                                    
00003111  key_init                                   
000031c7  key_test                                   
00003cbd  ldexp                                      
00003cbd  ldexpl                                     
00005039  main                                       
00004ed1  memccpy                                    
00004285  memcpy                                     
000045dd  memset                                     
00000eb7  oled_pow                                   
00000bd9  oled_update                                
20002adc  oscill1                                    
20002a60  page_count                                 
00001aa9  pwm_clock_init                             
00001cd3  pwm_duty                                   
00001acd  pwm_init                                   
20002a78  receive_success                            
00003cbd  scalbn                                     
00003cbd  scalbnl                                    
20000000  screen_buf                                 
00002b51  set_DCO_48MH                               
00002bf1  set_clock_period                           
00004b19  sprintf                                    
20002a64  start_flag                                 
20002a94  steer_dutyA                                
20002a98  steer_dutyB                                
20002a9c  steer_flag                                 
00002151  steer_limit                                
000021b5  steer_pwm_duty                             
0000211d  steer_pwm_init                             
00004f97  strchr                                     
00005025  strlen                                     
20002abc  sysc                                       
00002cb1  system_init                                
00002ca3  systic_clr                                 
00002cf9  systic_delayms                             
00002cdb  systic_delayus                             
00002c35  systic_end                                 
00002bfb  systic_init                                
00002c43  systic_read                                
00002c1f  systic_start                               
20002ac0  systim                                     
20002a6c  testA                                      
20002a70  testB                                      
20002ab8  time_counter                               
20002ab4  timerAcapturePointer                       
20002a30  timerAcaptureValues                        
0000504b  wcslen                                     


GLOBAL SYMBOLS: SORTED BY Symbol Address 

address   name                                       
-------   ----                                       
00000000  __TI_static_base__                         
00000000  interruptVectors                           
000000e5  __TI_printfi                               
00000200  __STACK_SIZE                               
00000b33  __aeabi_idiv0                              
00000b33  __aeabi_ldiv0                              
00000b35  OLED_PutPixel                              
00000ba5  OLED_pos_clr                               
00000bd9  oled_update                                
00000cbb  OLED_WR_Byte                               
00000d4b  OLED_Set_Pos                               
00000d87  OLED_Display_On                            
00000da3  OLED_Display_Off                           
00000dbf  OLED_Clear                                 
00000e2d  OLED_ShowChar                              
00000eb7  oled_pow                                   
00000ef1  OLED_ShowNum                               
00000fc5  OLED_Showfloat                             
00000ff5  OLED_ShowString                            
00001057  OLED_ShowCHinese                           
0000110d  OLED_DrawBMP                               
000011bd  OLED_Init                                  
00001311  ADC_INIT                                   
00001371  GET_ADC_VALUE                              
000013ad  ADC_mean_filter                            
00001401  ADC14_IRQHandler                           
00001401  ADC14_IRQHandler                           
0000156d  OLED_showADC                               
000015c3  ADC_TEST                                   
000016dd  encoder_IncTypeDef_init                    
00001739  encoder_dirpin_init                        
00001791  encoder_interrupt_init                     
000017e1  encoder_init                               
00001889  GET_encoder_num                            
000018c5  GET_encoder_dir                            
00001901  Encoder_clr                                
00001945  TA0_N_IRQHandler                           
00001945  TA0_N_IRQHandler                           
00001985  OLED_show                                  
00001a19  ENCODER_TEST                               
00001aa9  pwm_clock_init                             
00001acd  pwm_init                                   
00001cd3  pwm_duty                                   
00001d3d  PWM_TEST                                   
00001de9  SystemCoreClockUpdate                      
00002061  SystemInit                                 
0000211d  steer_pwm_init                             
00002151  steer_limit                                
000021b5  steer_pwm_duty                             
000021e3  OLED_STEER_show                            
00002231  STEER_TEST                                 
000023d9  PORT1_IRQHandler                           
000023d9  PORT1_IRQHandler                           
00002417  PORT2_IRQHandler                           
00002417  PORT2_IRQHandler                           
0000246b  PORT3_IRQHandler                           
0000246b  PORT3_IRQHandler                           
000024c3  PORT4_IRQHandler                           
000024c3  PORT4_IRQHandler                           
00002531  PORT5_IRQHandler                           
00002531  PORT5_IRQHandler                           
00002585  PORT6_IRQHandler                           
00002585  PORT6_IRQHandler                           
000025df  TA0_0_IRQHandler                           
000025df  TA0_0_IRQHandler                           
000025f5  TA1_0_IRQHandler                           
000025f5  TA1_0_IRQHandler                           
00002601  TA2_0_IRQHandler                           
00002601  TA2_0_IRQHandler                           
0000260d  TA3_0_IRQHandler                           
0000260d  TA3_0_IRQHandler                           
000028c1  gpio_init                                  
00002925  gpio_get                                   
00002935  gpio_set                                   
00002955  gpio_toggle                                
00002965  gpio_edg_sel                               
00002a77  gpio_INT_EN                                
00002acb  gpio_interrupt_INIT                        
00002b29  error                                      
00002b51  set_DCO_48MH                               
00002bf1  set_clock_period                           
00002bfb  systic_init                                
00002c1f  systic_start                               
00002c35  systic_end                                 
00002c43  systic_read                                
00002ca3  systic_clr                                 
00002cb1  system_init                                
00002cd1  SysTick_Handler                            
00002cd1  SysTick_Handler                            
00002cdb  systic_delayus                             
00002cf9  systic_delayms                             
00002d69  UART0_init                                 
00002db9  UART2_init                                 
00002e3f  UART3_init                                 
00002e8f  UART_send_string                           
00002ec1  UART_send_Num                              
00002ed1  EUSCIA0_IRQHandler                         
00002ed1  EUSCIA0_IRQHandler                         
00002eff  EUSCIA2_IRQHandler                         
00002eff  EUSCIA2_IRQHandler                         
00003111  key_init                                   
0000316f  key_get                                    
000031c7  key_test                                   
000032d1  __aeabi_dsub                               
000032db  __aeabi_dadd                               
00003489  ADS_RCV_Init                               
000034d1  EUSCIA3_IRQHandler                         
000034d1  EUSCIA3_IRQHandler                         
00003561  ADS_Get                                    
000035a3  ADS_RCV_GetData32                          
000037dd  PIT_init                                   
00003a61  __aeabi_ddiv                               
00003cbd  ldexp                                      
00003cbd  ldexpl                                     
00003cbd  scalbn                                     
00003cbd  scalbnl                                    
00003dcd  __aeabi_dmul                               
00003ec9  CS_initClockSignal                         
000041e9  CS_startHFXTWithTimeout                    
00004285  __aeabi_memcpy                             
00004285  __aeabi_memcpy4                            
00004285  __aeabi_memcpy8                            
00004285  memcpy                                     
00004321  __aeabi_uldivmod                           
000043b9  UART_initModule                            
0000444d  __aeabi_cdcmpeq                            
0000444d  __aeabi_cdcmple                            
000044d3  __aeabi_cdrcmple                           
00004559  PCM_gotoLPM3                               
000045d5  __aeabi_memclr                             
000045d5  __aeabi_memclr4                            
000045d5  __aeabi_memclr8                            
000045d7  __aeabi_memset                             
000045d7  __aeabi_memset4                            
000045d7  __aeabi_memset8                            
000045dd  memset                                     
0000472f  __TI_decompress_lzss                       
00004799  Interrupt_enableInterrupt                  
000047fd  frexp                                      
000047fd  frexpl                                     
000048b7  __TI_ltoa                                  
0000495d  PCM_shutdownDevice                         
000049ad  GPIO_setAsPeripheralModuleFunctionOutputPin
000049f9  atoi                                       
00004a45  GPIO_setAsPeripheralModuleFunctionInputPin 
00004a8d  __aeabi_d2iz                               
00004ad5  __TI_auto_init_nobinit_nopinit             
00004b19  sprintf                                    
00004b97  __aeabi_f2d                                
00004bd1  _c_int00_noargs                            
00004c05  GPIO_getEnabledInterruptStatus             
00004c35  GPIO_setAsInputPinWithPullUpResistor       
00004c65  UART_getEnabledInterruptStatus             
00004c95  __aeabi_i2d                                
00004cc5  GPIO_setAsInputPin                         
00004cf1  PCM_getCoreVoltageLevel                    
00004d1d  PCM_getPowerMode                           
00004d49  FlashCtl_setWaitState                      
00004d71  PCM_gotoLPM0                               
00004d99  CS_setDCOCenteredFrequency                 
00004dbd  GPIO_setAsOutputPin                        
00004de1  Interrupt_setPriority                      
00004e05  RTC_C_holdClock                            
00004e29  UART_disableInterrupt                      
00004e4d  UART_receiveData                           
00004e71  UART_transmitData                          
00004e95  __aeabi_ui2d                               
00004eb5  __TI_zero_init_nomemset                    
00004ed1  memccpy                                    
00004eed  copysign                                   
00004eed  copysignl                                  
00004f09  GPIO_clearInterruptFlag                    
00004f21  GPIO_getInputPinValue                      
00004f39  GPIO_setOutputLowOnPin                     
00004f51  WDT_A_holdTimer                            
00004f81  UART_enableInterrupt                       
00004f97  strchr                                     
00004fad  CS_setExternalClockSourceFrequency         
00004fc1  FPU_enableModule                           
00004fd5  GPIO_enableInterrupt                       
00004fe9  GPIO_setOutputHighOnPin                    
00004ffd  GPIO_toggleOutputOnPin                     
00005011  SysCtl_enableSRAMBankRetention             
00005025  strlen                                     
00005039  main                                       
0000504b  wcslen                                     
0000505d  GPIO_getInterruptStatus                    
0000506d  Interrupt_enableMaster                     
0000507d  PCM_gotoLPM4                               
0000508d  SysCtl_disableNMISource                    
0000509d  SysCtl_enableNMISource                     
000050ad  UART_clearInterruptFlag                    
000050bb  __TI_decompress_none                       
000050c9  Reset_Handler                              
000050d5  AES256_IRQHandler                          
000050d5  BusFault_Handler                           
000050d5  COMP_E0_IRQHandler                         
000050d5  COMP_E1_IRQHandler                         
000050d5  CS_IRQHandler                              
000050d5  DMA_ERR_IRQHandler                         
000050d5  DMA_INT0_IRQHandler                        
000050d5  DMA_INT1_IRQHandler                        
000050d5  DMA_INT2_IRQHandler                        
000050d5  DMA_INT3_IRQHandler                        
000050d5  DebugMon_Handler                           
000050d5  Default_Handler                            
000050d5  EUSCIA1_IRQHandler                         
000050d5  EUSCIB0_IRQHandler                         
000050d5  EUSCIB1_IRQHandler                         
000050d5  EUSCIB2_IRQHandler                         
000050d5  EUSCIB3_IRQHandler                         
000050d5  FLCTL_IRQHandler                           
000050d5  FPU_IRQHandler                             
000050d5  HardFault_Handler                          
000050d5  MemManage_Handler                          
000050d5  NMI_Handler                                
000050d5  PCM_IRQHandler                             
000050d5  PSS_IRQHandler                             
000050d5  PendSV_Handler                             
000050d5  RTC_C_IRQHandler                           
000050d5  SVC_Handler                                
000050d5  T32_INT1_IRQHandler                        
000050d5  T32_INT2_IRQHandler                        
000050d5  T32_INTC_IRQHandler                        
000050d5  TA1_N_IRQHandler                           
000050d5  TA2_N_IRQHandler                           
000050d5  TA3_N_IRQHandler                           
000050d5  UsageFault_Handler                         
000050d5  WDT_A_IRQHandler                           
000050d7  CPU_cpsie                                  
000050e5  PCM_getPowerState                          
000050f1  SysCtl_getNMISourceStatus                  
000050fd  UART_enableModule                          
00005113  PCM_setCoreVoltageLevel                    
0000511b  PCM_setPowerMode                           
00005123  PCM_setPowerState                          
0000512d  __aeabi_errno_addr                         
00005135  CS_startHFXT                               
0000513b  UART_getInterruptStatus                    
00005141  CPU_wfi                                    
00005145  _system_pre_init                           
00005149  C$$EXIT                                    
00005149  abort                                      
0000514c  F6x8                                       
00005374  Hzk                                        
00005534  _ctypes_                                   
000056c8  UART0                                      
000056ec  UART2                                      
00005710  UART3                                      
00005734  UART3_SET                                  
000057ac  __TI_Handler_Table_Base                    
000057b8  __TI_Handler_Table_Limit                   
000057c0  __TI_CINIT_Base                            
000057d0  __TI_CINIT_Limit                           
20000000  __start___llvm_prf_cnts                    
20000000  __stop___llvm_prf_cnts                     
20000000  screen_buf                                 
20002000  bmp2                                       
20002400  bmp                                        
20002800  Oscill_data_buff                           
20002a30  timerAcaptureValues                        
20002a58  dirf                                       
20002a5c  count_max                                  
20002a60  page_count                                 
20002a64  start_flag                                 
20002a68  count                                      
20002a6c  testA                                      
20002a70  testB                                      
20002a74  IRQ3_5flag                                 
20002a75  IRQ4_6flag                                 
20002a76  A_flag                                     
20002a77  B_flag                                     
20002a78  receive_success                            
20002a7c  ADC_CA                                     
20002a80  ADC_CB                                     
20002a84  ADC_CC                                     
20002a88  ADC_CD                                     
20002a8c  ii                                         
20002a90  ADC_receive_count                          
20002a94  steer_dutyA                                
20002a98  steer_dutyB                                
20002a9c  steer_flag                                 
20002aa0  ADS_RCV_DATA                               
20002aac  R_FLAG                                     
20002aad  ADS_RCV_FLAG                               
20002aae  ADS_RCV_STATE                              
20002ab4  timerAcapturePointer                       
20002ab8  time_counter                               
20002abc  sysc                                       
20002ac0  systim                                     
20002acc  duty                                       
20002ad0  errno                                      
20002ad4  SystemCoreClock                            
20002ad8  UART3_RXDat                                
20002ad9  UART2_RXDat                                
20002ada  UART0_RXDat                                
20002adc  oscill1                                    
20002af4  A0results                                  
20002b04  A1results                                  
20002b14  A2results                                  
20002b24  A3results                                  
20002b34  encoder_A                                  
20002b3c  encoder_B                                  
20002b44  encoder_C                                  
20002b4c  encoder_D                                  
20002b58  ad_get                                     
2000fe00  __stack                                    
20010000  __STACK_END                                
4000480c  WDTCTL_SYM                                 
ffffffff  __TI_pprof_out_hndl                        
ffffffff  __TI_prof_data_size                        
ffffffff  __TI_prof_data_start                       
ffffffff  __binit__                                  
ffffffff  __c_args__                                 
ffffffff  binit                                      
UNDEFED   __mpu_init                                 
UNDEFED   _system_post_cinit                         

[317 symbols]
