******************************************************************************
                  TI ARM Linker PC v20.2.1                     
******************************************************************************
>> Linked Tue Jul 27 16:32:54 2021

OUTPUT FILE NAME:   <mmWave-uart.out>
ENTRY POINT SYMBOL: "_c_int00_noargs"  address: 0000448d


MEMORY CONFIGURATION

         name            origin    length      used     unused   attr    fill
----------------------  --------  ---------  --------  --------  ----  --------
  MAIN                  00000000   00040000  00005084  0003af7c  R  X
  INFO                  00200000   00004000  00000000  00004000  R  X
  SRAM_CODE             01000000   00010000  00002d55  0000d2ab  RW X
  SRAM_DATA             20000000   00010000  00002d55  0000d2ab  RW  


SEGMENT ALLOCATION MAP

run origin  load origin   length   init length attrs members
----------  ----------- ---------- ----------- ----- -------
00000000    00000000    00005088   00005088    r-x
  00000000    00000000    000000e4   000000e4    r-- .intvecs
  000000e4    000000e4    00004924   00004924    r-x .text
  00004a08    00004a08    0000060c   0000060c    r-- .const
  00005018    00005018    00000070   00000070    r-- .cinit
20000000    20000000    00002b56   00000000    rw-
  20000000    20000000    00002acb   00000000    rw- .data
  20002acc    20002acc    0000008a   00000000    rw- .bss
2000fe00    2000fe00    00000200   00000000    rw-
  2000fe00    2000fe00    00000200   00000000    rw- .stack


SECTION ALLOCATION MAP

 output                                  attributes/
section   page    origin      length       input sections
--------  ----  ----------  ----------   ----------------
.intvecs   0    00000000    000000e4     
                  00000000    000000e4     startup_msp432p401r_ccs.obj (.intvecs:retain)

.text      0    000000e4    00004924     
                  000000e4    00000a4e     rtsv7M4_T_le_v4SPD16_eabi.lib : _printfi.c.obj (.text:__TI_printfi)
                  00000b32    00000002                                   : div0.asm.obj (.text)
                  00000b34    000007dc     oled.obj (.text)
                  00001310    000003f0     exinencoder.obj (.text)
                  00001700    000003cc     exinADC.obj (.text)
                  00001acc    00000334     system_msp432p401r.obj (.text)
                  00001e00    000002cc     exinisr.obj (.text)
                  000020cc    00000270     rtsv7M4_T_le_v4SPD16_eabi.lib : _printfi.c.obj (.text:_pconv_a)
                  0000233c    00000268     exingpio.obj (.text)
                  000025a4    00000240     exinsystem.obj (.text)
                  000027e4    000001d8     exinuart.obj (.text)
                  000029bc    000001d0     rtsv7M4_T_le_v4SPD16_eabi.lib : _printfi.c.obj (.text:_pconv_g)
                  00002b8c    000001b6                                   : fd_add_t2.asm.obj (.text)
                  00002d42    00000002     --HOLE-- [fill = 0]
                  00002d44    000001b4     ADS_RCV.obj (.text)
                  00002ef8    000001a0     msp432p4xx_driverlib.lib : pcm.o (.text:__PCM_setPowerStateAdvanced)
                  00003098    00000148     exin_pit.obj (.text)
                  000031e0    0000013c     rtsv7M4_T_le_v4SPD16_eabi.lib : _printfi.c.obj (.text:_pconv_e)
                  0000331c    00000136                                   : fd_div_t2.asm.obj (.text)
                  00003452    00000002     --HOLE-- [fill = 0]
                  00003454    00000124                                   : _printfi.c.obj (.text:fcvt)
                  00003578    00000110                                   : s_scalbn.c.obj (.text:scalbn)
                  00003688    000000fc                                   : fd_mul_t2.asm.obj (.text)
                  00003784    000000e0     msp432p4xx_driverlib.lib : cs.o (.text:CS_initClockSignal)
                  00003864    000000dc                              : pcm.o (.text:__PCM_setPowerModeAdvanced)
                  00003940    000000b1     rtsv7M4_T_le_v4SPD16_eabi.lib : _printfi.c.obj (.text:_ltostr)
                  000039f1    00000003     --HOLE-- [fill = 0]
                  000039f4    000000b0     msp432p4xx_driverlib.lib : pcm.o (.text:__PCM_setCoreVoltageLevelAdvanced)
                  00003aa4    0000009c                              : cs.o (.text:CS_startHFXTWithTimeout)
                  00003b40    0000009c     rtsv7M4_T_le_v4SPD16_eabi.lib : memcpy_t2.asm.obj (.text)
                  00003bdc    00000096                                   : ull_div_t2.asm.obj (.text)
                  00003c72    00000002     --HOLE-- [fill = 0]
                  00003c74    00000094     msp432p4xx_driverlib.lib : uart.o (.text:UART_initModule)
                  00003d08    00000086     rtsv7M4_T_le_v4SPD16_eabi.lib : fd_cmp_t2.asm.obj (.text:__aeabi_cdcmple)
                  00003d8e    00000086                                   : fd_cmp_t2.asm.obj (.text:__aeabi_cdrcmple)
                  00003e14    0000007c     msp432p4xx_driverlib.lib : pcm.o (.text:PCM_gotoLPM3)
                  00003e90    0000007a     rtsv7M4_T_le_v4SPD16_eabi.lib : memset_t2.asm.obj (.text)
                  00003f0a    00000002     --HOLE-- [fill = 0]
                  00003f0c    00000070     msp432p4xx_driverlib.lib : cs.o (.text:_CSGetHFXTFrequency)
                  00003f7c    0000006e     rtsv7M4_T_le_v4SPD16_eabi.lib : _printfi.c.obj (.text:_mcpy)
                  00003fea    00000068                                   : copy_decompress_lzss.c.obj (.text:decompress:lzss:__TI_decompress_lzss)
                  00004052    00000002     --HOLE-- [fill = 0]
                  00004054    00000064     msp432p4xx_driverlib.lib : interrupt.o (.text:Interrupt_enableInterrupt)
                  000040b8    00000064     rtsv7M4_T_le_v4SPD16_eabi.lib : s_frexp.c.obj (.text:frexp)
                  0000411c    00000056                                   : _printfi.c.obj (.text:_pconv_f)
                  00004172    00000054                                   : _ltoa.c.obj (.text:__TI_ltoa)
                  000041c6    00000052                                   : _printfi.c.obj (.text:_ecpy)
                  00004218    00000050     msp432p4xx_driverlib.lib : pcm.o (.text:PCM_shutdownDevice)
                  00004268    0000004c                              : gpio.o (.text:GPIO_setAsPeripheralModuleFunctionOutputPin)
                  000042b4    0000004c     rtsv7M4_T_le_v4SPD16_eabi.lib : atoi.c.obj (.text:atoi)
                  00004300    00000048     msp432p4xx_driverlib.lib : gpio.o (.text:GPIO_setAsPeripheralModuleFunctionInputPin)
                  00004348    00000048     rtsv7M4_T_le_v4SPD16_eabi.lib : fd_toi_t2.asm.obj (.text)
                  00004390    00000044                                   : autoinit.c.obj (.text:__TI_auto_init_nobinit_nopinit:__TI_auto_init_nobinit_nopinit)
                  000043d4    00000040                                   : sprintf.c.obj (.text:sprintf)
                  00004414    0000003e                                   : _printfi.c.obj (.text:_fcpy)
                  00004452    00000038                                   : fs_tod_t2.asm.obj (.text)
                  0000448a    00000002     --HOLE-- [fill = 0]
                  0000448c    00000034                                   : boot_cortex_m.c.obj (.text:_c_int00_noargs:_c_int00_noargs)
                  000044c0    00000030     msp432p4xx_driverlib.lib : gpio.o (.text:GPIO_getEnabledInterruptStatus)
                  000044f0    00000030                              : gpio.o (.text:GPIO_setAsInputPinWithPullUpResistor)
                  00004520    00000030                              : uart.o (.text:UART_getEnabledInterruptStatus)
                  00004550    0000002e     rtsv7M4_T_le_v4SPD16_eabi.lib : i_tofd_t2.asm.obj (.text)
                  0000457e    00000002     --HOLE-- [fill = 0]
                  00004580    0000002c     msp432p4xx_driverlib.lib : gpio.o (.text:GPIO_setAsInputPin)
                  000045ac    0000002c                              : pcm.o (.text:PCM_getCoreVoltageLevel)
                  000045d8    0000002a                              : pcm.o (.text:PCM_getPowerMode)
                  00004602    00000002     --HOLE-- [fill = 0]
                  00004604    00000028                              : flash.o (.text:FlashCtl_setWaitState)
                  0000462c    00000028                              : pcm.o (.text:PCM_gotoLPM0)
                  00004654    00000024                              : cs.o (.text:CS_setDCOCenteredFrequency)
                  00004678    00000024                              : gpio.o (.text:GPIO_setAsOutputPin)
                  0000469c    00000024                              : interrupt.o (.text:Interrupt_setPriority)
                  000046c0    00000024                              : rtc_c.o (.text:RTC_C_holdClock)
                  000046e4    00000024                              : uart.o (.text:UART_disableInterrupt)
                  00004708    00000024                              : uart.o (.text:UART_receiveData)
                  0000472c    00000024                              : uart.o (.text:UART_transmitData)
                  00004750    00000020     rtsv7M4_T_le_v4SPD16_eabi.lib : u_tofd_t2.asm.obj (.text)
                  00004770    0000001c                                   : copy_zero_init.c.obj (.text:decompress:ZI:__TI_zero_init_nomemset:__TI_zero_init_nomemset)
                  0000478c    0000001c                                   : memccpy.c.obj (.text:memccpy)
                  000047a8    0000001a                                   : s_copysign.c.obj (.text:copysign)
                  000047c2    00000002     --HOLE-- [fill = 0]
                  000047c4    00000018     msp432p4xx_driverlib.lib : gpio.o (.text:GPIO_clearInterruptFlag)
                  000047dc    00000018                              : gpio.o (.text:GPIO_getInputPinValue)
                  000047f4    00000018                              : gpio.o (.text:GPIO_setOutputLowOnPin)
                  0000480c    00000018                              : wdt_a.o (.text:WDT_A_holdTimer)
                  00004824    00000018     rtsv7M4_T_le_v4SPD16_eabi.lib : sprintf.c.obj (.text:_outs)
                  0000483c    00000016     msp432p4xx_driverlib.lib : uart.o (.text:UART_enableInterrupt)
                  00004852    00000016     rtsv7M4_T_le_v4SPD16_eabi.lib : strchr.c.obj (.text:strchr)
                  00004868    00000014     msp432p4xx_driverlib.lib : cs.o (.text:CS_setExternalClockSourceFrequency)
                  0000487c    00000014                              : fpu.o (.text:FPU_enableModule)
                  00004890    00000014                              : gpio.o (.text:GPIO_enableInterrupt)
                  000048a4    00000014                              : gpio.o (.text:GPIO_setOutputHighOnPin)
                  000048b8    00000014                              : gpio.o (.text:GPIO_toggleOutputOnPin)
                  000048cc    00000014                              : sysctl.o (.text:SysCtl_enableSRAMBankRetention)
                  000048e0    00000014     rtsv7M4_T_le_v4SPD16_eabi.lib : strlen.c.obj (.text:strlen)
                  000048f4    00000012     EXIN_ENCODER.obj (.text)
                  00004906    00000012     rtsv7M4_T_le_v4SPD16_eabi.lib : wcslen.c.obj (.text:wcslen)
                  00004918    00000010     msp432p4xx_driverlib.lib : gpio.o (.text:GPIO_getInterruptStatus)
                  00004928    00000010                              : interrupt.o (.text:Interrupt_enableMaster)
                  00004938    00000010                              : pcm.o (.text:PCM_gotoLPM4)
                  00004948    00000010                              : sysctl.o (.text:SysCtl_disableNMISource)
                  00004958    00000010                              : sysctl.o (.text:SysCtl_enableNMISource)
                  00004968    0000000e                              : uart.o (.text:UART_clearInterruptFlag)
                  00004976    0000000e     rtsv7M4_T_le_v4SPD16_eabi.lib : copy_decompress_none.c.obj (.text:decompress:none:__TI_decompress_none)
                  00004984    0000000e     startup_msp432p401r_ccs.obj (.text)
                  00004992    0000000c     msp432p4xx_driverlib.lib : cpu.o (.text:CPU_cpsie)
                  0000499e    00000002     --HOLE-- [fill = 0]
                  000049a0    0000000c                              : pcm.o (.text:PCM_getPowerState)
                  000049ac    0000000c                              : sysctl.o (.text:SysCtl_getNMISourceStatus)
                  000049b8    0000000c                              : uart.o (.text:UART_enableModule)
                  000049c4    0000000a     rtsv7M4_T_le_v4SPD16_eabi.lib : sprintf.c.obj (.text:_outc)
                  000049ce    00000008     msp432p4xx_driverlib.lib : pcm.o (.text:PCM_setCoreVoltageLevel)
                  000049d6    00000008                              : pcm.o (.text:PCM_setPowerMode)
                  000049de    00000008                              : pcm.o (.text:PCM_setPowerState)
                  000049e6    00000002     --HOLE-- [fill = 0]
                  000049e8    00000008     rtsv7M4_T_le_v4SPD16_eabi.lib : errno.c.obj (.text:__aeabi_errno_addr)
                  000049f0    00000006     msp432p4xx_driverlib.lib : cs.o (.text:CS_startHFXT)
                  000049f6    00000006                              : uart.o (.text:UART_getInterruptStatus)
                  000049fc    00000004                              : cpu.o (.text:CPU_wfi)
                  00004a00    00000004     rtsv7M4_T_le_v4SPD16_eabi.lib : pre_init.c.obj (.text:_system_pre_init)
                  00004a04    00000004                                   : exit.c.obj (.text:abort:abort)

.const     0    00004a08    0000060c     
                  00004a08    00000228     oled.obj (.const:F6x8)
                  00004c30    000001c0     oled.obj (.const:Hzk)
                  00004df0    00000101     rtsv7M4_T_le_v4SPD16_eabi.lib : ctype.c.obj (.const:.string:_ctypes_)
                  00004ef1    00000003     --HOLE-- [fill = 0]
                  00004ef4    00000050     msp432p4xx_driverlib.lib : interrupt.o (.const:g_pulRegs)
                  00004f44    00000040                              : interrupt.o (.const)
                  00004f84    00000024     exinuart.obj (.const:UART0)
                  00004fa8    00000024     exinuart.obj (.const:UART2)
                  00004fcc    00000024     exinuart.obj (.const:UART3)
                  00004ff0    00000024     ADS_RCV.obj (.const:UART3_SET)

.cinit     0    00005018    00000070     
                  00005018    0000004c     (.cinit..data.load) [load image, compression = lzss]
                  00005064    0000000c     (__TI_handler_table)
                  00005070    00000008     (.cinit..bss.load) [load image, compression = zero_init]
                  00005078    00000010     (__TI_cinit_table)

.init_array 
*          0    00000000    00000000     UNINITIALIZED

.binit     0    00000000    00000000     

.data      0    20000000    00002acb     UNINITIALIZED
                  20000000    00002000     oled.obj (.data:screen_buf)
                  20002000    00000400     oled.obj (.data:bmp2)
                  20002400    00000400     oled.obj (.data:bmp)
                  20002800    00000200     Oscill_OLED.obj (.data:Oscill_data_buff)
                  20002a00    00000030     msp432p4xx_driverlib.lib : gpio.o (.data:GPIO_PORT_TO_BASE)
                  20002a30    00000028     exinencoder.obj (.data:timerAcaptureValues)
                  20002a58    00000020     exinadjust.obj (.data)
                  20002a78    0000001c     exinADC.obj (.data)
                  20002a94    0000000a     ADS_RCV.obj (.data:ADS_RCV_DATA)
                  20002a9e    00000002     --HOLE--
                  20002aa0    00000008     ADS_RCV.obj (.data)
                  20002aa8    00000008     exinencoder.obj (.data)
                  20002ab0    00000008     exinsystem.obj (.data)
                  20002ab8    00000008     oled.obj (.data:tmp$2)
                  20002ac0    00000004     rtsv7M4_T_le_v4SPD16_eabi.lib : errno.c.obj (.data)
                  20002ac4    00000004     system_msp432p401r.obj (.data)
                  20002ac8    00000003     exinuart.obj (.data)

.bss       0    20002acc    0000008a     UNINITIALIZED
                  20002acc    00000018     (.common:oscill1)
                  20002ae4    00000010     (.common:A0results)
                  20002af4    00000010     (.common:A1results)
                  20002b04    00000010     (.common:A2results)
                  20002b14    00000010     (.common:A3results)
                  20002b24    00000008     (.common:encoder_A)
                  20002b2c    00000008     (.common:encoder_B)
                  20002b34    00000008     (.common:encoder_C)
                  20002b3c    00000008     (.common:encoder_D)
                  20002b44    00000004     exinsystem.obj (.bss)
                  20002b48    00000004     (.common:ad_get)
                  20002b4c    00000004     (.common:hfxtFreq)
                  20002b50    00000004     (.common:lfxtFreq)
                  20002b54    00000001     exinADC.obj (.bss)
                  20002b55    00000001     oled.obj (.bss)

.stack     0    2000fe00    00000200     UNINITIALIZED
                  2000fe00    00000004     rtsv7M4_T_le_v4SPD16_eabi.lib : boot_cortex_m.c.obj (.stack)
                  2000fe04    000001fc     --HOLE--

__llvm_prf_cnts 
*          0    20000000    00000000     UNINITIALIZED

MODULE SUMMARY

       Module                        code    ro data   rw data
       ------                        ----    -------   -------
    .\
       EXIN_ENCODER.obj              18      0         0      
    +--+-----------------------------+-------+---------+---------+
       Total:                        18      0         0      
                                                              
    .\exinlibs\
       oled.obj                      2012    1000      20498  
       exinencoder.obj               1008    0         160    
       exinADC.obj                   972     0         194    
       Oscill_OLED.obj               0       0         1072   
       system_msp432p401r.obj        820     0         8      
       exinisr.obj                   716     0         0      
       exingpio.obj                  616     0         0      
       exinsystem.obj                576     0         24     
       exinuart.obj                  472     108       6      
       ADS_RCV.obj                   436     36        36     
       exin_pit.obj                  328     0         0      
       startup_msp432p401r_ccs.obj   14      228       0      
       exinadjust.obj                0       0         64     
    +--+-----------------------------+-------+---------+---------+
       Total:                        7970    1372      22062  
                                                              
    C:/ti/msp/MSP432Ware_3_40_00_25/driverlib/driverlib/MSP432P4xx/ccs/msp432p4xx_driverlib.lib
       pcm.o                         1194    0         0      
       cs.o                          554     0         16     
       gpio.o                        472     0         96     
       uart.o                        358     0         0      
       interrupt.o                   152     144       0      
       sysctl.o                      64      0         0      
       flash.o                       40      0         0      
       rtc_c.o                       36      0         0      
       wdt_a.o                       24      0         0      
       fpu.o                         20      0         0      
       cpu.o                         16      0         0      
    +--+-----------------------------+-------+---------+---------+
       Total:                        2930    144       112    
                                                              
    D:\CCS\ccs\tools\compiler\ti-cgt-arm_20.2.1.LTS\lib\rtsv7M4_T_le_v4SPD16_eabi.lib
       _printfi.c.obj                4851    0         0      
       fd_add_t2.asm.obj             438     0         0      
       fd_div_t2.asm.obj             310     0         0      
       s_scalbn.c.obj                272     0         0      
       fd_cmp_t2.asm.obj             268     0         0      
       ctype.c.obj                   0       257       0      
       fd_mul_t2.asm.obj             252     0         0      
       memcpy_t2.asm.obj             156     0         0      
       ull_div_t2.asm.obj            150     0         0      
       memset_t2.asm.obj             122     0         0      
       copy_decompress_lzss.c.obj    104     0         0      
       s_frexp.c.obj                 100     0         0      
       sprintf.c.obj                 98      0         0      
       _ltoa.c.obj                   84      0         0      
       atoi.c.obj                    76      0         0      
       fd_toi_t2.asm.obj             72      0         0      
       autoinit.c.obj                68      0         0      
       fs_tod_t2.asm.obj             56      0         0      
       boot_cortex_m.c.obj           52      0         0      
       i_tofd_t2.asm.obj             46      0         0      
       u_tofd_t2.asm.obj             32      0         0      
       copy_zero_init.c.obj          28      0         0      
       memccpy.c.obj                 28      0         0      
       s_copysign.c.obj              26      0         0      
       strchr.c.obj                  22      0         0      
       strlen.c.obj                  20      0         0      
       wcslen.c.obj                  18      0         0      
       errno.c.obj                   8       0         8      
       copy_decompress_none.c.obj    14      0         0      
       exit.c.obj                    4       0         0      
       pre_init.c.obj                4       0         0      
       div0.asm.obj                  2       0         0      
    +--+-----------------------------+-------+---------+---------+
       Total:                        7781    257       8      
                                                              
       Stack:                        0       0         1024   
       Linker Generated:             0       112       0      
    +--+-----------------------------+-------+---------+---------+
       Grand Total:                  18699   1885      23206  


LINKER GENERATED COPY TABLES

__TI_cinit_table @ 00005078 records: 2, size/record: 8, table size: 16
	.data: load addr=00005018, load size=0000004c bytes, run addr=20000000, run size=00002acb bytes, compression=lzss
	.bss: load addr=00005070, load size=00000008 bytes, run addr=20002acc, run size=0000008a bytes, compression=zero_init


LINKER GENERATED HANDLER TABLE

__TI_handler_table @ 00005064 records: 3, size/record: 4, table size: 12
	index: 0, handler: __TI_decompress_lzss
	index: 1, handler: __TI_decompress_none
	index: 2, handler: __TI_zero_init


GLOBAL SYMBOLS: SORTED ALPHABETICALLY BY Name 

address   name                                       
-------   ----                                       
20002ae4  A0results                                  
20002af4  A1results                                  
20002b04  A2results                                  
20002b14  A3results                                  
000017f1  ADC14_IRQHandler                           
000017f1  ADC14_IRQHandler                           
20002a7c  ADC_CA                                     
20002a80  ADC_CB                                     
20002a84  ADC_CC                                     
20002a88  ADC_CD                                     
00001701  ADC_INIT                                   
000019b3  ADC_TEST                                   
0000179d  ADC_mean_filter                            
20002a90  ADC_receive_count                          
00002e1d  ADS_Get                                    
20002a94  ADS_RCV_DATA                               
20002aa1  ADS_RCV_FLAG                               
00002e5f  ADS_RCV_GetData32                          
00002d45  ADS_RCV_Init                               
20002aa2  ADS_RCV_STATE                              
00004991  AES256_IRQHandler                          
20002a76  A_flag                                     
20002a77  B_flag                                     
00004991  BusFault_Handler                           
00004a05  C$$EXIT                                    
00004991  COMP_E0_IRQHandler                         
00004991  COMP_E1_IRQHandler                         
00004993  CPU_cpsie                                  
000049fd  CPU_wfi                                    
00004991  CS_IRQHandler                              
00003785  CS_initClockSignal                         
00004655  CS_setDCOCenteredFrequency                 
00004869  CS_setExternalClockSourceFrequency         
000049f1  CS_startHFXT                               
00003aa5  CS_startHFXTWithTimeout                    
00004991  DMA_ERR_IRQHandler                         
00004991  DMA_INT0_IRQHandler                        
00004991  DMA_INT1_IRQHandler                        
00004991  DMA_INT2_IRQHandler                        
00004991  DMA_INT3_IRQHandler                        
00004991  DebugMon_Handler                           
00004991  Default_Handler                            
00001665  ENCODER_TEST                               
0000294d  EUSCIA0_IRQHandler                         
0000294d  EUSCIA0_IRQHandler                         
00004991  EUSCIA1_IRQHandler                         
0000297b  EUSCIA2_IRQHandler                         
0000297b  EUSCIA2_IRQHandler                         
00002d8d  EUSCIA3_IRQHandler                         
00002d8d  EUSCIA3_IRQHandler                         
00004991  EUSCIB0_IRQHandler                         
00004991  EUSCIB1_IRQHandler                         
00004991  EUSCIB2_IRQHandler                         
00004991  EUSCIB3_IRQHandler                         
00001535  Encoder_clr                                
00004a08  F6x8                                       
00004991  FLCTL_IRQHandler                           
00004991  FPU_IRQHandler                             
0000487d  FPU_enableModule                           
00004605  FlashCtl_setWaitState                      
00001761  GET_ADC_VALUE                              
000014f9  GET_encoder_dir                            
000014bd  GET_encoder_num                            
000047c5  GPIO_clearInterruptFlag                    
00004891  GPIO_enableInterrupt                       
000044c1  GPIO_getEnabledInterruptStatus             
000047dd  GPIO_getInputPinValue                      
00004919  GPIO_getInterruptStatus                    
00004581  GPIO_setAsInputPin                         
000044f1  GPIO_setAsInputPinWithPullUpResistor       
00004679  GPIO_setAsOutputPin                        
00004301  GPIO_setAsPeripheralModuleFunctionInputPin 
00004269  GPIO_setAsPeripheralModuleFunctionOutputPin
000048a5  GPIO_setOutputHighOnPin                    
000047f5  GPIO_setOutputLowOnPin                     
000048b9  GPIO_toggleOutputOnPin                     
00004991  HardFault_Handler                          
00004c30  Hzk                                        
20002a74  IRQ3_5flag                                 
20002a75  IRQ4_6flag                                 
00004055  Interrupt_enableInterrupt                  
00004929  Interrupt_enableMaster                     
0000469d  Interrupt_setPriority                      
00004991  MemManage_Handler                          
00004991  NMI_Handler                                
00000dbf  OLED_Clear                                 
00000da3  OLED_Display_Off                           
00000d87  OLED_Display_On                            
0000110d  OLED_DrawBMP                               
000011bd  OLED_Init                                  
00000b35  OLED_PutPixel                              
00000d4b  OLED_Set_Pos                               
00001057  OLED_ShowCHinese                           
00000e2d  OLED_ShowChar                              
00000ef1  OLED_ShowNum                               
00000ff5  OLED_ShowString                            
00000fc5  OLED_Showfloat                             
00000cbb  OLED_WR_Byte                               
00000ba5  OLED_pos_clr                               
000015d5  OLED_show                                  
0000195d  OLED_showADC                               
20002800  Oscill_data_buff                           
00004991  PCM_IRQHandler                             
000045ad  PCM_getCoreVoltageLevel                    
000045d9  PCM_getPowerMode                           
000049a1  PCM_getPowerState                          
0000462d  PCM_gotoLPM0                               
00003e15  PCM_gotoLPM3                               
00004939  PCM_gotoLPM4                               
000049cf  PCM_setCoreVoltageLevel                    
000049d7  PCM_setPowerMode                           
000049df  PCM_setPowerState                          
00004219  PCM_shutdownDevice                         
00003099  PIT_init                                   
00001e01  PORT1_IRQHandler                           
00001e01  PORT1_IRQHandler                           
00001e3f  PORT2_IRQHandler                           
00001e3f  PORT2_IRQHandler                           
00001ea5  PORT3_IRQHandler                           
00001ea5  PORT3_IRQHandler                           
00001efd  PORT4_IRQHandler                           
00001efd  PORT4_IRQHandler                           
00001f7d  PORT5_IRQHandler                           
00001f7d  PORT5_IRQHandler                           
00001fe3  PORT6_IRQHandler                           
00001fe3  PORT6_IRQHandler                           
00004991  PSS_IRQHandler                             
00004991  PendSV_Handler                             
00004991  RTC_C_IRQHandler                           
000046c1  RTC_C_holdClock                            
20002aa0  R_FLAG                                     
00004985  Reset_Handler                              
00004991  SVC_Handler                                
00004949  SysCtl_disableNMISource                    
00004959  SysCtl_enableNMISource                     
000048cd  SysCtl_enableSRAMBankRetention             
000049ad  SysCtl_getNMISourceStatus                  
0000274d  SysTick_Handler                            
0000274d  SysTick_Handler                            
20002ac4  SystemCoreClock                            
00001acd  SystemCoreClockUpdate                      
00001d45  SystemInit                                 
00004991  T32_INT1_IRQHandler                        
00004991  T32_INT2_IRQHandler                        
00004991  T32_INTC_IRQHandler                        
0000204f  TA0_0_IRQHandler                           
0000204f  TA0_0_IRQHandler                           
00001579  TA0_N_IRQHandler                           
00001579  TA0_N_IRQHandler                           
0000205b  TA1_0_IRQHandler                           
0000205b  TA1_0_IRQHandler                           
00004991  TA1_N_IRQHandler                           
00002067  TA2_0_IRQHandler                           
00002067  TA2_0_IRQHandler                           
00004991  TA2_N_IRQHandler                           
00002073  TA3_0_IRQHandler                           
00002073  TA3_0_IRQHandler                           
00004991  TA3_N_IRQHandler                           
00004f84  UART0                                      
20002aca  UART0_RXDat                                
000027e5  UART0_init                                 
00004fa8  UART2                                      
20002ac9  UART2_RXDat                                
00002835  UART2_init                                 
00004fcc  UART3                                      
20002ac8  UART3_RXDat                                
00004ff0  UART3_SET                                  
000028bb  UART3_init                                 
00004969  UART_clearInterruptFlag                    
000046e5  UART_disableInterrupt                      
0000483d  UART_enableInterrupt                       
000049b9  UART_enableModule                          
00004521  UART_getEnabledInterruptStatus             
000049f7  UART_getInterruptStatus                    
00003c75  UART_initModule                            
00004709  UART_receiveData                           
0000293d  UART_send_Num                              
0000290b  UART_send_string                           
0000472d  UART_transmitData                          
00004991  UsageFault_Handler                         
4000480c  WDTCTL_SYM                                 
00004991  WDT_A_IRQHandler                           
0000480d  WDT_A_holdTimer                            
20010000  __STACK_END                                
00000200  __STACK_SIZE                               
00005078  __TI_CINIT_Base                            
00005088  __TI_CINIT_Limit                           
00005064  __TI_Handler_Table_Base                    
00005070  __TI_Handler_Table_Limit                   
00004391  __TI_auto_init_nobinit_nopinit             
00003feb  __TI_decompress_lzss                       
00004977  __TI_decompress_none                       
00004173  __TI_ltoa                                  
ffffffff  __TI_pprof_out_hndl                        
000000e5  __TI_printfi                               
ffffffff  __TI_prof_data_size                        
ffffffff  __TI_prof_data_start                       
00000000  __TI_static_base__                         
00004771  __TI_zero_init_nomemset                    
00003d09  __aeabi_cdcmpeq                            
00003d09  __aeabi_cdcmple                            
00003d8f  __aeabi_cdrcmple                           
00004349  __aeabi_d2iz                               
00002b97  __aeabi_dadd                               
0000331d  __aeabi_ddiv                               
00003689  __aeabi_dmul                               
00002b8d  __aeabi_dsub                               
000049e9  __aeabi_errno_addr                         
00004453  __aeabi_f2d                                
00004551  __aeabi_i2d                                
00000b33  __aeabi_idiv0                              
00000b33  __aeabi_ldiv0                              
00003e91  __aeabi_memclr                             
00003e91  __aeabi_memclr4                            
00003e91  __aeabi_memclr8                            
00003b41  __aeabi_memcpy                             
00003b41  __aeabi_memcpy4                            
00003b41  __aeabi_memcpy8                            
00003e93  __aeabi_memset                             
00003e93  __aeabi_memset4                            
00003e93  __aeabi_memset8                            
00004751  __aeabi_ui2d                               
00003bdd  __aeabi_uldivmod                           
ffffffff  __binit__                                  
ffffffff  __c_args__                                 
UNDEFED   __mpu_init                                 
2000fe00  __stack                                    
20000000  __start___llvm_prf_cnts                    
20000000  __stop___llvm_prf_cnts                     
0000448d  _c_int00_noargs                            
00004df0  _ctypes_                                   
UNDEFED   _system_post_cinit                         
00004a01  _system_pre_init                           
00004a05  abort                                      
20002b48  ad_get                                     
000042b5  atoi                                       
ffffffff  binit                                      
20002400  bmp                                        
20002000  bmp2                                       
000047a9  copysign                                   
000047a9  copysignl                                  
20002a68  count                                      
20002a5c  count_max                                  
20002a58  dirf                                       
20002b24  encoder_A                                  
20002b2c  encoder_B                                  
20002b34  encoder_C                                  
20002b3c  encoder_D                                  
00001311  encoder_IncTypeDef_init                    
0000136d  encoder_dirpin_init                        
00001415  encoder_init                               
000013c5  encoder_interrupt_init                     
20002ac0  errno                                      
000025a5  error                                      
000040b9  frexp                                      
000040b9  frexpl                                     
000024f3  gpio_INT_EN                                
000023e1  gpio_edg_sel                               
000023a1  gpio_get                                   
0000233d  gpio_init                                  
00002547  gpio_interrupt_INIT                        
000023b1  gpio_set                                   
000023d1  gpio_toggle                                
20002a8c  ii                                         
00000000  interruptVectors                           
00003579  ldexp                                      
00003579  ldexpl                                     
000048f5  main                                       
0000478d  memccpy                                    
00003b41  memcpy                                     
00003e99  memset                                     
00000eb7  oled_pow                                   
00000bd9  oled_update                                
20002acc  oscill1                                    
20002a60  page_count                                 
20002a78  receive_success                            
00003579  scalbn                                     
00003579  scalbnl                                    
20000000  screen_buf                                 
000025cd  set_DCO_48MH                               
0000266d  set_clock_period                           
000043d5  sprintf                                    
20002a64  start_flag                                 
00004853  strchr                                     
000048e1  strlen                                     
20002ab0  sysc                                       
0000272d  system_init                                
0000271f  systic_clr                                 
00002775  systic_delayms                             
00002757  systic_delayus                             
000026b1  systic_end                                 
00002677  systic_init                                
000026bf  systic_read                                
0000269b  systic_start                               
20002ab4  systim                                     
20002a6c  testA                                      
20002a70  testB                                      
20002aac  time_counter                               
20002aa8  timerAcapturePointer                       
20002a30  timerAcaptureValues                        
00004907  wcslen                                     


GLOBAL SYMBOLS: SORTED BY Symbol Address 

address   name                                       
-------   ----                                       
00000000  __TI_static_base__                         
00000000  interruptVectors                           
000000e5  __TI_printfi                               
00000200  __STACK_SIZE                               
00000b33  __aeabi_idiv0                              
00000b33  __aeabi_ldiv0                              
00000b35  OLED_PutPixel                              
00000ba5  OLED_pos_clr                               
00000bd9  oled_update                                
00000cbb  OLED_WR_Byte                               
00000d4b  OLED_Set_Pos                               
00000d87  OLED_Display_On                            
00000da3  OLED_Display_Off                           
00000dbf  OLED_Clear                                 
00000e2d  OLED_ShowChar                              
00000eb7  oled_pow                                   
00000ef1  OLED_ShowNum                               
00000fc5  OLED_Showfloat                             
00000ff5  OLED_ShowString                            
00001057  OLED_ShowCHinese                           
0000110d  OLED_DrawBMP                               
000011bd  OLED_Init                                  
00001311  encoder_IncTypeDef_init                    
0000136d  encoder_dirpin_init                        
000013c5  encoder_interrupt_init                     
00001415  encoder_init                               
000014bd  GET_encoder_num                            
000014f9  GET_encoder_dir                            
00001535  Encoder_clr                                
00001579  TA0_N_IRQHandler                           
00001579  TA0_N_IRQHandler                           
000015d5  OLED_show                                  
00001665  ENCODER_TEST                               
00001701  ADC_INIT                                   
00001761  GET_ADC_VALUE                              
0000179d  ADC_mean_filter                            
000017f1  ADC14_IRQHandler                           
000017f1  ADC14_IRQHandler                           
0000195d  OLED_showADC                               
000019b3  ADC_TEST                                   
00001acd  SystemCoreClockUpdate                      
00001d45  SystemInit                                 
00001e01  PORT1_IRQHandler                           
00001e01  PORT1_IRQHandler                           
00001e3f  PORT2_IRQHandler                           
00001e3f  PORT2_IRQHandler                           
00001ea5  PORT3_IRQHandler                           
00001ea5  PORT3_IRQHandler                           
00001efd  PORT4_IRQHandler                           
00001efd  PORT4_IRQHandler                           
00001f7d  PORT5_IRQHandler                           
00001f7d  PORT5_IRQHandler                           
00001fe3  PORT6_IRQHandler                           
00001fe3  PORT6_IRQHandler                           
0000204f  TA0_0_IRQHandler                           
0000204f  TA0_0_IRQHandler                           
0000205b  TA1_0_IRQHandler                           
0000205b  TA1_0_IRQHandler                           
00002067  TA2_0_IRQHandler                           
00002067  TA2_0_IRQHandler                           
00002073  TA3_0_IRQHandler                           
00002073  TA3_0_IRQHandler                           
0000233d  gpio_init                                  
000023a1  gpio_get                                   
000023b1  gpio_set                                   
000023d1  gpio_toggle                                
000023e1  gpio_edg_sel                               
000024f3  gpio_INT_EN                                
00002547  gpio_interrupt_INIT                        
000025a5  error                                      
000025cd  set_DCO_48MH                               
0000266d  set_clock_period                           
00002677  systic_init                                
0000269b  systic_start                               
000026b1  systic_end                                 
000026bf  systic_read                                
0000271f  systic_clr                                 
0000272d  system_init                                
0000274d  SysTick_Handler                            
0000274d  SysTick_Handler                            
00002757  systic_delayus                             
00002775  systic_delayms                             
000027e5  UART0_init                                 
00002835  UART2_init                                 
000028bb  UART3_init                                 
0000290b  UART_send_string                           
0000293d  UART_send_Num                              
0000294d  EUSCIA0_IRQHandler                         
0000294d  EUSCIA0_IRQHandler                         
0000297b  EUSCIA2_IRQHandler                         
0000297b  EUSCIA2_IRQHandler                         
00002b8d  __aeabi_dsub                               
00002b97  __aeabi_dadd                               
00002d45  ADS_RCV_Init                               
00002d8d  EUSCIA3_IRQHandler                         
00002d8d  EUSCIA3_IRQHandler                         
00002e1d  ADS_Get                                    
00002e5f  ADS_RCV_GetData32                          
00003099  PIT_init                                   
0000331d  __aeabi_ddiv                               
00003579  ldexp                                      
00003579  ldexpl                                     
00003579  scalbn                                     
00003579  scalbnl                                    
00003689  __aeabi_dmul                               
00003785  CS_initClockSignal                         
00003aa5  CS_startHFXTWithTimeout                    
00003b41  __aeabi_memcpy                             
00003b41  __aeabi_memcpy4                            
00003b41  __aeabi_memcpy8                            
00003b41  memcpy                                     
00003bdd  __aeabi_uldivmod                           
00003c75  UART_initModule                            
00003d09  __aeabi_cdcmpeq                            
00003d09  __aeabi_cdcmple                            
00003d8f  __aeabi_cdrcmple                           
00003e15  PCM_gotoLPM3                               
00003e91  __aeabi_memclr                             
00003e91  __aeabi_memclr4                            
00003e91  __aeabi_memclr8                            
00003e93  __aeabi_memset                             
00003e93  __aeabi_memset4                            
00003e93  __aeabi_memset8                            
00003e99  memset                                     
00003feb  __TI_decompress_lzss                       
00004055  Interrupt_enableInterrupt                  
000040b9  frexp                                      
000040b9  frexpl                                     
00004173  __TI_ltoa                                  
00004219  PCM_shutdownDevice                         
00004269  GPIO_setAsPeripheralModuleFunctionOutputPin
000042b5  atoi                                       
00004301  GPIO_setAsPeripheralModuleFunctionInputPin 
00004349  __aeabi_d2iz                               
00004391  __TI_auto_init_nobinit_nopinit             
000043d5  sprintf                                    
00004453  __aeabi_f2d                                
0000448d  _c_int00_noargs                            
000044c1  GPIO_getEnabledInterruptStatus             
000044f1  GPIO_setAsInputPinWithPullUpResistor       
00004521  UART_getEnabledInterruptStatus             
00004551  __aeabi_i2d                                
00004581  GPIO_setAsInputPin                         
000045ad  PCM_getCoreVoltageLevel                    
000045d9  PCM_getPowerMode                           
00004605  FlashCtl_setWaitState                      
0000462d  PCM_gotoLPM0                               
00004655  CS_setDCOCenteredFrequency                 
00004679  GPIO_setAsOutputPin                        
0000469d  Interrupt_setPriority                      
000046c1  RTC_C_holdClock                            
000046e5  UART_disableInterrupt                      
00004709  UART_receiveData                           
0000472d  UART_transmitData                          
00004751  __aeabi_ui2d                               
00004771  __TI_zero_init_nomemset                    
0000478d  memccpy                                    
000047a9  copysign                                   
000047a9  copysignl                                  
000047c5  GPIO_clearInterruptFlag                    
000047dd  GPIO_getInputPinValue                      
000047f5  GPIO_setOutputLowOnPin                     
0000480d  WDT_A_holdTimer                            
0000483d  UART_enableInterrupt                       
00004853  strchr                                     
00004869  CS_setExternalClockSourceFrequency         
0000487d  FPU_enableModule                           
00004891  GPIO_enableInterrupt                       
000048a5  GPIO_setOutputHighOnPin                    
000048b9  GPIO_toggleOutputOnPin                     
000048cd  SysCtl_enableSRAMBankRetention             
000048e1  strlen                                     
000048f5  main                                       
00004907  wcslen                                     
00004919  GPIO_getInterruptStatus                    
00004929  Interrupt_enableMaster                     
00004939  PCM_gotoLPM4                               
00004949  SysCtl_disableNMISource                    
00004959  SysCtl_enableNMISource                     
00004969  UART_clearInterruptFlag                    
00004977  __TI_decompress_none                       
00004985  Reset_Handler                              
00004991  AES256_IRQHandler                          
00004991  BusFault_Handler                           
00004991  COMP_E0_IRQHandler                         
00004991  COMP_E1_IRQHandler                         
00004991  CS_IRQHandler                              
00004991  DMA_ERR_IRQHandler                         
00004991  DMA_INT0_IRQHandler                        
00004991  DMA_INT1_IRQHandler                        
00004991  DMA_INT2_IRQHandler                        
00004991  DMA_INT3_IRQHandler                        
00004991  DebugMon_Handler                           
00004991  Default_Handler                            
00004991  EUSCIA1_IRQHandler                         
00004991  EUSCIB0_IRQHandler                         
00004991  EUSCIB1_IRQHandler                         
00004991  EUSCIB2_IRQHandler                         
00004991  EUSCIB3_IRQHandler                         
00004991  FLCTL_IRQHandler                           
00004991  FPU_IRQHandler                             
00004991  HardFault_Handler                          
00004991  MemManage_Handler                          
00004991  NMI_Handler                                
00004991  PCM_IRQHandler                             
00004991  PSS_IRQHandler                             
00004991  PendSV_Handler                             
00004991  RTC_C_IRQHandler                           
00004991  SVC_Handler                                
00004991  T32_INT1_IRQHandler                        
00004991  T32_INT2_IRQHandler                        
00004991  T32_INTC_IRQHandler                        
00004991  TA1_N_IRQHandler                           
00004991  TA2_N_IRQHandler                           
00004991  TA3_N_IRQHandler                           
00004991  UsageFault_Handler                         
00004991  WDT_A_IRQHandler                           
00004993  CPU_cpsie                                  
000049a1  PCM_getPowerState                          
000049ad  SysCtl_getNMISourceStatus                  
000049b9  UART_enableModule                          
000049cf  PCM_setCoreVoltageLevel                    
000049d7  PCM_setPowerMode                           
000049df  PCM_setPowerState                          
000049e9  __aeabi_errno_addr                         
000049f1  CS_startHFXT                               
000049f7  UART_getInterruptStatus                    
000049fd  CPU_wfi                                    
00004a01  _system_pre_init                           
00004a05  C$$EXIT                                    
00004a05  abort                                      
00004a08  F6x8                                       
00004c30  Hzk                                        
00004df0  _ctypes_                                   
00004f84  UART0                                      
00004fa8  UART2                                      
00004fcc  UART3                                      
00004ff0  UART3_SET                                  
00005064  __TI_Handler_Table_Base                    
00005070  __TI_Handler_Table_Limit                   
00005078  __TI_CINIT_Base                            
00005088  __TI_CINIT_Limit                           
20000000  __start___llvm_prf_cnts                    
20000000  __stop___llvm_prf_cnts                     
20000000  screen_buf                                 
20002000  bmp2                                       
20002400  bmp                                        
20002800  Oscill_data_buff                           
20002a30  timerAcaptureValues                        
20002a58  dirf                                       
20002a5c  count_max                                  
20002a60  page_count                                 
20002a64  start_flag                                 
20002a68  count                                      
20002a6c  testA                                      
20002a70  testB                                      
20002a74  IRQ3_5flag                                 
20002a75  IRQ4_6flag                                 
20002a76  A_flag                                     
20002a77  B_flag                                     
20002a78  receive_success                            
20002a7c  ADC_CA                                     
20002a80  ADC_CB                                     
20002a84  ADC_CC                                     
20002a88  ADC_CD                                     
20002a8c  ii                                         
20002a90  ADC_receive_count                          
20002a94  ADS_RCV_DATA                               
20002aa0  R_FLAG                                     
20002aa1  ADS_RCV_FLAG                               
20002aa2  ADS_RCV_STATE                              
20002aa8  timerAcapturePointer                       
20002aac  time_counter                               
20002ab0  sysc                                       
20002ab4  systim                                     
20002ac0  errno                                      
20002ac4  SystemCoreClock                            
20002ac8  UART3_RXDat                                
20002ac9  UART2_RXDat                                
20002aca  UART0_RXDat                                
20002acc  oscill1                                    
20002ae4  A0results                                  
20002af4  A1results                                  
20002b04  A2results                                  
20002b14  A3results                                  
20002b24  encoder_A                                  
20002b2c  encoder_B                                  
20002b34  encoder_C                                  
20002b3c  encoder_D                                  
20002b48  ad_get                                     
2000fe00  __stack                                    
20010000  __STACK_END                                
4000480c  WDTCTL_SYM                                 
ffffffff  __TI_pprof_out_hndl                        
ffffffff  __TI_prof_data_size                        
ffffffff  __TI_prof_data_start                       
ffffffff  __binit__                                  
ffffffff  __c_args__                                 
ffffffff  binit                                      
UNDEFED   __mpu_init                                 
UNDEFED   _system_post_cinit                         

[301 symbols]
