******************************************************************************
                  TI ARM Linker PC v20.2.1                     
******************************************************************************
>> Linked Sat Feb 27 12:06:28 2021

OUTPUT FILE NAME:   <mmWave-uart.out>
ENTRY POINT SYMBOL: "_c_int00_noargs"  address: 000045d9


MEMORY CONFIGURATION

         name            origin    length      used     unused   attr    fill
----------------------  --------  ---------  --------  --------  ----  --------
  MAIN                  00000000   00040000  000051c8  0003ae38  R  X
  INFO                  00200000   00004000  00000000  00004000  R  X
  SRAM_CODE             01000000   00010000  00002d5d  0000d2a3  RW X
  SRAM_DATA             20000000   00010000  00002d5d  0000d2a3  RW  


SEGMENT ALLOCATION MAP

run origin  load origin   length   init length attrs members
----------  ----------- ---------- ----------- ----- -------
00000000    00000000    000051c8   000051c8    r-x
  00000000    00000000    000000e4   000000e4    r-- .intvecs
  000000e4    000000e4    00004a60   00004a60    r-x .text
  00004b44    00004b44    0000060c   0000060c    r-- .const
  00005150    00005150    00000078   00000078    r-- .cinit
20000000    20000000    00002b5e   00000000    rw-
  20000000    20000000    00002ad3   00000000    rw- .data
  20002ad4    20002ad4    0000008a   00000000    rw- .bss
2000fe00    2000fe00    00000200   00000000    rw-
  2000fe00    2000fe00    00000200   00000000    rw- .stack


SECTION ALLOCATION MAP

 output                                  attributes/
section   page    origin      length       input sections
--------  ----  ----------  ----------   ----------------
.intvecs   0    00000000    000000e4     
                  00000000    000000e4     startup_msp432p401r_ccs.obj (.intvecs:retain)

.text      0    000000e4    00004a60     
                  000000e4    00000a4e     rtsv7M4_T_le_v4SPD16_eabi.lib : _printfi.c.obj (.text:__TI_printfi)
                  00000b32    00000002                                   : div0.asm.obj (.text)
                  00000b34    000007ec     oled.obj (.text)
                  00001320    000003cc     exinADC.obj (.text)
                  000016ec    000003cc     exinencoder.obj (.text)
                  00001ab8    00000334     system_msp432p401r.obj (.text)
                  00001dec    00000288     exinisr.obj (.text)
                  00002074    00000270     rtsv7M4_T_le_v4SPD16_eabi.lib : _printfi.c.obj (.text:_pconv_a)
                  000022e4    00000268     exingpio.obj (.text)
                  0000254c    000001d4     exinuart.obj (.text)
                  00002720    000001d0     rtsv7M4_T_le_v4SPD16_eabi.lib : _printfi.c.obj (.text:_pconv_g)
                  000028f0    000001bc     ADS_RCV.obj (.text)
                  00002aac    000001b6     rtsv7M4_T_le_v4SPD16_eabi.lib : fd_add_t2.asm.obj (.text)
                  00002c62    00000002     --HOLE-- [fill = 0]
                  00002c64    000001ac     Exin_sys.obj (.text)
                  00002e10    000001a0     msp432p4xx_driverlib.lib : pcm.o (.text:__PCM_setPowerStateAdvanced)
                  00002fb0    00000148     exin_pit.obj (.text)
                  000030f8    0000013c     rtsv7M4_T_le_v4SPD16_eabi.lib : _printfi.c.obj (.text:_pconv_e)
                  00003234    00000136                                   : fd_div_t2.asm.obj (.text)
                  0000336a    00000002     --HOLE-- [fill = 0]
                  0000336c    00000124                                   : _printfi.c.obj (.text:fcvt)
                  00003490    0000011c     exinsystem.obj (.text)
                  000035ac    00000110     rtsv7M4_T_le_v4SPD16_eabi.lib : s_scalbn.c.obj (.text:scalbn)
                  000036bc    000000fc                                   : fd_mul_t2.asm.obj (.text)
                  000037b8    000000e0     msp432p4xx_driverlib.lib : cs.o (.text:CS_initClockSignal)
                  00003898    000000dc                              : pcm.o (.text:__PCM_setPowerModeAdvanced)
                  00003974    000000b6     exinkey.obj (.text)
                  00003a2a    00000002     --HOLE-- [fill = 0]
                  00003a2c    000000b1     rtsv7M4_T_le_v4SPD16_eabi.lib : _printfi.c.obj (.text:_ltostr)
                  00003add    00000003     --HOLE-- [fill = 0]
                  00003ae0    000000b0     msp432p4xx_driverlib.lib : pcm.o (.text:__PCM_setCoreVoltageLevelAdvanced)
                  00003b90    0000009c                              : cs.o (.text:CS_startHFXTWithTimeout)
                  00003c2c    0000009c     rtsv7M4_T_le_v4SPD16_eabi.lib : memcpy_t2.asm.obj (.text)
                  00003cc8    00000096                                   : ull_div_t2.asm.obj (.text)
                  00003d5e    00000002     --HOLE-- [fill = 0]
                  00003d60    00000094     msp432p4xx_driverlib.lib : uart.o (.text:UART_initModule)
                  00003df4    00000086     rtsv7M4_T_le_v4SPD16_eabi.lib : fd_cmp_t2.asm.obj (.text:__aeabi_cdcmple)
                  00003e7a    00000086                                   : fd_cmp_t2.asm.obj (.text:__aeabi_cdrcmple)
                  00003f00    0000007c     msp432p4xx_driverlib.lib : pcm.o (.text:PCM_gotoLPM3)
                  00003f7c    0000007a     rtsv7M4_T_le_v4SPD16_eabi.lib : memset_t2.asm.obj (.text)
                  00003ff6    00000002     --HOLE-- [fill = 0]
                  00003ff8    00000070     msp432p4xx_driverlib.lib : cs.o (.text:_CSGetHFXTFrequency)
                  00004068    0000006e     rtsv7M4_T_le_v4SPD16_eabi.lib : _printfi.c.obj (.text:_mcpy)
                  000040d6    00000068                                   : copy_decompress_lzss.c.obj (.text:decompress:lzss:__TI_decompress_lzss)
                  0000413e    00000002     --HOLE-- [fill = 0]
                  00004140    00000064     msp432p4xx_driverlib.lib : interrupt.o (.text:Interrupt_enableInterrupt)
                  000041a4    00000064     rtsv7M4_T_le_v4SPD16_eabi.lib : s_frexp.c.obj (.text:frexp)
                  00004208    0000005e                                   : i_divt2.asm.obj (.text)
                  00004266    00000056                                   : _printfi.c.obj (.text:_pconv_f)
                  000042bc    00000054                                   : _ltoa.c.obj (.text:__TI_ltoa)
                  00004310    00000052                                   : _printfi.c.obj (.text:_ecpy)
                  00004362    00000002     --HOLE-- [fill = 0]
                  00004364    00000050     msp432p4xx_driverlib.lib : pcm.o (.text:PCM_shutdownDevice)
                  000043b4    0000004c                              : gpio.o (.text:GPIO_setAsPeripheralModuleFunctionOutputPin)
                  00004400    0000004c     rtsv7M4_T_le_v4SPD16_eabi.lib : atoi.c.obj (.text:atoi)
                  0000444c    00000048     msp432p4xx_driverlib.lib : gpio.o (.text:GPIO_setAsPeripheralModuleFunctionInputPin)
                  00004494    00000048     rtsv7M4_T_le_v4SPD16_eabi.lib : fd_toi_t2.asm.obj (.text)
                  000044dc    00000044                                   : autoinit.c.obj (.text:__TI_auto_init_nobinit_nopinit:__TI_auto_init_nobinit_nopinit)
                  00004520    00000040                                   : sprintf.c.obj (.text:sprintf)
                  00004560    0000003e                                   : _printfi.c.obj (.text:_fcpy)
                  0000459e    00000038                                   : fs_tod_t2.asm.obj (.text)
                  000045d6    00000002     --HOLE-- [fill = 0]
                  000045d8    00000034                                   : boot_cortex_m.c.obj (.text:_c_int00_noargs:_c_int00_noargs)
                  0000460c    00000030     msp432p4xx_driverlib.lib : gpio.o (.text:GPIO_getEnabledInterruptStatus)
                  0000463c    00000030                              : gpio.o (.text:GPIO_setAsInputPinWithPullUpResistor)
                  0000466c    00000030                              : uart.o (.text:UART_getEnabledInterruptStatus)
                  0000469c    0000002e     rtsv7M4_T_le_v4SPD16_eabi.lib : i_tofd_t2.asm.obj (.text)
                  000046ca    00000002     --HOLE-- [fill = 0]
                  000046cc    0000002c     msp432p4xx_driverlib.lib : gpio.o (.text:GPIO_setAsInputPin)
                  000046f8    0000002c                              : pcm.o (.text:PCM_getCoreVoltageLevel)
                  00004724    0000002a                              : pcm.o (.text:PCM_getPowerMode)
                  0000474e    00000002     --HOLE-- [fill = 0]
                  00004750    00000028                              : flash.o (.text:FlashCtl_setWaitState)
                  00004778    00000028                              : pcm.o (.text:PCM_gotoLPM0)
                  000047a0    00000024                              : cs.o (.text:CS_setDCOCenteredFrequency)
                  000047c4    00000024                              : gpio.o (.text:GPIO_setAsOutputPin)
                  000047e8    00000024                              : interrupt.o (.text:Interrupt_setPriority)
                  0000480c    00000024                              : rtc_c.o (.text:RTC_C_holdClock)
                  00004830    00000024                              : uart.o (.text:UART_disableInterrupt)
                  00004854    00000024                              : uart.o (.text:UART_receiveData)
                  00004878    00000024                              : uart.o (.text:UART_transmitData)
                  0000489c    00000020     rtsv7M4_T_le_v4SPD16_eabi.lib : u_tofd_t2.asm.obj (.text)
                  000048bc    0000001c                                   : copy_zero_init.c.obj (.text:decompress:ZI:__TI_zero_init_nomemset:__TI_zero_init_nomemset)
                  000048d8    0000001c                                   : memccpy.c.obj (.text:memccpy)
                  000048f4    0000001a                                   : s_copysign.c.obj (.text:copysign)
                  0000490e    00000002     --HOLE-- [fill = 0]
                  00004910    00000018     msp432p4xx_driverlib.lib : gpio.o (.text:GPIO_clearInterruptFlag)
                  00004928    00000018                              : gpio.o (.text:GPIO_getInputPinValue)
                  00004940    00000018                              : gpio.o (.text:GPIO_setOutputLowOnPin)
                  00004958    00000018                              : wdt_a.o (.text:WDT_A_holdTimer)
                  00004970    00000018     rtsv7M4_T_le_v4SPD16_eabi.lib : sprintf.c.obj (.text:_outs)
                  00004988    00000016     msp432p4xx_driverlib.lib : uart.o (.text:UART_enableInterrupt)
                  0000499e    00000016     rtsv7M4_T_le_v4SPD16_eabi.lib : strchr.c.obj (.text:strchr)
                  000049b4    00000014     msp432p4xx_driverlib.lib : cs.o (.text:CS_setExternalClockSourceFrequency)
                  000049c8    00000014                              : fpu.o (.text:FPU_enableModule)
                  000049dc    00000014                              : gpio.o (.text:GPIO_enableInterrupt)
                  000049f0    00000014                              : gpio.o (.text:GPIO_setOutputHighOnPin)
                  00004a04    00000014                              : gpio.o (.text:GPIO_toggleOutputOnPin)
                  00004a18    00000014                              : sysctl.o (.text:SysCtl_enableSRAMBankRetention)
                  00004a2c    00000014     rtsv7M4_T_le_v4SPD16_eabi.lib : strlen.c.obj (.text:strlen)
                  00004a40    00000012                                   : wcslen.c.obj (.text:wcslen)
                  00004a52    00000002     --HOLE-- [fill = 0]
                  00004a54    00000010     msp432p4xx_driverlib.lib : gpio.o (.text:GPIO_getInterruptStatus)
                  00004a64    00000010                              : interrupt.o (.text:Interrupt_enableMaster)
                  00004a74    00000010                              : pcm.o (.text:PCM_gotoLPM4)
                  00004a84    00000010                              : sysctl.o (.text:SysCtl_disableNMISource)
                  00004a94    00000010                              : sysctl.o (.text:SysCtl_enableNMISource)
                  00004aa4    0000000e                              : uart.o (.text:UART_clearInterruptFlag)
                  00004ab2    0000000e     rtsv7M4_T_le_v4SPD16_eabi.lib : copy_decompress_none.c.obj (.text:decompress:none:__TI_decompress_none)
                  00004ac0    0000000e     startup_msp432p401r_ccs.obj (.text)
                  00004ace    0000000c     msp432p4xx_driverlib.lib : cpu.o (.text:CPU_cpsie)
                  00004ada    00000002     --HOLE-- [fill = 0]
                  00004adc    0000000c                              : pcm.o (.text:PCM_getPowerState)
                  00004ae8    0000000c                              : sysctl.o (.text:SysCtl_getNMISourceStatus)
                  00004af4    0000000c                              : uart.o (.text:UART_enableModule)
                  00004b00    0000000a     rtsv7M4_T_le_v4SPD16_eabi.lib : sprintf.c.obj (.text:_outc)
                  00004b0a    00000008     msp432p4xx_driverlib.lib : pcm.o (.text:PCM_setCoreVoltageLevel)
                  00004b12    00000008                              : pcm.o (.text:PCM_setPowerMode)
                  00004b1a    00000008                              : pcm.o (.text:PCM_setPowerState)
                  00004b22    00000002     --HOLE-- [fill = 0]
                  00004b24    00000008     rtsv7M4_T_le_v4SPD16_eabi.lib : errno.c.obj (.text:__aeabi_errno_addr)
                  00004b2c    00000006     msp432p4xx_driverlib.lib : cs.o (.text:CS_startHFXT)
                  00004b32    00000006                              : uart.o (.text:UART_getInterruptStatus)
                  00004b38    00000004                              : cpu.o (.text:CPU_wfi)
                  00004b3c    00000004     rtsv7M4_T_le_v4SPD16_eabi.lib : pre_init.c.obj (.text:_system_pre_init)
                  00004b40    00000004                                   : exit.c.obj (.text:abort:abort)

.const     0    00004b44    0000060c     
                  00004b44    00000228     oled.obj (.const:F6x8)
                  00004d6c    000001c0     oled.obj (.const:Hzk)
                  00004f2c    00000101     rtsv7M4_T_le_v4SPD16_eabi.lib : ctype.c.obj (.const:.string:_ctypes_)
                  0000502d    00000003     --HOLE-- [fill = 0]
                  00005030    00000050     msp432p4xx_driverlib.lib : interrupt.o (.const:g_pulRegs)
                  00005080    00000040                              : interrupt.o (.const)
                  000050c0    00000024     exinuart.obj (.const:UART0)
                  000050e4    00000024     exinuart.obj (.const:UART2)
                  00005108    00000024     exinuart.obj (.const:UART3)
                  0000512c    00000024     ADS_RCV.obj (.const:UART3_SET)

.cinit     0    00005150    00000078     
                  00005150    0000004e     (.cinit..data.load) [load image, compression = lzss]
                  0000519e    00000002     --HOLE-- [fill = 0]
                  000051a0    0000000c     (__TI_handler_table)
                  000051ac    00000004     --HOLE-- [fill = 0]
                  000051b0    00000008     (.cinit..bss.load) [load image, compression = zero_init]
                  000051b8    00000010     (__TI_cinit_table)

.init_array 
*          0    00000000    00000000     UNINITIALIZED

.binit     0    00000000    00000000     

.data      0    20000000    00002ad3     UNINITIALIZED
                  20000000    00002000     oled.obj (.data:screen_buf)
                  20002000    00000400     oled.obj (.data:bmp2)
                  20002400    00000400     oled.obj (.data:bmp)
                  20002800    00000200     Oscill_OLED.obj (.data:Oscill_data_buff)
                  20002a00    00000030     msp432p4xx_driverlib.lib : gpio.o (.data:GPIO_PORT_TO_BASE)
                  20002a30    00000028     exinencoder.obj (.data:timerAcaptureValues)
                  20002a58    00000020     exinadjust.obj (.data)
                  20002a78    0000001c     exinADC.obj (.data)
                  20002a94    0000000a     ADS_RCV.obj (.data:ADS_RCV_DATA)
                  20002a9e    00000002     --HOLE--
                  20002aa0    00000008     ADS_RCV.obj (.data)
                  20002aa8    00000008     Exin_sys.obj (.data)
                  20002ab0    00000008     exinencoder.obj (.data)
                  20002ab8    00000008     exinsystem.obj (.data)
                  20002ac0    00000008     oled.obj (.data:tmp$2)
                  20002ac8    00000004     rtsv7M4_T_le_v4SPD16_eabi.lib : errno.c.obj (.data)
                  20002acc    00000004     system_msp432p401r.obj (.data)
                  20002ad0    00000003     exinuart.obj (.data)

.bss       0    20002ad4    0000008a     UNINITIALIZED
                  20002ad4    00000018     (.common:oscill1)
                  20002aec    00000010     (.common:A0results)
                  20002afc    00000010     (.common:A1results)
                  20002b0c    00000010     (.common:A2results)
                  20002b1c    00000010     (.common:A3results)
                  20002b2c    00000008     (.common:encoder_A)
                  20002b34    00000008     (.common:encoder_B)
                  20002b3c    00000008     (.common:encoder_C)
                  20002b44    00000008     (.common:encoder_D)
                  20002b4c    00000004     exinsystem.obj (.bss)
                  20002b50    00000004     (.common:ad_get)
                  20002b54    00000004     (.common:hfxtFreq)
                  20002b58    00000004     (.common:lfxtFreq)
                  20002b5c    00000001     exinADC.obj (.bss)
                  20002b5d    00000001     oled.obj (.bss)

.stack     0    2000fe00    00000200     UNINITIALIZED
                  2000fe00    00000004     rtsv7M4_T_le_v4SPD16_eabi.lib : boot_cortex_m.c.obj (.stack)
                  2000fe04    000001fc     --HOLE--

__llvm_prf_cnts 
*          0    20000000    00000000     UNINITIALIZED

MODULE SUMMARY

       Module                        code    ro data   rw data
       ------                        ----    -------   -------
    .\
       Exin_sys.obj                  428     0         16     
    +--+-----------------------------+-------+---------+---------+
       Total:                        428     0         16     
                                                              
    .\exinlibs\
       oled.obj                      2028    1000      20498  
       exinADC.obj                   972     0         194    
       exinencoder.obj               972     0         160    
       Oscill_OLED.obj               0       0         1072   
       system_msp432p401r.obj        820     0         8      
       exinisr.obj                   648     0         0      
       exingpio.obj                  616     0         0      
       exinuart.obj                  468     108       6      
       ADS_RCV.obj                   444     36        36     
       exin_pit.obj                  328     0         0      
       exinsystem.obj                284     0         24     
       startup_msp432p401r_ccs.obj   14      228       0      
       exinkey.obj                   182     0         0      
       exinadjust.obj                0       0         64     
    +--+-----------------------------+-------+---------+---------+
       Total:                        7776    1372      22062  
                                                              
    C:/ti/msp/MSP432Ware_3_40_00_25/driverlib/driverlib/MSP432P4xx/ccs/msp432p4xx_driverlib.lib
       pcm.o                         1194    0         0      
       cs.o                          554     0         16     
       gpio.o                        472     0         96     
       uart.o                        358     0         0      
       interrupt.o                   152     144       0      
       sysctl.o                      64      0         0      
       flash.o                       40      0         0      
       rtc_c.o                       36      0         0      
       wdt_a.o                       24      0         0      
       fpu.o                         20      0         0      
       cpu.o                         16      0         0      
    +--+-----------------------------+-------+---------+---------+
       Total:                        2930    144       112    
                                                              
    D:\CCS\ccs\tools\compiler\ti-cgt-arm_20.2.1.LTS\lib\rtsv7M4_T_le_v4SPD16_eabi.lib
       _printfi.c.obj                4851    0         0      
       fd_add_t2.asm.obj             438     0         0      
       fd_div_t2.asm.obj             310     0         0      
       s_scalbn.c.obj                272     0         0      
       fd_cmp_t2.asm.obj             268     0         0      
       ctype.c.obj                   0       257       0      
       fd_mul_t2.asm.obj             252     0         0      
       memcpy_t2.asm.obj             156     0         0      
       ull_div_t2.asm.obj            150     0         0      
       memset_t2.asm.obj             122     0         0      
       copy_decompress_lzss.c.obj    104     0         0      
       s_frexp.c.obj                 100     0         0      
       sprintf.c.obj                 98      0         0      
       i_divt2.asm.obj               94      0         0      
       _ltoa.c.obj                   84      0         0      
       atoi.c.obj                    76      0         0      
       fd_toi_t2.asm.obj             72      0         0      
       autoinit.c.obj                68      0         0      
       fs_tod_t2.asm.obj             56      0         0      
       boot_cortex_m.c.obj           52      0         0      
       i_tofd_t2.asm.obj             46      0         0      
       u_tofd_t2.asm.obj             32      0         0      
       copy_zero_init.c.obj          28      0         0      
       memccpy.c.obj                 28      0         0      
       s_copysign.c.obj              26      0         0      
       strchr.c.obj                  22      0         0      
       strlen.c.obj                  20      0         0      
       wcslen.c.obj                  18      0         0      
       errno.c.obj                   8       0         8      
       copy_decompress_none.c.obj    14      0         0      
       exit.c.obj                    4       0         0      
       pre_init.c.obj                4       0         0      
       div0.asm.obj                  2       0         0      
    +--+-----------------------------+-------+---------+---------+
       Total:                        7875    257       8      
                                                              
       Stack:                        0       0         1024   
       Linker Generated:             0       114       0      
    +--+-----------------------------+-------+---------+---------+
       Grand Total:                  19009   1887      23222  


LINKER GENERATED COPY TABLES

__TI_cinit_table @ 000051b8 records: 2, size/record: 8, table size: 16
	.data: load addr=00005150, load size=0000004e bytes, run addr=20000000, run size=00002ad3 bytes, compression=lzss
	.bss: load addr=000051b0, load size=00000008 bytes, run addr=20002ad4, run size=0000008a bytes, compression=zero_init


LINKER GENERATED HANDLER TABLE

__TI_handler_table @ 000051a0 records: 3, size/record: 4, table size: 12
	index: 0, handler: __TI_decompress_lzss
	index: 1, handler: __TI_decompress_none
	index: 2, handler: __TI_zero_init


GLOBAL SYMBOLS: SORTED ALPHABETICALLY BY Name 

address   name                                       
-------   ----                                       
20002aec  A0results                                  
20002afc  A1results                                  
20002b0c  A2results                                  
20002b1c  A3results                                  
00001411  ADC14_IRQHandler                           
00001411  ADC14_IRQHandler                           
20002a7c  ADC_CA                                     
20002a80  ADC_CB                                     
20002a84  ADC_CC                                     
20002a88  ADC_CD                                     
00001321  ADC_INIT                                   
000015d3  ADC_TEST                                   
000013bd  ADC_mean_filter                            
20002a90  ADC_receive_count                          
000029d1  ADS_Get                                    
20002a94  ADS_RCV_DATA                               
20002aa1  ADS_RCV_FLAG                               
00002a13  ADS_RCV_GetData32                          
000028f1  ADS_RCV_Init                               
20002aa2  ADS_RCV_STATE                              
00004acd  AES256_IRQHandler                          
20002a76  A_flag                                     
20002a77  B_flag                                     
00004acd  BusFault_Handler                           
00004b41  C$$EXIT                                    
00004acd  COMP_E0_IRQHandler                         
00004acd  COMP_E1_IRQHandler                         
00004acf  CPU_cpsie                                  
00004b39  CPU_wfi                                    
00004acd  CS_IRQHandler                              
000037b9  CS_initClockSignal                         
000047a1  CS_setDCOCenteredFrequency                 
000049b5  CS_setExternalClockSourceFrequency         
00004b2d  CS_startHFXT                               
00003b91  CS_startHFXTWithTimeout                    
00004acd  DMA_ERR_IRQHandler                         
00004acd  DMA_INT0_IRQHandler                        
00004acd  DMA_INT1_IRQHandler                        
00004acd  DMA_INT2_IRQHandler                        
00004acd  DMA_INT3_IRQHandler                        
00004acd  DebugMon_Handler                           
00004acd  Default_Handler                            
00001a29  ENCODER_TEST                               
000026bb  EUSCIA0_IRQHandler                         
000026bb  EUSCIA0_IRQHandler                         
00004acd  EUSCIA1_IRQHandler                         
000026df  EUSCIA2_IRQHandler                         
000026df  EUSCIA2_IRQHandler                         
00002941  EUSCIA3_IRQHandler                         
00002941  EUSCIA3_IRQHandler                         
00004acd  EUSCIB0_IRQHandler                         
00004acd  EUSCIB1_IRQHandler                         
00004acd  EUSCIB2_IRQHandler                         
00004acd  EUSCIB3_IRQHandler                         
00001911  Encoder_clr                                
00004b44  F6x8                                       
00004acd  FLCTL_IRQHandler                           
00004acd  FPU_IRQHandler                             
000049c9  FPU_enableModule                           
00004751  FlashCtl_setWaitState                      
00001381  GET_ADC_VALUE                              
000018d5  GET_encoder_dir                            
00001899  GET_encoder_num                            
00004911  GPIO_clearInterruptFlag                    
000049dd  GPIO_enableInterrupt                       
0000460d  GPIO_getEnabledInterruptStatus             
00004929  GPIO_getInputPinValue                      
00004a55  GPIO_getInterruptStatus                    
000046cd  GPIO_setAsInputPin                         
0000463d  GPIO_setAsInputPinWithPullUpResistor       
000047c5  GPIO_setAsOutputPin                        
0000444d  GPIO_setAsPeripheralModuleFunctionInputPin 
000043b5  GPIO_setAsPeripheralModuleFunctionOutputPin
000049f1  GPIO_setOutputHighOnPin                    
00004941  GPIO_setOutputLowOnPin                     
00004a05  GPIO_toggleOutputOnPin                     
00004acd  HardFault_Handler                          
00004d6c  Hzk                                        
20002a74  IRQ3_5flag                                 
20002a75  IRQ4_6flag                                 
00004141  Interrupt_enableInterrupt                  
00004a65  Interrupt_enableMaster                     
000047e9  Interrupt_setPriority                      
00004acd  MemManage_Handler                          
00004acd  NMI_Handler                                
00000dbf  OLED_Clear                                 
00000da3  OLED_Display_Off                           
00000d87  OLED_Display_On                            
0000110d  OLED_DrawBMP                               
000011bd  OLED_Init                                  
00000b35  OLED_PutPixel                              
00000d4b  OLED_Set_Pos                               
00001057  OLED_ShowCHinese                           
00000e2d  OLED_ShowChar                              
00000ef1  OLED_ShowNum                               
00000ff5  OLED_ShowString                            
00000fc5  OLED_Showfloat                             
00000cbb  OLED_WR_Byte                               
00000ba5  OLED_pos_clr                               
00001995  OLED_show                                  
0000157d  OLED_showADC                               
20002800  Oscill_data_buff                           
00004acd  PCM_IRQHandler                             
000046f9  PCM_getCoreVoltageLevel                    
00004725  PCM_getPowerMode                           
00004add  PCM_getPowerState                          
00004779  PCM_gotoLPM0                               
00003f01  PCM_gotoLPM3                               
00004a75  PCM_gotoLPM4                               
00004b0b  PCM_setCoreVoltageLevel                    
00004b13  PCM_setPowerMode                           
00004b1b  PCM_setPowerState                          
00004365  PCM_shutdownDevice                         
00002fb1  PIT_init                                   
00001ded  PORT1_IRQHandler                           
00001ded  PORT1_IRQHandler                           
00001e2b  PORT2_IRQHandler                           
00001e2b  PORT2_IRQHandler                           
00001e7f  PORT3_IRQHandler                           
00001e7f  PORT3_IRQHandler                           
00001edf  PORT4_IRQHandler                           
00001edf  PORT4_IRQHandler                           
00001f55  PORT5_IRQHandler                           
00001f55  PORT5_IRQHandler                           
00001fa9  PORT6_IRQHandler                           
00001fa9  PORT6_IRQHandler                           
00004acd  PSS_IRQHandler                             
00004acd  PendSV_Handler                             
00004acd  RTC_C_IRQHandler                           
0000480d  RTC_C_holdClock                            
20002aa0  R_FLAG                                     
00004ac1  Reset_Handler                              
00004acd  SVC_Handler                                
00004a85  SysCtl_disableNMISource                    
00004a95  SysCtl_enableNMISource                     
00004a19  SysCtl_enableSRAMBankRetention             
00004ae9  SysCtl_getNMISourceStatus                  
00003579  SysTick_Handler                            
00003579  SysTick_Handler                            
20002acc  SystemCoreClock                            
00001ab9  SystemCoreClockUpdate                      
00001d31  SystemInit                                 
00004acd  T32_INT1_IRQHandler                        
00004acd  T32_INT2_IRQHandler                        
00004acd  T32_INTC_IRQHandler                        
00002003  TA0_0_IRQHandler                           
00002003  TA0_0_IRQHandler                           
00001955  TA0_N_IRQHandler                           
00001955  TA0_N_IRQHandler                           
00002019  TA1_0_IRQHandler                           
00002019  TA1_0_IRQHandler                           
00004acd  TA1_N_IRQHandler                           
00002025  TA2_0_IRQHandler                           
00002025  TA2_0_IRQHandler                           
00004acd  TA2_N_IRQHandler                           
00002031  TA3_0_IRQHandler                           
00002031  TA3_0_IRQHandler                           
00004acd  TA3_N_IRQHandler                           
000050c0  UART0                                      
20002ad2  UART0_RXDat                                
0000254d  UART0_init                                 
000050e4  UART2                                      
20002ad1  UART2_RXDat                                
0000259d  UART2_init                                 
00005108  UART3                                      
20002ad0  UART3_RXDat                                
0000512c  UART3_SET                                  
00002623  UART3_init                                 
00004aa5  UART_clearInterruptFlag                    
00004831  UART_disableInterrupt                      
00004989  UART_enableInterrupt                       
00004af5  UART_enableModule                          
0000466d  UART_getEnabledInterruptStatus             
00004b33  UART_getInterruptStatus                    
00003d61  UART_initModule                            
00004855  UART_receiveData                           
000026ab  UART_send_Num                              
00002673  UART_send_string                           
00004879  UART_transmitData                          
00004acd  UsageFault_Handler                         
4000480c  WDTCTL_SYM                                 
00004acd  WDT_A_IRQHandler                           
00004959  WDT_A_holdTimer                            
20010000  __STACK_END                                
00000200  __STACK_SIZE                               
000051b8  __TI_CINIT_Base                            
000051c8  __TI_CINIT_Limit                           
000051a0  __TI_Handler_Table_Base                    
000051ac  __TI_Handler_Table_Limit                   
000044dd  __TI_auto_init_nobinit_nopinit             
000040d7  __TI_decompress_lzss                       
00004ab3  __TI_decompress_none                       
000042bd  __TI_ltoa                                  
ffffffff  __TI_pprof_out_hndl                        
000000e5  __TI_printfi                               
ffffffff  __TI_prof_data_size                        
ffffffff  __TI_prof_data_start                       
00000000  __TI_static_base__                         
000048bd  __TI_zero_init_nomemset                    
00003df5  __aeabi_cdcmpeq                            
00003df5  __aeabi_cdcmple                            
00003e7b  __aeabi_cdrcmple                           
00004495  __aeabi_d2iz                               
00002ab7  __aeabi_dadd                               
00003235  __aeabi_ddiv                               
000036bd  __aeabi_dmul                               
00002aad  __aeabi_dsub                               
00004b25  __aeabi_errno_addr                         
0000459f  __aeabi_f2d                                
0000469d  __aeabi_i2d                                
00004209  __aeabi_idiv                               
00000b33  __aeabi_idiv0                              
00004209  __aeabi_idivmod                            
00000b33  __aeabi_ldiv0                              
00003f7d  __aeabi_memclr                             
00003f7d  __aeabi_memclr4                            
00003f7d  __aeabi_memclr8                            
00003c2d  __aeabi_memcpy                             
00003c2d  __aeabi_memcpy4                            
00003c2d  __aeabi_memcpy8                            
00003f7f  __aeabi_memset                             
00003f7f  __aeabi_memset4                            
00003f7f  __aeabi_memset8                            
0000489d  __aeabi_ui2d                               
00003cc9  __aeabi_uldivmod                           
ffffffff  __binit__                                  
ffffffff  __c_args__                                 
UNDEFED   __mpu_init                                 
2000fe00  __stack                                    
20000000  __start___llvm_prf_cnts                    
20000000  __stop___llvm_prf_cnts                     
000045d9  _c_int00_noargs                            
00004f2c  _ctypes_                                   
UNDEFED   _system_post_cinit                         
00004b3d  _system_pre_init                           
00004b41  abort                                      
20002b50  ad_get                                     
00004401  atoi                                       
ffffffff  binit                                      
20002400  bmp                                        
20002000  bmp2                                       
20002aa8  change_flag                                
000048f5  copysign                                   
000048f5  copysignl                                  
20002a68  count                                      
20002a5c  count_max                                  
20002a58  dirf                                       
20002b2c  encoder_A                                  
20002b34  encoder_B                                  
20002b3c  encoder_C                                  
20002b44  encoder_D                                  
000016ed  encoder_IncTypeDef_init                    
00001749  encoder_dirpin_init                        
000017f1  encoder_init                               
000017a1  encoder_interrupt_init                     
20002ac8  errno                                      
000041a5  frexp                                      
000041a5  frexpl                                     
0000249b  gpio_INT_EN                                
00002389  gpio_edg_sel                               
00002349  gpio_get                                   
000022e5  gpio_init                                  
000024ef  gpio_interrupt_INIT                        
00002359  gpio_set                                   
00002379  gpio_toggle                                
20002a8c  ii                                         
00000000  interruptVectors                           
000039d3  key_get                                    
00003975  key_init                                   
000035ad  ldexp                                      
000035ad  ldexpl                                     
00002c65  main                                       
000048d9  memccpy                                    
00003c2d  memcpy                                     
00003f85  memset                                     
00000eb7  oled_pow                                   
00000bd9  oled_update                                
20002ad4  oscill1                                    
20002a60  page_count                                 
20002aac  press_time                                 
20002a78  receive_success                            
000035ad  scalbn                                     
000035ad  scalbnl                                    
20000000  screen_buf                                 
00003491  set_clock_period                           
00004521  sprintf                                    
20002a64  start_flag                                 
0000499f  strchr                                     
00004a2d  strlen                                     
20002ab8  sysc                                       
00003551  system_init                                
00003543  systic_clr                                 
000034d5  systic_end                                 
0000349b  systic_init                                
000034e3  systic_read                                
000034bf  systic_start                               
20002abc  systim                                     
20002a6c  testA                                      
20002a70  testB                                      
20002ab4  time_counter                               
20002ab0  timerAcapturePointer                       
20002a30  timerAcaptureValues                        
00004a41  wcslen                                     


GLOBAL SYMBOLS: SORTED BY Symbol Address 

address   name                                       
-------   ----                                       
00000000  __TI_static_base__                         
00000000  interruptVectors                           
000000e5  __TI_printfi                               
00000200  __STACK_SIZE                               
00000b33  __aeabi_idiv0                              
00000b33  __aeabi_ldiv0                              
00000b35  OLED_PutPixel                              
00000ba5  OLED_pos_clr                               
00000bd9  oled_update                                
00000cbb  OLED_WR_Byte                               
00000d4b  OLED_Set_Pos                               
00000d87  OLED_Display_On                            
00000da3  OLED_Display_Off                           
00000dbf  OLED_Clear                                 
00000e2d  OLED_ShowChar                              
00000eb7  oled_pow                                   
00000ef1  OLED_ShowNum                               
00000fc5  OLED_Showfloat                             
00000ff5  OLED_ShowString                            
00001057  OLED_ShowCHinese                           
0000110d  OLED_DrawBMP                               
000011bd  OLED_Init                                  
00001321  ADC_INIT                                   
00001381  GET_ADC_VALUE                              
000013bd  ADC_mean_filter                            
00001411  ADC14_IRQHandler                           
00001411  ADC14_IRQHandler                           
0000157d  OLED_showADC                               
000015d3  ADC_TEST                                   
000016ed  encoder_IncTypeDef_init                    
00001749  encoder_dirpin_init                        
000017a1  encoder_interrupt_init                     
000017f1  encoder_init                               
00001899  GET_encoder_num                            
000018d5  GET_encoder_dir                            
00001911  Encoder_clr                                
00001955  TA0_N_IRQHandler                           
00001955  TA0_N_IRQHandler                           
00001995  OLED_show                                  
00001a29  ENCODER_TEST                               
00001ab9  SystemCoreClockUpdate                      
00001d31  SystemInit                                 
00001ded  PORT1_IRQHandler                           
00001ded  PORT1_IRQHandler                           
00001e2b  PORT2_IRQHandler                           
00001e2b  PORT2_IRQHandler                           
00001e7f  PORT3_IRQHandler                           
00001e7f  PORT3_IRQHandler                           
00001edf  PORT4_IRQHandler                           
00001edf  PORT4_IRQHandler                           
00001f55  PORT5_IRQHandler                           
00001f55  PORT5_IRQHandler                           
00001fa9  PORT6_IRQHandler                           
00001fa9  PORT6_IRQHandler                           
00002003  TA0_0_IRQHandler                           
00002003  TA0_0_IRQHandler                           
00002019  TA1_0_IRQHandler                           
00002019  TA1_0_IRQHandler                           
00002025  TA2_0_IRQHandler                           
00002025  TA2_0_IRQHandler                           
00002031  TA3_0_IRQHandler                           
00002031  TA3_0_IRQHandler                           
000022e5  gpio_init                                  
00002349  gpio_get                                   
00002359  gpio_set                                   
00002379  gpio_toggle                                
00002389  gpio_edg_sel                               
0000249b  gpio_INT_EN                                
000024ef  gpio_interrupt_INIT                        
0000254d  UART0_init                                 
0000259d  UART2_init                                 
00002623  UART3_init                                 
00002673  UART_send_string                           
000026ab  UART_send_Num                              
000026bb  EUSCIA0_IRQHandler                         
000026bb  EUSCIA0_IRQHandler                         
000026df  EUSCIA2_IRQHandler                         
000026df  EUSCIA2_IRQHandler                         
000028f1  ADS_RCV_Init                               
00002941  EUSCIA3_IRQHandler                         
00002941  EUSCIA3_IRQHandler                         
000029d1  ADS_Get                                    
00002a13  ADS_RCV_GetData32                          
00002aad  __aeabi_dsub                               
00002ab7  __aeabi_dadd                               
00002c65  main                                       
00002fb1  PIT_init                                   
00003235  __aeabi_ddiv                               
00003491  set_clock_period                           
0000349b  systic_init                                
000034bf  systic_start                               
000034d5  systic_end                                 
000034e3  systic_read                                
00003543  systic_clr                                 
00003551  system_init                                
00003579  SysTick_Handler                            
00003579  SysTick_Handler                            
000035ad  ldexp                                      
000035ad  ldexpl                                     
000035ad  scalbn                                     
000035ad  scalbnl                                    
000036bd  __aeabi_dmul                               
000037b9  CS_initClockSignal                         
00003975  key_init                                   
000039d3  key_get                                    
00003b91  CS_startHFXTWithTimeout                    
00003c2d  __aeabi_memcpy                             
00003c2d  __aeabi_memcpy4                            
00003c2d  __aeabi_memcpy8                            
00003c2d  memcpy                                     
00003cc9  __aeabi_uldivmod                           
00003d61  UART_initModule                            
00003df5  __aeabi_cdcmpeq                            
00003df5  __aeabi_cdcmple                            
00003e7b  __aeabi_cdrcmple                           
00003f01  PCM_gotoLPM3                               
00003f7d  __aeabi_memclr                             
00003f7d  __aeabi_memclr4                            
00003f7d  __aeabi_memclr8                            
00003f7f  __aeabi_memset                             
00003f7f  __aeabi_memset4                            
00003f7f  __aeabi_memset8                            
00003f85  memset                                     
000040d7  __TI_decompress_lzss                       
00004141  Interrupt_enableInterrupt                  
000041a5  frexp                                      
000041a5  frexpl                                     
00004209  __aeabi_idiv                               
00004209  __aeabi_idivmod                            
000042bd  __TI_ltoa                                  
00004365  PCM_shutdownDevice                         
000043b5  GPIO_setAsPeripheralModuleFunctionOutputPin
00004401  atoi                                       
0000444d  GPIO_setAsPeripheralModuleFunctionInputPin 
00004495  __aeabi_d2iz                               
000044dd  __TI_auto_init_nobinit_nopinit             
00004521  sprintf                                    
0000459f  __aeabi_f2d                                
000045d9  _c_int00_noargs                            
0000460d  GPIO_getEnabledInterruptStatus             
0000463d  GPIO_setAsInputPinWithPullUpResistor       
0000466d  UART_getEnabledInterruptStatus             
0000469d  __aeabi_i2d                                
000046cd  GPIO_setAsInputPin                         
000046f9  PCM_getCoreVoltageLevel                    
00004725  PCM_getPowerMode                           
00004751  FlashCtl_setWaitState                      
00004779  PCM_gotoLPM0                               
000047a1  CS_setDCOCenteredFrequency                 
000047c5  GPIO_setAsOutputPin                        
000047e9  Interrupt_setPriority                      
0000480d  RTC_C_holdClock                            
00004831  UART_disableInterrupt                      
00004855  UART_receiveData                           
00004879  UART_transmitData                          
0000489d  __aeabi_ui2d                               
000048bd  __TI_zero_init_nomemset                    
000048d9  memccpy                                    
000048f5  copysign                                   
000048f5  copysignl                                  
00004911  GPIO_clearInterruptFlag                    
00004929  GPIO_getInputPinValue                      
00004941  GPIO_setOutputLowOnPin                     
00004959  WDT_A_holdTimer                            
00004989  UART_enableInterrupt                       
0000499f  strchr                                     
000049b5  CS_setExternalClockSourceFrequency         
000049c9  FPU_enableModule                           
000049dd  GPIO_enableInterrupt                       
000049f1  GPIO_setOutputHighOnPin                    
00004a05  GPIO_toggleOutputOnPin                     
00004a19  SysCtl_enableSRAMBankRetention             
00004a2d  strlen                                     
00004a41  wcslen                                     
00004a55  GPIO_getInterruptStatus                    
00004a65  Interrupt_enableMaster                     
00004a75  PCM_gotoLPM4                               
00004a85  SysCtl_disableNMISource                    
00004a95  SysCtl_enableNMISource                     
00004aa5  UART_clearInterruptFlag                    
00004ab3  __TI_decompress_none                       
00004ac1  Reset_Handler                              
00004acd  AES256_IRQHandler                          
00004acd  BusFault_Handler                           
00004acd  COMP_E0_IRQHandler                         
00004acd  COMP_E1_IRQHandler                         
00004acd  CS_IRQHandler                              
00004acd  DMA_ERR_IRQHandler                         
00004acd  DMA_INT0_IRQHandler                        
00004acd  DMA_INT1_IRQHandler                        
00004acd  DMA_INT2_IRQHandler                        
00004acd  DMA_INT3_IRQHandler                        
00004acd  DebugMon_Handler                           
00004acd  Default_Handler                            
00004acd  EUSCIA1_IRQHandler                         
00004acd  EUSCIB0_IRQHandler                         
00004acd  EUSCIB1_IRQHandler                         
00004acd  EUSCIB2_IRQHandler                         
00004acd  EUSCIB3_IRQHandler                         
00004acd  FLCTL_IRQHandler                           
00004acd  FPU_IRQHandler                             
00004acd  HardFault_Handler                          
00004acd  MemManage_Handler                          
00004acd  NMI_Handler                                
00004acd  PCM_IRQHandler                             
00004acd  PSS_IRQHandler                             
00004acd  PendSV_Handler                             
00004acd  RTC_C_IRQHandler                           
00004acd  SVC_Handler                                
00004acd  T32_INT1_IRQHandler                        
00004acd  T32_INT2_IRQHandler                        
00004acd  T32_INTC_IRQHandler                        
00004acd  TA1_N_IRQHandler                           
00004acd  TA2_N_IRQHandler                           
00004acd  TA3_N_IRQHandler                           
00004acd  UsageFault_Handler                         
00004acd  WDT_A_IRQHandler                           
00004acf  CPU_cpsie                                  
00004add  PCM_getPowerState                          
00004ae9  SysCtl_getNMISourceStatus                  
00004af5  UART_enableModule                          
00004b0b  PCM_setCoreVoltageLevel                    
00004b13  PCM_setPowerMode                           
00004b1b  PCM_setPowerState                          
00004b25  __aeabi_errno_addr                         
00004b2d  CS_startHFXT                               
00004b33  UART_getInterruptStatus                    
00004b39  CPU_wfi                                    
00004b3d  _system_pre_init                           
00004b41  C$$EXIT                                    
00004b41  abort                                      
00004b44  F6x8                                       
00004d6c  Hzk                                        
00004f2c  _ctypes_                                   
000050c0  UART0                                      
000050e4  UART2                                      
00005108  UART3                                      
0000512c  UART3_SET                                  
000051a0  __TI_Handler_Table_Base                    
000051ac  __TI_Handler_Table_Limit                   
000051b8  __TI_CINIT_Base                            
000051c8  __TI_CINIT_Limit                           
20000000  __start___llvm_prf_cnts                    
20000000  __stop___llvm_prf_cnts                     
20000000  screen_buf                                 
20002000  bmp2                                       
20002400  bmp                                        
20002800  Oscill_data_buff                           
20002a30  timerAcaptureValues                        
20002a58  dirf                                       
20002a5c  count_max                                  
20002a60  page_count                                 
20002a64  start_flag                                 
20002a68  count                                      
20002a6c  testA                                      
20002a70  testB                                      
20002a74  IRQ3_5flag                                 
20002a75  IRQ4_6flag                                 
20002a76  A_flag                                     
20002a77  B_flag                                     
20002a78  receive_success                            
20002a7c  ADC_CA                                     
20002a80  ADC_CB                                     
20002a84  ADC_CC                                     
20002a88  ADC_CD                                     
20002a8c  ii                                         
20002a90  ADC_receive_count                          
20002a94  ADS_RCV_DATA                               
20002aa0  R_FLAG                                     
20002aa1  ADS_RCV_FLAG                               
20002aa2  ADS_RCV_STATE                              
20002aa8  change_flag                                
20002aac  press_time                                 
20002ab0  timerAcapturePointer                       
20002ab4  time_counter                               
20002ab8  sysc                                       
20002abc  systim                                     
20002ac8  errno                                      
20002acc  SystemCoreClock                            
20002ad0  UART3_RXDat                                
20002ad1  UART2_RXDat                                
20002ad2  UART0_RXDat                                
20002ad4  oscill1                                    
20002aec  A0results                                  
20002afc  A1results                                  
20002b0c  A2results                                  
20002b1c  A3results                                  
20002b2c  encoder_A                                  
20002b34  encoder_B                                  
20002b3c  encoder_C                                  
20002b44  encoder_D                                  
20002b50  ad_get                                     
2000fe00  __stack                                    
20010000  __STACK_END                                
4000480c  WDTCTL_SYM                                 
ffffffff  __TI_pprof_out_hndl                        
ffffffff  __TI_prof_data_size                        
ffffffff  __TI_prof_data_start                       
ffffffff  __binit__                                  
ffffffff  __c_args__                                 
ffffffff  binit                                      
UNDEFED   __mpu_init                                 
UNDEFED   _system_post_cinit                         

[303 symbols]
