******************************************************************************
                  TI ARM Linker PC v20.2.1                     
******************************************************************************
>> Linked Thu Oct 15 20:05:25 2020

OUTPUT FILE NAME:   <mmWave-uart.out>
ENTRY POINT SYMBOL: "_c_int00_noargs"  address: 0000267d


MEMORY CONFIGURATION

         name            origin    length      used     unused   attr    fill
----------------------  --------  ---------  --------  --------  ----  --------
  MAIN                  00000000   00040000  0000303c  0003cfc4  R  X
  INFO                  00200000   00004000  00000000  00004000  R  X
  SRAM_CODE             01000000   00010000  00002d3e  0000d2c2  RW X
  SRAM_DATA             20000000   00010000  00002d3e  0000d2c2  RW  


SEGMENT ALLOCATION MAP

run origin  load origin   length   init length attrs members
----------  ----------- ---------- ----------- ----- -------
00000000    00000000    00003040   00003040    r-x
  00000000    00000000    000000e4   000000e4    r-- .intvecs
  000000e4    000000e4    00002a28   00002a28    r-x .text
  00002b0c    00002b0c    000004c0   000004c0    r-- .const
  00002fd0    00002fd0    00000070   00000070    r-- .cinit
20000000    20000000    00002b3e   00000000    rw-
  20000000    20000000    00002ab8   00000000    rw- .data
  20002ab8    20002ab8    00000086   00000000    rw- .bss
2000fe00    2000fe00    00000200   00000000    rw-
  2000fe00    2000fe00    00000200   00000000    rw- .stack


SECTION ALLOCATION MAP

 output                                  attributes/
section   page    origin      length       input sections
--------  ----  ----------  ----------   ----------------
.intvecs   0    00000000    000000e4     
                  00000000    000000e4     startup_msp432p401r_ccs.obj (.intvecs:retain)

.text      0    000000e4    00002a28     
                  000000e4    000007ac     oled.obj (.text)
                  00000890    000003cc     exinADC.obj (.text)
                  00000c5c    000003cc     exinencoder.obj (.text)
                  00001028    00000334     system_msp432p401r.obj (.text)
                  0000135c    00000294     exinisr.obj (.text)
                  000015f0    00000268     exingpio.obj (.text)
                  00001858    000001f8     exinuart.obj (.text)
                  00001a50    000001b4     ADS_RCV.obj (.text)
                  00001c04    000001a0     msp432p4xx_driverlib.lib : pcm.o (.text:__PCM_setPowerStateAdvanced)
                  00001da4    00000148     exin_pit.obj (.text)
                  00001eec    000000e0     msp432p4xx_driverlib.lib : cs.o (.text:CS_initClockSignal)
                  00001fcc    000000dc                              : pcm.o (.text:__PCM_setPowerModeAdvanced)
                  000020a8    000000b0                              : pcm.o (.text:__PCM_setCoreVoltageLevelAdvanced)
                  00002158    0000009c                              : cs.o (.text:CS_startHFXTWithTimeout)
                  000021f4    0000009c     rtsv7M4_T_le_v4SPD16_eabi.lib : memcpy_t2.asm.obj (.text)
                  00002290    00000094     msp432p4xx_driverlib.lib : uart.o (.text:UART_initModule)
                  00002324    0000007c                              : pcm.o (.text:PCM_gotoLPM3)
                  000023a0    00000078     exinsystem.obj (.text)
                  00002418    00000070     msp432p4xx_driverlib.lib : cs.o (.text:_CSGetHFXTFrequency)
                  00002488    00000068     rtsv7M4_T_le_v4SPD16_eabi.lib : copy_decompress_lzss.c.obj (.text:decompress:lzss:__TI_decompress_lzss)
                  000024f0    00000064     msp432p4xx_driverlib.lib : interrupt.o (.text:Interrupt_enableInterrupt)
                  00002554    00000050                              : pcm.o (.text:PCM_shutdownDevice)
                  000025a4    0000004c                              : gpio.o (.text:GPIO_setAsPeripheralModuleFunctionOutputPin)
                  000025f0    00000048                              : gpio.o (.text:GPIO_setAsPeripheralModuleFunctionInputPin)
                  00002638    00000044     rtsv7M4_T_le_v4SPD16_eabi.lib : autoinit.c.obj (.text:__TI_auto_init_nobinit_nopinit:__TI_auto_init_nobinit_nopinit)
                  0000267c    00000034                                   : boot_cortex_m.c.obj (.text:_c_int00_noargs:_c_int00_noargs)
                  000026b0    00000030     msp432p4xx_driverlib.lib : gpio.o (.text:GPIO_getEnabledInterruptStatus)
                  000026e0    00000030                              : gpio.o (.text:GPIO_setAsInputPinWithPullUpResistor)
                  00002710    00000030                              : uart.o (.text:UART_getEnabledInterruptStatus)
                  00002740    0000002c                              : gpio.o (.text:GPIO_setAsInputPin)
                  0000276c    0000002c                              : pcm.o (.text:PCM_getCoreVoltageLevel)
                  00002798    0000002a                              : pcm.o (.text:PCM_getPowerMode)
                  000027c2    00000002     --HOLE-- [fill = 0]
                  000027c4    00000028                              : flash.o (.text:FlashCtl_setWaitState)
                  000027ec    00000028                              : pcm.o (.text:PCM_gotoLPM0)
                  00002814    00000024                              : cs.o (.text:CS_setDCOCenteredFrequency)
                  00002838    00000024                              : gpio.o (.text:GPIO_setAsOutputPin)
                  0000285c    00000024                              : interrupt.o (.text:Interrupt_setPriority)
                  00002880    00000024                              : rtc_c.o (.text:RTC_C_holdClock)
                  000028a4    00000024                              : uart.o (.text:UART_disableInterrupt)
                  000028c8    00000024                              : uart.o (.text:UART_receiveData)
                  000028ec    00000024                              : uart.o (.text:UART_transmitData)
                  00002910    0000001c     rtsv7M4_T_le_v4SPD16_eabi.lib : copy_zero_init.c.obj (.text:decompress:ZI:__TI_zero_init_nomemset:__TI_zero_init_nomemset)
                  0000292c    00000018     msp432p4xx_driverlib.lib : gpio.o (.text:GPIO_clearInterruptFlag)
                  00002944    00000018                              : gpio.o (.text:GPIO_getInputPinValue)
                  0000295c    00000018                              : gpio.o (.text:GPIO_setOutputLowOnPin)
                  00002974    00000018                              : wdt_a.o (.text:WDT_A_holdTimer)
                  0000298c    00000016     EXIN_gpio.obj (.text)
                  000029a2    00000016     msp432p4xx_driverlib.lib : uart.o (.text:UART_enableInterrupt)
                  000029b8    00000014                              : cs.o (.text:CS_setExternalClockSourceFrequency)
                  000029cc    00000014                              : fpu.o (.text:FPU_enableModule)
                  000029e0    00000014                              : gpio.o (.text:GPIO_enableInterrupt)
                  000029f4    00000014                              : gpio.o (.text:GPIO_setOutputHighOnPin)
                  00002a08    00000014                              : gpio.o (.text:GPIO_toggleOutputOnPin)
                  00002a1c    00000014                              : sysctl.o (.text:SysCtl_enableSRAMBankRetention)
                  00002a30    00000010                              : gpio.o (.text:GPIO_getInterruptStatus)
                  00002a40    00000010                              : interrupt.o (.text:Interrupt_enableMaster)
                  00002a50    00000010                              : pcm.o (.text:PCM_gotoLPM4)
                  00002a60    00000010                              : sysctl.o (.text:SysCtl_disableNMISource)
                  00002a70    00000010                              : sysctl.o (.text:SysCtl_enableNMISource)
                  00002a80    0000000e                              : uart.o (.text:UART_clearInterruptFlag)
                  00002a8e    0000000e     rtsv7M4_T_le_v4SPD16_eabi.lib : copy_decompress_none.c.obj (.text:decompress:none:__TI_decompress_none)
                  00002a9c    0000000e     startup_msp432p401r_ccs.obj (.text)
                  00002aaa    0000000c     msp432p4xx_driverlib.lib : cpu.o (.text:CPU_cpsie)
                  00002ab6    00000002     --HOLE-- [fill = 0]
                  00002ab8    0000000c                              : pcm.o (.text:PCM_getPowerState)
                  00002ac4    0000000c                              : sysctl.o (.text:SysCtl_getNMISourceStatus)
                  00002ad0    0000000c                              : uart.o (.text:UART_enableModule)
                  00002adc    00000008                              : pcm.o (.text:PCM_setCoreVoltageLevel)
                  00002ae4    00000008                              : pcm.o (.text:PCM_setPowerMode)
                  00002aec    00000008                              : pcm.o (.text:PCM_setPowerState)
                  00002af4    00000006                              : cs.o (.text:CS_startHFXT)
                  00002afa    00000006                              : uart.o (.text:UART_getInterruptStatus)
                  00002b00    00000004                              : cpu.o (.text:CPU_wfi)
                  00002b04    00000004     rtsv7M4_T_le_v4SPD16_eabi.lib : pre_init.c.obj (.text:_system_pre_init)
                  00002b08    00000004                                   : exit.c.obj (.text:abort:abort)

.const     0    00002b0c    000004c0     
                  00002b0c    00000228     oled.obj (.const:F6x8)
                  00002d34    000001c0     oled.obj (.const:Hzk)
                  00002ef4    00000050     msp432p4xx_driverlib.lib : interrupt.o (.const:g_pulRegs)
                  00002f44    00000040                              : interrupt.o (.const)
                  00002f84    00000024     exinuart.obj (.const:UART2)
                  00002fa8    00000024     ADS_RCV.obj (.const:UART3_SET)

.cinit     0    00002fd0    00000070     
                  00002fd0    0000004a     (.cinit..data.load) [load image, compression = lzss]
                  0000301a    00000002     --HOLE-- [fill = 0]
                  0000301c    0000000c     (__TI_handler_table)
                  00003028    00000008     (.cinit..bss.load) [load image, compression = zero_init]
                  00003030    00000010     (__TI_cinit_table)

.init_array 
*          0    00000000    00000000     UNINITIALIZED

.binit     0    00000000    00000000     

.data      0    20000000    00002ab8     UNINITIALIZED
                  20000000    00002000     oled.obj (.data:screen_buf)
                  20002000    00000400     oled.obj (.data:bmp2)
                  20002400    00000400     oled.obj (.data:bmp)
                  20002800    00000200     Oscill_OLED.obj (.data:Oscill_data_buff)
                  20002a00    00000030     msp432p4xx_driverlib.lib : gpio.o (.data:GPIO_PORT_TO_BASE)
                  20002a30    00000028     exinencoder.obj (.data:timerAcaptureValues)
                  20002a58    00000020     exinadjust.obj (.data)
                  20002a78    0000001c     exinADC.obj (.data)
                  20002a94    0000000a     ADS_RCV.obj (.data:ADS_RCV_DATA)
                  20002a9e    00000002     exinuart.obj (.data)
                  20002aa0    00000008     ADS_RCV.obj (.data)
                  20002aa8    00000008     exinencoder.obj (.data)
                  20002ab0    00000004     exinsystem.obj (.data)
                  20002ab4    00000004     system_msp432p401r.obj (.data)

.bss       0    20002ab8    00000086     UNINITIALIZED
                  20002ab8    00000018     (.common:oscill1)
                  20002ad0    00000010     (.common:A0results)
                  20002ae0    00000010     (.common:A1results)
                  20002af0    00000010     (.common:A2results)
                  20002b00    00000010     (.common:A3results)
                  20002b10    00000008     (.common:encoder_A)
                  20002b18    00000008     (.common:encoder_B)
                  20002b20    00000008     (.common:encoder_C)
                  20002b28    00000008     (.common:encoder_D)
                  20002b30    00000004     (.common:ad_get)
                  20002b34    00000004     (.common:hfxtFreq)
                  20002b38    00000004     (.common:lfxtFreq)
                  20002b3c    00000001     exinADC.obj (.bss)
                  20002b3d    00000001     oled.obj (.bss)

.stack     0    2000fe00    00000200     UNINITIALIZED
                  2000fe00    00000004     rtsv7M4_T_le_v4SPD16_eabi.lib : boot_cortex_m.c.obj (.stack)
                  2000fe04    000001fc     --HOLE--

__llvm_prf_cnts 
*          0    20000000    00000000     UNINITIALIZED

MODULE SUMMARY

       Module                        code    ro data   rw data
       ------                        ----    -------   -------
    .\
       EXIN_gpio.obj                 22      0         0      
    +--+-----------------------------+-------+---------+---------+
       Total:                        22      0         0      
                                                              
    .\exinlibs\
       oled.obj                      1964    1000      20482  
       exinADC.obj                   972     0         194    
       exinencoder.obj               972     0         160    
       Oscill_OLED.obj               0       0         1072   
       system_msp432p401r.obj        820     0         8      
       exinisr.obj                   660     0         0      
       exingpio.obj                  616     0         0      
       exinuart.obj                  504     36        4      
       ADS_RCV.obj                   436     36        36     
       exin_pit.obj                  328     0         0      
       startup_msp432p401r_ccs.obj   14      228       0      
       exinsystem.obj                120     0         8      
       exinadjust.obj                0       0         64     
    +--+-----------------------------+-------+---------+---------+
       Total:                        7406    1300      22028  
                                                              
    C:/ti/msp/MSP432Ware_3_40_00_25/driverlib/driverlib/MSP432P4xx/ccs/msp432p4xx_driverlib.lib
       pcm.o                         1194    0         0      
       cs.o                          554     0         16     
       gpio.o                        472     0         96     
       uart.o                        358     0         0      
       interrupt.o                   152     144       0      
       sysctl.o                      64      0         0      
       flash.o                       40      0         0      
       rtc_c.o                       36      0         0      
       wdt_a.o                       24      0         0      
       fpu.o                         20      0         0      
       cpu.o                         16      0         0      
    +--+-----------------------------+-------+---------+---------+
       Total:                        2930    144       112    
                                                              
    D:\CCS\ccs\tools\compiler\ti-cgt-arm_20.2.1.LTS\lib\rtsv7M4_T_le_v4SPD16_eabi.lib
       memcpy_t2.asm.obj             156     0         0      
       copy_decompress_lzss.c.obj    104     0         0      
       autoinit.c.obj                68      0         0      
       boot_cortex_m.c.obj           52      0         0      
       copy_zero_init.c.obj          28      0         0      
       copy_decompress_none.c.obj    14      0         0      
       exit.c.obj                    4       0         0      
       pre_init.c.obj                4       0         0      
    +--+-----------------------------+-------+---------+---------+
       Total:                        430     0         0      
                                                              
       Stack:                        0       0         1024   
       Linker Generated:             0       110       0      
    +--+-----------------------------+-------+---------+---------+
       Grand Total:                  10788   1554      23164  


LINKER GENERATED COPY TABLES

__TI_cinit_table @ 00003030 records: 2, size/record: 8, table size: 16
	.data: load addr=00002fd0, load size=0000004a bytes, run addr=20000000, run size=00002ab8 bytes, compression=lzss
	.bss: load addr=00003028, load size=00000008 bytes, run addr=20002ab8, run size=00000086 bytes, compression=zero_init


LINKER GENERATED HANDLER TABLE

__TI_handler_table @ 0000301c records: 3, size/record: 4, table size: 12
	index: 0, handler: __TI_decompress_lzss
	index: 1, handler: __TI_decompress_none
	index: 2, handler: __TI_zero_init


GLOBAL SYMBOLS: SORTED ALPHABETICALLY BY Name 

address   name                                       
-------   ----                                       
20002ad0  A0results                                  
20002ae0  A1results                                  
20002af0  A2results                                  
20002b00  A3results                                  
00000981  ADC14_IRQHandler                           
00000981  ADC14_IRQHandler                           
20002a7c  ADC_CA                                     
20002a80  ADC_CB                                     
20002a84  ADC_CC                                     
20002a88  ADC_CD                                     
00000891  ADC_INIT                                   
00000b43  ADC_TEST                                   
0000092d  ADC_mean_filter                            
20002a90  ADC_receive_count                          
00001b29  ADS_Get                                    
20002a94  ADS_RCV_DATA                               
20002aa1  ADS_RCV_FLAG                               
00001b6b  ADS_RCV_GetData32                          
00001a51  ADS_RCV_Init                               
20002aa2  ADS_RCV_STATE                              
00002aa9  AES256_IRQHandler                          
20002a76  A_flag                                     
20002a77  B_flag                                     
00002aa9  BusFault_Handler                           
00002b09  C$$EXIT                                    
00002aa9  COMP_E0_IRQHandler                         
00002aa9  COMP_E1_IRQHandler                         
00002aab  CPU_cpsie                                  
00002b01  CPU_wfi                                    
00002aa9  CS_IRQHandler                              
00001eed  CS_initClockSignal                         
00002815  CS_setDCOCenteredFrequency                 
000029b9  CS_setExternalClockSourceFrequency         
00002af5  CS_startHFXT                               
00002159  CS_startHFXTWithTimeout                    
00002aa9  DMA_ERR_IRQHandler                         
00002aa9  DMA_INT0_IRQHandler                        
00002aa9  DMA_INT1_IRQHandler                        
00002aa9  DMA_INT2_IRQHandler                        
00002aa9  DMA_INT3_IRQHandler                        
00002aa9  DebugMon_Handler                           
00002aa9  Default_Handler                            
00000f99  ENCODER_TEST                               
0000191b  EUSCIA0_IRQHandler                         
0000191b  EUSCIA0_IRQHandler                         
00002aa9  EUSCIA1_IRQHandler                         
000019bb  EUSCIA2_IRQHandler                         
000019bb  EUSCIA2_IRQHandler                         
00001a99  EUSCIA3_IRQHandler                         
00001a99  EUSCIA3_IRQHandler                         
00002aa9  EUSCIB0_IRQHandler                         
00002aa9  EUSCIB1_IRQHandler                         
00002aa9  EUSCIB2_IRQHandler                         
00002aa9  EUSCIB3_IRQHandler                         
00000e81  Encoder_clr                                
00002b0c  F6x8                                       
00002aa9  FLCTL_IRQHandler                           
00002aa9  FPU_IRQHandler                             
000029cd  FPU_enableModule                           
000027c5  FlashCtl_setWaitState                      
000008f1  GET_ADC_VALUE                              
00000e45  GET_encoder_dir                            
00000e09  GET_encoder_num                            
0000292d  GPIO_clearInterruptFlag                    
000029e1  GPIO_enableInterrupt                       
000026b1  GPIO_getEnabledInterruptStatus             
00002945  GPIO_getInputPinValue                      
00002a31  GPIO_getInterruptStatus                    
00002741  GPIO_setAsInputPin                         
000026e1  GPIO_setAsInputPinWithPullUpResistor       
00002839  GPIO_setAsOutputPin                        
000025f1  GPIO_setAsPeripheralModuleFunctionInputPin 
000025a5  GPIO_setAsPeripheralModuleFunctionOutputPin
000029f5  GPIO_setOutputHighOnPin                    
0000295d  GPIO_setOutputLowOnPin                     
00002a09  GPIO_toggleOutputOnPin                     
00002aa9  HardFault_Handler                          
00002d34  Hzk                                        
20002a74  IRQ3_5flag                                 
20002a75  IRQ4_6flag                                 
000024f1  Interrupt_enableInterrupt                  
00002a41  Interrupt_enableMaster                     
0000285d  Interrupt_setPriority                      
00002aa9  MemManage_Handler                          
00002aa9  NMI_Handler                                
0000036f  OLED_Clear                                 
00000353  OLED_Display_Off                           
00000337  OLED_Display_On                            
0000068d  OLED_DrawBMP                               
0000073d  OLED_Init                                  
000000e5  OLED_PutPixel                              
000002fb  OLED_Set_Pos                               
000005d7  OLED_ShowCHinese                           
000003dd  OLED_ShowChar                              
000004a1  OLED_ShowNum                               
00000575  OLED_ShowString                            
0000026b  OLED_WR_Byte                               
00000155  OLED_pos_clr                               
00000f05  OLED_show                                  
00000aed  OLED_showADC                               
20002800  Oscill_data_buff                           
00002aa9  PCM_IRQHandler                             
0000276d  PCM_getCoreVoltageLevel                    
00002799  PCM_getPowerMode                           
00002ab9  PCM_getPowerState                          
000027ed  PCM_gotoLPM0                               
00002325  PCM_gotoLPM3                               
00002a51  PCM_gotoLPM4                               
00002add  PCM_setCoreVoltageLevel                    
00002ae5  PCM_setPowerMode                           
00002aed  PCM_setPowerState                          
00002555  PCM_shutdownDevice                         
00001da5  PIT_init                                   
0000135d  PORT1_IRQHandler                           
0000135d  PORT1_IRQHandler                           
0000139b  PORT2_IRQHandler                           
0000139b  PORT2_IRQHandler                           
000013f7  PORT3_IRQHandler                           
000013f7  PORT3_IRQHandler                           
00001459  PORT4_IRQHandler                           
00001459  PORT4_IRQHandler                           
000014d1  PORT5_IRQHandler                           
000014d1  PORT5_IRQHandler                           
00001525  PORT6_IRQHandler                           
00001525  PORT6_IRQHandler                           
00002aa9  PSS_IRQHandler                             
00002aa9  PendSV_Handler                             
00002aa9  RTC_C_IRQHandler                           
00002881  RTC_C_holdClock                            
20002aa0  R_FLAG                                     
00002a9d  Reset_Handler                              
00002aa9  SVC_Handler                                
00002a61  SysCtl_disableNMISource                    
00002a71  SysCtl_enableNMISource                     
00002a1d  SysCtl_enableSRAMBankRetention             
00002ac5  SysCtl_getNMISourceStatus                  
000023f9  SysTick_Handler                            
000023f9  SysTick_Handler                            
20002ab4  SystemCoreClock                            
00001029  SystemCoreClockUpdate                      
000012a1  SystemInit                                 
00002aa9  T32_INT1_IRQHandler                        
00002aa9  T32_INT2_IRQHandler                        
00002aa9  T32_INTC_IRQHandler                        
0000157f  TA0_0_IRQHandler                           
0000157f  TA0_0_IRQHandler                           
00000ec5  TA0_N_IRQHandler                           
00000ec5  TA0_N_IRQHandler                           
00001595  TA1_0_IRQHandler                           
00001595  TA1_0_IRQHandler                           
00002aa9  TA1_N_IRQHandler                           
000015a1  TA2_0_IRQHandler                           
000015a1  TA2_0_IRQHandler                           
00002aa9  TA2_N_IRQHandler                           
000015ad  TA3_0_IRQHandler                           
000015ad  TA3_0_IRQHandler                           
00002aa9  TA3_N_IRQHandler                           
20002a9f  UART0_RXDat                                
00001859  UART0_init                                 
00002f84  UART2                                      
20002a9e  UART2_RXDat                                
0000193d  UART2_init                                 
00002fa8  UART3_SET                                  
00002a81  UART_clearInterruptFlag                    
000028a5  UART_disableInterrupt                      
000029a3  UART_enableInterrupt                       
00002ad1  UART_enableModule                          
00002711  UART_getEnabledInterruptStatus             
00002afb  UART_getInterruptStatus                    
00002291  UART_initModule                            
000028c9  UART_receiveData                           
000019df  UART_send_string                           
000028ed  UART_transmitData                          
00002aa9  UsageFault_Handler                         
4000480c  WDTCTL_SYM                                 
00002aa9  WDT_A_IRQHandler                           
00002975  WDT_A_holdTimer                            
20010000  __STACK_END                                
00000200  __STACK_SIZE                               
00003030  __TI_CINIT_Base                            
00003040  __TI_CINIT_Limit                           
0000301c  __TI_Handler_Table_Base                    
00003028  __TI_Handler_Table_Limit                   
00002639  __TI_auto_init_nobinit_nopinit             
00002489  __TI_decompress_lzss                       
00002a8f  __TI_decompress_none                       
ffffffff  __TI_pprof_out_hndl                        
ffffffff  __TI_prof_data_size                        
ffffffff  __TI_prof_data_start                       
00000000  __TI_static_base__                         
00002911  __TI_zero_init_nomemset                    
000021f5  __aeabi_memcpy                             
000021f5  __aeabi_memcpy4                            
000021f5  __aeabi_memcpy8                            
ffffffff  __binit__                                  
ffffffff  __c_args__                                 
UNDEFED   __mpu_init                                 
2000fe00  __stack                                    
20000000  __start___llvm_prf_cnts                    
20000000  __stop___llvm_prf_cnts                     
0000267d  _c_int00_noargs                            
UNDEFED   _system_post_cinit                         
00002b05  _system_pre_init                           
00002b09  abort                                      
20002b30  ad_get                                     
ffffffff  binit                                      
20002400  bmp                                        
20002000  bmp2                                       
20002a68  count                                      
20002a5c  count_max                                  
20002a58  dirf                                       
20002b10  encoder_A                                  
20002b18  encoder_B                                  
20002b20  encoder_C                                  
20002b28  encoder_D                                  
00000c5d  encoder_IncTypeDef_init                    
00000cb9  encoder_dirpin_init                        
00000d61  encoder_init                               
00000d11  encoder_interrupt_init                     
000017a7  gpio_INT_EN                                
00001695  gpio_edg_sel                               
00001655  gpio_get                                   
000015f1  gpio_init                                  
000017fb  gpio_interrupt_INIT                        
00001665  gpio_set                                   
00001685  gpio_toggle                                
20002a8c  ii                                         
00000000  interruptVectors                           
0000298d  main                                       
000021f5  memcpy                                     
00000467  oled_pow                                   
00000189  oled_update                                
20002ab8  oscill1                                    
20002a60  page_count                                 
20002a78  receive_success                            
20000000  screen_buf                                 
000023a1  set_clock_period                           
20002a64  start_flag                                 
000023b7  system_init                                
20002a6c  testA                                      
20002a70  testB                                      
20002ab0  time                                       
20002aac  time_counter                               
20002aa8  timerAcapturePointer                       
20002a30  timerAcaptureValues                        


GLOBAL SYMBOLS: SORTED BY Symbol Address 

address   name                                       
-------   ----                                       
00000000  __TI_static_base__                         
00000000  interruptVectors                           
000000e5  OLED_PutPixel                              
00000155  OLED_pos_clr                               
00000189  oled_update                                
00000200  __STACK_SIZE                               
0000026b  OLED_WR_Byte                               
000002fb  OLED_Set_Pos                               
00000337  OLED_Display_On                            
00000353  OLED_Display_Off                           
0000036f  OLED_Clear                                 
000003dd  OLED_ShowChar                              
00000467  oled_pow                                   
000004a1  OLED_ShowNum                               
00000575  OLED_ShowString                            
000005d7  OLED_ShowCHinese                           
0000068d  OLED_DrawBMP                               
0000073d  OLED_Init                                  
00000891  ADC_INIT                                   
000008f1  GET_ADC_VALUE                              
0000092d  ADC_mean_filter                            
00000981  ADC14_IRQHandler                           
00000981  ADC14_IRQHandler                           
00000aed  OLED_showADC                               
00000b43  ADC_TEST                                   
00000c5d  encoder_IncTypeDef_init                    
00000cb9  encoder_dirpin_init                        
00000d11  encoder_interrupt_init                     
00000d61  encoder_init                               
00000e09  GET_encoder_num                            
00000e45  GET_encoder_dir                            
00000e81  Encoder_clr                                
00000ec5  TA0_N_IRQHandler                           
00000ec5  TA0_N_IRQHandler                           
00000f05  OLED_show                                  
00000f99  ENCODER_TEST                               
00001029  SystemCoreClockUpdate                      
000012a1  SystemInit                                 
0000135d  PORT1_IRQHandler                           
0000135d  PORT1_IRQHandler                           
0000139b  PORT2_IRQHandler                           
0000139b  PORT2_IRQHandler                           
000013f7  PORT3_IRQHandler                           
000013f7  PORT3_IRQHandler                           
00001459  PORT4_IRQHandler                           
00001459  PORT4_IRQHandler                           
000014d1  PORT5_IRQHandler                           
000014d1  PORT5_IRQHandler                           
00001525  PORT6_IRQHandler                           
00001525  PORT6_IRQHandler                           
0000157f  TA0_0_IRQHandler                           
0000157f  TA0_0_IRQHandler                           
00001595  TA1_0_IRQHandler                           
00001595  TA1_0_IRQHandler                           
000015a1  TA2_0_IRQHandler                           
000015a1  TA2_0_IRQHandler                           
000015ad  TA3_0_IRQHandler                           
000015ad  TA3_0_IRQHandler                           
000015f1  gpio_init                                  
00001655  gpio_get                                   
00001665  gpio_set                                   
00001685  gpio_toggle                                
00001695  gpio_edg_sel                               
000017a7  gpio_INT_EN                                
000017fb  gpio_interrupt_INIT                        
00001859  UART0_init                                 
0000191b  EUSCIA0_IRQHandler                         
0000191b  EUSCIA0_IRQHandler                         
0000193d  UART2_init                                 
000019bb  EUSCIA2_IRQHandler                         
000019bb  EUSCIA2_IRQHandler                         
000019df  UART_send_string                           
00001a51  ADS_RCV_Init                               
00001a99  EUSCIA3_IRQHandler                         
00001a99  EUSCIA3_IRQHandler                         
00001b29  ADS_Get                                    
00001b6b  ADS_RCV_GetData32                          
00001da5  PIT_init                                   
00001eed  CS_initClockSignal                         
00002159  CS_startHFXTWithTimeout                    
000021f5  __aeabi_memcpy                             
000021f5  __aeabi_memcpy4                            
000021f5  __aeabi_memcpy8                            
000021f5  memcpy                                     
00002291  UART_initModule                            
00002325  PCM_gotoLPM3                               
000023a1  set_clock_period                           
000023b7  system_init                                
000023f9  SysTick_Handler                            
000023f9  SysTick_Handler                            
00002489  __TI_decompress_lzss                       
000024f1  Interrupt_enableInterrupt                  
00002555  PCM_shutdownDevice                         
000025a5  GPIO_setAsPeripheralModuleFunctionOutputPin
000025f1  GPIO_setAsPeripheralModuleFunctionInputPin 
00002639  __TI_auto_init_nobinit_nopinit             
0000267d  _c_int00_noargs                            
000026b1  GPIO_getEnabledInterruptStatus             
000026e1  GPIO_setAsInputPinWithPullUpResistor       
00002711  UART_getEnabledInterruptStatus             
00002741  GPIO_setAsInputPin                         
0000276d  PCM_getCoreVoltageLevel                    
00002799  PCM_getPowerMode                           
000027c5  FlashCtl_setWaitState                      
000027ed  PCM_gotoLPM0                               
00002815  CS_setDCOCenteredFrequency                 
00002839  GPIO_setAsOutputPin                        
0000285d  Interrupt_setPriority                      
00002881  RTC_C_holdClock                            
000028a5  UART_disableInterrupt                      
000028c9  UART_receiveData                           
000028ed  UART_transmitData                          
00002911  __TI_zero_init_nomemset                    
0000292d  GPIO_clearInterruptFlag                    
00002945  GPIO_getInputPinValue                      
0000295d  GPIO_setOutputLowOnPin                     
00002975  WDT_A_holdTimer                            
0000298d  main                                       
000029a3  UART_enableInterrupt                       
000029b9  CS_setExternalClockSourceFrequency         
000029cd  FPU_enableModule                           
000029e1  GPIO_enableInterrupt                       
000029f5  GPIO_setOutputHighOnPin                    
00002a09  GPIO_toggleOutputOnPin                     
00002a1d  SysCtl_enableSRAMBankRetention             
00002a31  GPIO_getInterruptStatus                    
00002a41  Interrupt_enableMaster                     
00002a51  PCM_gotoLPM4                               
00002a61  SysCtl_disableNMISource                    
00002a71  SysCtl_enableNMISource                     
00002a81  UART_clearInterruptFlag                    
00002a8f  __TI_decompress_none                       
00002a9d  Reset_Handler                              
00002aa9  AES256_IRQHandler                          
00002aa9  BusFault_Handler                           
00002aa9  COMP_E0_IRQHandler                         
00002aa9  COMP_E1_IRQHandler                         
00002aa9  CS_IRQHandler                              
00002aa9  DMA_ERR_IRQHandler                         
00002aa9  DMA_INT0_IRQHandler                        
00002aa9  DMA_INT1_IRQHandler                        
00002aa9  DMA_INT2_IRQHandler                        
00002aa9  DMA_INT3_IRQHandler                        
00002aa9  DebugMon_Handler                           
00002aa9  Default_Handler                            
00002aa9  EUSCIA1_IRQHandler                         
00002aa9  EUSCIB0_IRQHandler                         
00002aa9  EUSCIB1_IRQHandler                         
00002aa9  EUSCIB2_IRQHandler                         
00002aa9  EUSCIB3_IRQHandler                         
00002aa9  FLCTL_IRQHandler                           
00002aa9  FPU_IRQHandler                             
00002aa9  HardFault_Handler                          
00002aa9  MemManage_Handler                          
00002aa9  NMI_Handler                                
00002aa9  PCM_IRQHandler                             
00002aa9  PSS_IRQHandler                             
00002aa9  PendSV_Handler                             
00002aa9  RTC_C_IRQHandler                           
00002aa9  SVC_Handler                                
00002aa9  T32_INT1_IRQHandler                        
00002aa9  T32_INT2_IRQHandler                        
00002aa9  T32_INTC_IRQHandler                        
00002aa9  TA1_N_IRQHandler                           
00002aa9  TA2_N_IRQHandler                           
00002aa9  TA3_N_IRQHandler                           
00002aa9  UsageFault_Handler                         
00002aa9  WDT_A_IRQHandler                           
00002aab  CPU_cpsie                                  
00002ab9  PCM_getPowerState                          
00002ac5  SysCtl_getNMISourceStatus                  
00002ad1  UART_enableModule                          
00002add  PCM_setCoreVoltageLevel                    
00002ae5  PCM_setPowerMode                           
00002aed  PCM_setPowerState                          
00002af5  CS_startHFXT                               
00002afb  UART_getInterruptStatus                    
00002b01  CPU_wfi                                    
00002b05  _system_pre_init                           
00002b09  C$$EXIT                                    
00002b09  abort                                      
00002b0c  F6x8                                       
00002d34  Hzk                                        
00002f84  UART2                                      
00002fa8  UART3_SET                                  
0000301c  __TI_Handler_Table_Base                    
00003028  __TI_Handler_Table_Limit                   
00003030  __TI_CINIT_Base                            
00003040  __TI_CINIT_Limit                           
20000000  __start___llvm_prf_cnts                    
20000000  __stop___llvm_prf_cnts                     
20000000  screen_buf                                 
20002000  bmp2                                       
20002400  bmp                                        
20002800  Oscill_data_buff                           
20002a30  timerAcaptureValues                        
20002a58  dirf                                       
20002a5c  count_max                                  
20002a60  page_count                                 
20002a64  start_flag                                 
20002a68  count                                      
20002a6c  testA                                      
20002a70  testB                                      
20002a74  IRQ3_5flag                                 
20002a75  IRQ4_6flag                                 
20002a76  A_flag                                     
20002a77  B_flag                                     
20002a78  receive_success                            
20002a7c  ADC_CA                                     
20002a80  ADC_CB                                     
20002a84  ADC_CC                                     
20002a88  ADC_CD                                     
20002a8c  ii                                         
20002a90  ADC_receive_count                          
20002a94  ADS_RCV_DATA                               
20002a9e  UART2_RXDat                                
20002a9f  UART0_RXDat                                
20002aa0  R_FLAG                                     
20002aa1  ADS_RCV_FLAG                               
20002aa2  ADS_RCV_STATE                              
20002aa8  timerAcapturePointer                       
20002aac  time_counter                               
20002ab0  time                                       
20002ab4  SystemCoreClock                            
20002ab8  oscill1                                    
20002ad0  A0results                                  
20002ae0  A1results                                  
20002af0  A2results                                  
20002b00  A3results                                  
20002b10  encoder_A                                  
20002b18  encoder_B                                  
20002b20  encoder_C                                  
20002b28  encoder_D                                  
20002b30  ad_get                                     
2000fe00  __stack                                    
20010000  __STACK_END                                
4000480c  WDTCTL_SYM                                 
ffffffff  __TI_pprof_out_hndl                        
ffffffff  __TI_prof_data_size                        
ffffffff  __TI_prof_data_start                       
ffffffff  __binit__                                  
ffffffff  __c_args__                                 
ffffffff  binit                                      
UNDEFED   __mpu_init                                 
UNDEFED   _system_post_cinit                         

[245 symbols]
