<?xml version="1.0" encoding="ISO-8859-1" ?>
<link_info>
   <banner>TI ARM Linker PC v20.2.1.LTS</banner>
   <copyright>Copyright (c) 1996-2018 Texas Instruments Incorporated</copyright>
   <link_time>0x5f883b05</link_time>
   <link_errors>0x0</link_errors>
   <output_file>mmWave-uart.out</output_file>
   <entry_point>
      <name>_c_int00_noargs</name>
      <address>0x267d</address>
   </entry_point>
   <input_file_list>
      <input_file id="fl-2">
         <path>.\</path>
         <kind>object</kind>
         <file>EXIN_gpio.obj</file>
         <name>EXIN_gpio.obj</name>
      </input_file>
      <input_file id="fl-3">
         <path>.\exinlibs\</path>
         <kind>object</kind>
         <file>ADS1292.obj</file>
         <name>ADS1292.obj</name>
      </input_file>
      <input_file id="fl-4">
         <path>.\exinlibs\</path>
         <kind>object</kind>
         <file>ADS_RCV.obj</file>
         <name>ADS_RCV.obj</name>
      </input_file>
      <input_file id="fl-5">
         <path>.\exinlibs\</path>
         <kind>object</kind>
         <file>LMT70RD.obj</file>
         <name>LMT70RD.obj</name>
      </input_file>
      <input_file id="fl-6">
         <path>.\exinlibs\</path>
         <kind>object</kind>
         <file>OV_RCV.obj</file>
         <name>OV_RCV.obj</name>
      </input_file>
      <input_file id="fl-7">
         <path>.\exinlibs\</path>
         <kind>object</kind>
         <file>Oscill_OLED.obj</file>
         <name>Oscill_OLED.obj</name>
      </input_file>
      <input_file id="fl-8">
         <path>.\exinlibs\</path>
         <kind>object</kind>
         <file>exinADC.obj</file>
         <name>exinADC.obj</name>
      </input_file>
      <input_file id="fl-9">
         <path>.\exinlibs\</path>
         <kind>object</kind>
         <file>exin_library_map_guide.obj</file>
         <name>exin_library_map_guide.obj</name>
      </input_file>
      <input_file id="fl-a">
         <path>.\exinlibs\</path>
         <kind>object</kind>
         <file>exin_pit.obj</file>
         <name>exin_pit.obj</name>
      </input_file>
      <input_file id="fl-b">
         <path>.\exinlibs\</path>
         <kind>object</kind>
         <file>exinadjust.obj</file>
         <name>exinadjust.obj</name>
      </input_file>
      <input_file id="fl-c">
         <path>.\exinlibs\</path>
         <kind>object</kind>
         <file>exinencoder.obj</file>
         <name>exinencoder.obj</name>
      </input_file>
      <input_file id="fl-d">
         <path>.\exinlibs\</path>
         <kind>object</kind>
         <file>exingpio.obj</file>
         <name>exingpio.obj</name>
      </input_file>
      <input_file id="fl-e">
         <path>.\exinlibs\</path>
         <kind>object</kind>
         <file>exinisr.obj</file>
         <name>exinisr.obj</name>
      </input_file>
      <input_file id="fl-f">
         <path>.\exinlibs\</path>
         <kind>object</kind>
         <file>exinkey.obj</file>
         <name>exinkey.obj</name>
      </input_file>
      <input_file id="fl-10">
         <path>.\exinlibs\</path>
         <kind>object</kind>
         <file>exinmotor.obj</file>
         <name>exinmotor.obj</name>
      </input_file>
      <input_file id="fl-11">
         <path>.\exinlibs\</path>
         <kind>object</kind>
         <file>exinpwm.obj</file>
         <name>exinpwm.obj</name>
      </input_file>
      <input_file id="fl-12">
         <path>.\exinlibs\</path>
         <kind>object</kind>
         <file>exinsteer.obj</file>
         <name>exinsteer.obj</name>
      </input_file>
      <input_file id="fl-13">
         <path>.\exinlibs\</path>
         <kind>object</kind>
         <file>exinsystem.obj</file>
         <name>exinsystem.obj</name>
      </input_file>
      <input_file id="fl-14">
         <path>.\exinlibs\</path>
         <kind>object</kind>
         <file>exinuart.obj</file>
         <name>exinuart.obj</name>
      </input_file>
      <input_file id="fl-15">
         <path>.\exinlibs\</path>
         <kind>object</kind>
         <file>oled.obj</file>
         <name>oled.obj</name>
      </input_file>
      <input_file id="fl-16">
         <path>.\exinlibs\</path>
         <kind>object</kind>
         <file>serial.obj</file>
         <name>serial.obj</name>
      </input_file>
      <input_file id="fl-17">
         <path>.\exinlibs\</path>
         <kind>object</kind>
         <file>startup_msp432p401r_ccs.obj</file>
         <name>startup_msp432p401r_ccs.obj</name>
      </input_file>
      <input_file id="fl-18">
         <path>.\exinlibs\</path>
         <kind>object</kind>
         <file>system_msp432p401r.obj</file>
         <name>system_msp432p401r.obj</name>
      </input_file>
      <input_file id="fl-1d">
         <kind>object</kind>
         <file>&lt;internal&gt;</file>
         <name>&lt;internal&gt;</name>
      </input_file>
      <input_file id="fl-d3">
         <path>D:\CCS\ccs\tools\compiler\ti-cgt-arm_20.2.1.LTS\lib\</path>
         <kind>archive</kind>
         <file>rtsv7M4_T_le_v4SPD16_eabi.lib</file>
         <name>fd_cmp_t2.asm.obj</name>
      </input_file>
      <input_file id="fl-d4">
         <path>D:\CCS\ccs\tools\compiler\ti-cgt-arm_20.2.1.LTS\lib\</path>
         <kind>archive</kind>
         <file>rtsv7M4_T_le_v4SPD16_eabi.lib</file>
         <name>fs_tod_t2.asm.obj</name>
      </input_file>
      <input_file id="fl-d5">
         <path>D:\CCS\ccs\tools\compiler\ti-cgt-arm_20.2.1.LTS\lib\</path>
         <kind>archive</kind>
         <file>rtsv7M4_T_le_v4SPD16_eabi.lib</file>
         <name>copy_zero_init.c.obj</name>
      </input_file>
      <input_file id="fl-d6">
         <path>D:\CCS\ccs\tools\compiler\ti-cgt-arm_20.2.1.LTS\lib\</path>
         <kind>archive</kind>
         <file>rtsv7M4_T_le_v4SPD16_eabi.lib</file>
         <name>copy_decompress_none.c.obj</name>
      </input_file>
      <input_file id="fl-d7">
         <path>D:\CCS\ccs\tools\compiler\ti-cgt-arm_20.2.1.LTS\lib\</path>
         <kind>archive</kind>
         <file>rtsv7M4_T_le_v4SPD16_eabi.lib</file>
         <name>copy_decompress_lzss.c.obj</name>
      </input_file>
      <input_file id="fl-d8">
         <path>D:\CCS\ccs\tools\compiler\ti-cgt-arm_20.2.1.LTS\lib\</path>
         <kind>archive</kind>
         <file>rtsv7M4_T_le_v4SPD16_eabi.lib</file>
         <name>boot_cortex_m.c.obj</name>
      </input_file>
      <input_file id="fl-d9">
         <path>D:\CCS\ccs\tools\compiler\ti-cgt-arm_20.2.1.LTS\lib\</path>
         <kind>archive</kind>
         <file>rtsv7M4_T_le_v4SPD16_eabi.lib</file>
         <name>memset_t2.asm.obj</name>
      </input_file>
      <input_file id="fl-da">
         <path>D:\CCS\ccs\tools\compiler\ti-cgt-arm_20.2.1.LTS\lib\</path>
         <kind>archive</kind>
         <file>rtsv7M4_T_le_v4SPD16_eabi.lib</file>
         <name>memcpy_t2.asm.obj</name>
      </input_file>
      <input_file id="fl-db">
         <path>D:\CCS\ccs\tools\compiler\ti-cgt-arm_20.2.1.LTS\lib\</path>
         <kind>archive</kind>
         <file>rtsv7M4_T_le_v4SPD16_eabi.lib</file>
         <name>autoinit.c.obj</name>
      </input_file>
      <input_file id="fl-dc">
         <path>D:\CCS\ccs\tools\compiler\ti-cgt-arm_20.2.1.LTS\lib\</path>
         <kind>archive</kind>
         <file>rtsv7M4_T_le_v4SPD16_eabi.lib</file>
         <name>pre_init.c.obj</name>
      </input_file>
      <input_file id="fl-dd">
         <path>D:\CCS\ccs\tools\compiler\ti-cgt-arm_20.2.1.LTS\lib\</path>
         <kind>archive</kind>
         <file>rtsv7M4_T_le_v4SPD16_eabi.lib</file>
         <name>cpy_tbl.c.obj</name>
      </input_file>
      <input_file id="fl-de">
         <path>D:\CCS\ccs\tools\compiler\ti-cgt-arm_20.2.1.LTS\lib\</path>
         <kind>archive</kind>
         <file>rtsv7M4_T_le_v4SPD16_eabi.lib</file>
         <name>exit.c.obj</name>
      </input_file>
      <input_file id="fl-df">
         <path>D:\CCS\ccs\tools\compiler\ti-cgt-arm_20.2.1.LTS\lib\</path>
         <kind>archive</kind>
         <file>rtsv7M4_T_le_v4SPD16_eabi.lib</file>
         <name>_lock.c.obj</name>
      </input_file>
      <input_file id="fl-e0">
         <path>D:\CCS\ccs\tools\compiler\ti-cgt-arm_20.2.1.LTS\lib\</path>
         <kind>archive</kind>
         <file>rtsv7M4_T_le_v4SPD16_eabi.lib</file>
         <name>args_main.c.obj</name>
      </input_file>
      <input_file id="fl-e1">
         <path>C:\ti\msp\MSP432Ware_3_40_00_25\driverlib\driverlib\MSP432P4xx\ccs\</path>
         <kind>archive</kind>
         <file>msp432p4xx_driverlib.lib</file>
         <name>cs.o</name>
      </input_file>
      <input_file id="fl-e2">
         <path>C:\ti\msp\MSP432Ware_3_40_00_25\driverlib\driverlib\MSP432P4xx\ccs\</path>
         <kind>archive</kind>
         <file>msp432p4xx_driverlib.lib</file>
         <name>flash.o</name>
      </input_file>
      <input_file id="fl-e3">
         <path>C:\ti\msp\MSP432Ware_3_40_00_25\driverlib\driverlib\MSP432P4xx\ccs\</path>
         <kind>archive</kind>
         <file>msp432p4xx_driverlib.lib</file>
         <name>fpu.o</name>
      </input_file>
      <input_file id="fl-e4">
         <path>C:\ti\msp\MSP432Ware_3_40_00_25\driverlib\driverlib\MSP432P4xx\ccs\</path>
         <kind>archive</kind>
         <file>msp432p4xx_driverlib.lib</file>
         <name>gpio.o</name>
      </input_file>
      <input_file id="fl-e5">
         <path>C:\ti\msp\MSP432Ware_3_40_00_25\driverlib\driverlib\MSP432P4xx\ccs\</path>
         <kind>archive</kind>
         <file>msp432p4xx_driverlib.lib</file>
         <name>interrupt.o</name>
      </input_file>
      <input_file id="fl-e6">
         <path>C:\ti\msp\MSP432Ware_3_40_00_25\driverlib\driverlib\MSP432P4xx\ccs\</path>
         <kind>archive</kind>
         <file>msp432p4xx_driverlib.lib</file>
         <name>pcm.o</name>
      </input_file>
      <input_file id="fl-e7">
         <path>C:\ti\msp\MSP432Ware_3_40_00_25\driverlib\driverlib\MSP432P4xx\ccs\</path>
         <kind>archive</kind>
         <file>msp432p4xx_driverlib.lib</file>
         <name>rtc_c.o</name>
      </input_file>
      <input_file id="fl-e8">
         <path>C:\ti\msp\MSP432Ware_3_40_00_25\driverlib\driverlib\MSP432P4xx\ccs\</path>
         <kind>archive</kind>
         <file>msp432p4xx_driverlib.lib</file>
         <name>sysctl.o</name>
      </input_file>
      <input_file id="fl-e9">
         <path>C:\ti\msp\MSP432Ware_3_40_00_25\driverlib\driverlib\MSP432P4xx\ccs\</path>
         <kind>archive</kind>
         <file>msp432p4xx_driverlib.lib</file>
         <name>uart.o</name>
      </input_file>
      <input_file id="fl-ea">
         <path>C:\ti\msp\MSP432Ware_3_40_00_25\driverlib\driverlib\MSP432P4xx\ccs\</path>
         <kind>archive</kind>
         <file>msp432p4xx_driverlib.lib</file>
         <name>wdt_a.o</name>
      </input_file>
      <input_file id="fl-eb">
         <path>C:\ti\msp\MSP432Ware_3_40_00_25\driverlib\driverlib\MSP432P4xx\ccs\</path>
         <kind>archive</kind>
         <file>msp432p4xx_driverlib.lib</file>
         <name>cpu.o</name>
      </input_file>
   </input_file_list>
   <object_component_list>
      <object_component id="oc-26">
         <name>.intvecs:retain</name>
         <load_address>0x0</load_address>
         <run_address>0x0</run_address>
         <size>0xe4</size>
         <input_file_ref idref="fl-17"/>
      </object_component>
      <object_component id="oc-fa">
         <name>.text</name>
         <load_address>0xe4</load_address>
         <run_address>0xe4</run_address>
         <size>0x7ac</size>
         <input_file_ref idref="fl-15"/>
      </object_component>
      <object_component id="oc-8b">
         <name>.text</name>
         <load_address>0x890</load_address>
         <run_address>0x890</run_address>
         <size>0x3cc</size>
         <input_file_ref idref="fl-8"/>
      </object_component>
      <object_component id="oc-79">
         <name>.text</name>
         <load_address>0xc5c</load_address>
         <run_address>0xc5c</run_address>
         <size>0x3cc</size>
         <input_file_ref idref="fl-c"/>
      </object_component>
      <object_component id="oc-c9">
         <name>.text</name>
         <load_address>0x1028</load_address>
         <run_address>0x1028</run_address>
         <size>0x334</size>
         <input_file_ref idref="fl-18"/>
      </object_component>
      <object_component id="oc-73">
         <name>.text</name>
         <load_address>0x135c</load_address>
         <run_address>0x135c</run_address>
         <size>0x294</size>
         <input_file_ref idref="fl-e"/>
      </object_component>
      <object_component id="oc-e0">
         <name>.text</name>
         <load_address>0x15f0</load_address>
         <run_address>0x15f0</run_address>
         <size>0x268</size>
         <input_file_ref idref="fl-d"/>
      </object_component>
      <object_component id="oc-7f">
         <name>.text</name>
         <load_address>0x1858</load_address>
         <run_address>0x1858</run_address>
         <size>0x1f8</size>
         <input_file_ref idref="fl-14"/>
      </object_component>
      <object_component id="oc-85">
         <name>.text</name>
         <load_address>0x1a50</load_address>
         <run_address>0x1a50</run_address>
         <size>0x1b4</size>
         <input_file_ref idref="fl-4"/>
      </object_component>
      <object_component id="oc-2aa">
         <name>.text:__PCM_setPowerStateAdvanced</name>
         <load_address>0x1c04</load_address>
         <run_address>0x1c04</run_address>
         <size>0x1a0</size>
         <input_file_ref idref="fl-e6"/>
      </object_component>
      <object_component id="oc-101">
         <name>.text</name>
         <load_address>0x1da4</load_address>
         <run_address>0x1da4</run_address>
         <size>0x148</size>
         <input_file_ref idref="fl-a"/>
      </object_component>
      <object_component id="oc-137">
         <name>.text:CS_initClockSignal</name>
         <load_address>0x1eec</load_address>
         <run_address>0x1eec</run_address>
         <size>0xe0</size>
         <input_file_ref idref="fl-e1"/>
      </object_component>
      <object_component id="oc-366">
         <name>.text:__PCM_setPowerModeAdvanced</name>
         <load_address>0x1fcc</load_address>
         <run_address>0x1fcc</run_address>
         <size>0xdc</size>
         <input_file_ref idref="fl-e6"/>
      </object_component>
      <object_component id="oc-2d9">
         <name>.text:__PCM_setCoreVoltageLevelAdvanced</name>
         <load_address>0x20a8</load_address>
         <run_address>0x20a8</run_address>
         <size>0xb0</size>
         <input_file_ref idref="fl-e6"/>
      </object_component>
      <object_component id="oc-2b3">
         <name>.text:CS_startHFXTWithTimeout</name>
         <load_address>0x2158</load_address>
         <run_address>0x2158</run_address>
         <size>0x9c</size>
         <input_file_ref idref="fl-e1"/>
      </object_component>
      <object_component id="oc-37">
         <name>.text</name>
         <load_address>0x21f4</load_address>
         <run_address>0x21f4</run_address>
         <size>0x9c</size>
         <input_file_ref idref="fl-da"/>
      </object_component>
      <object_component id="oc-143">
         <name>.text:UART_initModule</name>
         <load_address>0x2290</load_address>
         <run_address>0x2290</run_address>
         <size>0x94</size>
         <input_file_ref idref="fl-e9"/>
      </object_component>
      <object_component id="oc-354">
         <name>.text:PCM_gotoLPM3</name>
         <load_address>0x2324</load_address>
         <run_address>0x2324</run_address>
         <size>0x7c</size>
         <input_file_ref idref="fl-e6"/>
      </object_component>
      <object_component id="oc-6d">
         <name>.text</name>
         <load_address>0x23a0</load_address>
         <run_address>0x23a0</run_address>
         <size>0x78</size>
         <input_file_ref idref="fl-13"/>
      </object_component>
      <object_component id="oc-382">
         <name>.text:_CSGetHFXTFrequency</name>
         <load_address>0x2418</load_address>
         <run_address>0x2418</run_address>
         <size>0x70</size>
         <input_file_ref idref="fl-e1"/>
      </object_component>
      <object_component id="oc-17">
         <name>.text:decompress:lzss:__TI_decompress_lzss</name>
         <load_address>0x2488</load_address>
         <run_address>0x2488</run_address>
         <size>0x68</size>
         <input_file_ref idref="fl-d7"/>
      </object_component>
      <object_component id="oc-155">
         <name>.text:Interrupt_enableInterrupt</name>
         <load_address>0x24f0</load_address>
         <run_address>0x24f0</run_address>
         <size>0x64</size>
         <input_file_ref idref="fl-e5"/>
      </object_component>
      <object_component id="oc-360">
         <name>.text:PCM_shutdownDevice</name>
         <load_address>0x2554</load_address>
         <run_address>0x2554</run_address>
         <size>0x50</size>
         <input_file_ref idref="fl-e6"/>
      </object_component>
      <object_component id="oc-119">
         <name>.text:GPIO_setAsPeripheralModuleFunctionOutputPin</name>
         <load_address>0x25a4</load_address>
         <run_address>0x25a4</run_address>
         <size>0x4c</size>
         <input_file_ref idref="fl-e4"/>
      </object_component>
      <object_component id="oc-13d">
         <name>.text:GPIO_setAsPeripheralModuleFunctionInputPin</name>
         <load_address>0x25f0</load_address>
         <run_address>0x25f0</run_address>
         <size>0x48</size>
         <input_file_ref idref="fl-e4"/>
      </object_component>
      <object_component id="oc-1d3">
         <name>.text:__TI_auto_init_nobinit_nopinit:__TI_auto_init_nobinit_nopinit</name>
         <load_address>0x2638</load_address>
         <run_address>0x2638</run_address>
         <size>0x44</size>
         <input_file_ref idref="fl-db"/>
      </object_component>
      <object_component id="oc-55">
         <name>.text:_c_int00_noargs:_c_int00_noargs</name>
         <load_address>0x267c</load_address>
         <run_address>0x267c</run_address>
         <size>0x34</size>
         <input_file_ref idref="fl-d8"/>
      </object_component>
      <object_component id="oc-d4">
         <name>.text:GPIO_getEnabledInterruptStatus</name>
         <load_address>0x26b0</load_address>
         <run_address>0x26b0</run_address>
         <size>0x30</size>
         <input_file_ref idref="fl-e4"/>
      </object_component>
      <object_component id="oc-246">
         <name>.text:GPIO_setAsInputPinWithPullUpResistor</name>
         <load_address>0x26e0</load_address>
         <run_address>0x26e0</run_address>
         <size>0x30</size>
         <input_file_ref idref="fl-e4"/>
      </object_component>
      <object_component id="oc-15b">
         <name>.text:UART_getEnabledInterruptStatus</name>
         <load_address>0x2710</load_address>
         <run_address>0x2710</run_address>
         <size>0x30</size>
         <input_file_ref idref="fl-e9"/>
      </object_component>
      <object_component id="oc-22e">
         <name>.text:GPIO_setAsInputPin</name>
         <load_address>0x2740</load_address>
         <run_address>0x2740</run_address>
         <size>0x2c</size>
         <input_file_ref idref="fl-e4"/>
      </object_component>
      <object_component id="oc-39f">
         <name>.text:PCM_getCoreVoltageLevel</name>
         <load_address>0x276c</load_address>
         <run_address>0x276c</run_address>
         <size>0x2c</size>
         <input_file_ref idref="fl-e6"/>
      </object_component>
      <object_component id="oc-399">
         <name>.text:PCM_getPowerMode</name>
         <load_address>0x2798</load_address>
         <run_address>0x2798</run_address>
         <size>0x2a</size>
         <input_file_ref idref="fl-e6"/>
      </object_component>
      <object_component id="oc-12b">
         <name>.text:FlashCtl_setWaitState</name>
         <load_address>0x27c4</load_address>
         <run_address>0x27c4</run_address>
         <size>0x28</size>
         <input_file_ref idref="fl-e2"/>
      </object_component>
      <object_component id="oc-36c">
         <name>.text:PCM_gotoLPM0</name>
         <load_address>0x27ec</load_address>
         <run_address>0x27ec</run_address>
         <size>0x28</size>
         <input_file_ref idref="fl-e6"/>
      </object_component>
      <object_component id="oc-186">
         <name>.text:CS_setDCOCenteredFrequency</name>
         <load_address>0x2814</load_address>
         <run_address>0x2814</run_address>
         <size>0x24</size>
         <input_file_ref idref="fl-e1"/>
      </object_component>
      <object_component id="oc-21c">
         <name>.text:GPIO_setAsOutputPin</name>
         <load_address>0x2838</load_address>
         <run_address>0x2838</run_address>
         <size>0x24</size>
         <input_file_ref idref="fl-e4"/>
      </object_component>
      <object_component id="oc-f4">
         <name>.text:Interrupt_setPriority</name>
         <load_address>0x285c</load_address>
         <run_address>0x285c</run_address>
         <size>0x24</size>
         <input_file_ref idref="fl-e5"/>
      </object_component>
      <object_component id="oc-3dc">
         <name>.text:RTC_C_holdClock</name>
         <load_address>0x2880</load_address>
         <run_address>0x2880</run_address>
         <size>0x24</size>
         <input_file_ref idref="fl-e7"/>
      </object_component>
      <object_component id="oc-18c">
         <name>.text:UART_disableInterrupt</name>
         <load_address>0x28a4</load_address>
         <run_address>0x28a4</run_address>
         <size>0x24</size>
         <input_file_ref idref="fl-e9"/>
      </object_component>
      <object_component id="oc-167">
         <name>.text:UART_receiveData</name>
         <load_address>0x28c8</load_address>
         <run_address>0x28c8</run_address>
         <size>0x24</size>
         <input_file_ref idref="fl-e9"/>
      </object_component>
      <object_component id="oc-16d">
         <name>.text:UART_transmitData</name>
         <load_address>0x28ec</load_address>
         <run_address>0x28ec</run_address>
         <size>0x24</size>
         <input_file_ref idref="fl-e9"/>
      </object_component>
      <object_component id="oc-43">
         <name>.text:decompress:ZI:__TI_zero_init_nomemset:__TI_zero_init_nomemset</name>
         <load_address>0x2910</load_address>
         <run_address>0x2910</run_address>
         <size>0x1c</size>
         <input_file_ref idref="fl-d5"/>
      </object_component>
      <object_component id="oc-da">
         <name>.text:GPIO_clearInterruptFlag</name>
         <load_address>0x292c</load_address>
         <run_address>0x292c</run_address>
         <size>0x18</size>
         <input_file_ref idref="fl-e4"/>
      </object_component>
      <object_component id="oc-234">
         <name>.text:GPIO_getInputPinValue</name>
         <load_address>0x2944</load_address>
         <run_address>0x2944</run_address>
         <size>0x18</size>
         <input_file_ref idref="fl-e4"/>
      </object_component>
      <object_component id="oc-228">
         <name>.text:GPIO_setOutputLowOnPin</name>
         <load_address>0x295c</load_address>
         <run_address>0x295c</run_address>
         <size>0x18</size>
         <input_file_ref idref="fl-e4"/>
      </object_component>
      <object_component id="oc-240">
         <name>.text:WDT_A_holdTimer</name>
         <load_address>0x2974</load_address>
         <run_address>0x2974</run_address>
         <size>0x18</size>
         <input_file_ref idref="fl-ea"/>
      </object_component>
      <object_component id="oc-b7">
         <name>.text</name>
         <load_address>0x298c</load_address>
         <run_address>0x298c</run_address>
         <size>0x16</size>
         <input_file_ref idref="fl-2"/>
      </object_component>
      <object_component id="oc-14f">
         <name>.text:UART_enableInterrupt</name>
         <load_address>0x29a2</load_address>
         <run_address>0x29a2</run_address>
         <size>0x16</size>
         <input_file_ref idref="fl-e9"/>
      </object_component>
      <object_component id="oc-11f">
         <name>.text:CS_setExternalClockSourceFrequency</name>
         <load_address>0x29b8</load_address>
         <run_address>0x29b8</run_address>
         <size>0x14</size>
         <input_file_ref idref="fl-e1"/>
      </object_component>
      <object_component id="oc-113">
         <name>.text:FPU_enableModule</name>
         <load_address>0x29cc</load_address>
         <run_address>0x29cc</run_address>
         <size>0x14</size>
         <input_file_ref idref="fl-e3"/>
      </object_component>
      <object_component id="oc-24c">
         <name>.text:GPIO_enableInterrupt</name>
         <load_address>0x29e0</load_address>
         <run_address>0x29e0</run_address>
         <size>0x14</size>
         <input_file_ref idref="fl-e4"/>
      </object_component>
      <object_component id="oc-222">
         <name>.text:GPIO_setOutputHighOnPin</name>
         <load_address>0x29f4</load_address>
         <run_address>0x29f4</run_address>
         <size>0x14</size>
         <input_file_ref idref="fl-e4"/>
      </object_component>
      <object_component id="oc-23a">
         <name>.text:GPIO_toggleOutputOnPin</name>
         <load_address>0x2a08</load_address>
         <run_address>0x2a08</run_address>
         <size>0x14</size>
         <input_file_ref idref="fl-e4"/>
      </object_component>
      <object_component id="oc-252">
         <name>.text:SysCtl_enableSRAMBankRetention</name>
         <load_address>0x2a1c</load_address>
         <run_address>0x2a1c</run_address>
         <size>0x14</size>
         <input_file_ref idref="fl-e8"/>
      </object_component>
      <object_component id="oc-20b">
         <name>.text:GPIO_getInterruptStatus</name>
         <load_address>0x2a30</load_address>
         <run_address>0x2a30</run_address>
         <size>0x10</size>
         <input_file_ref idref="fl-e4"/>
      </object_component>
      <object_component id="oc-258">
         <name>.text:Interrupt_enableMaster</name>
         <load_address>0x2a40</load_address>
         <run_address>0x2a40</run_address>
         <size>0x10</size>
         <input_file_ref idref="fl-e5"/>
      </object_component>
      <object_component id="oc-35a">
         <name>.text:PCM_gotoLPM4</name>
         <load_address>0x2a50</load_address>
         <run_address>0x2a50</run_address>
         <size>0x10</size>
         <input_file_ref idref="fl-e6"/>
      </object_component>
      <object_component id="oc-37c">
         <name>.text:SysCtl_disableNMISource</name>
         <load_address>0x2a60</load_address>
         <run_address>0x2a60</run_address>
         <size>0x10</size>
         <input_file_ref idref="fl-e8"/>
      </object_component>
      <object_component id="oc-388">
         <name>.text:SysCtl_enableNMISource</name>
         <load_address>0x2a70</load_address>
         <run_address>0x2a70</run_address>
         <size>0x10</size>
         <input_file_ref idref="fl-e8"/>
      </object_component>
      <object_component id="oc-161">
         <name>.text:UART_clearInterruptFlag</name>
         <load_address>0x2a80</load_address>
         <run_address>0x2a80</run_address>
         <size>0xe</size>
         <input_file_ref idref="fl-e9"/>
      </object_component>
      <object_component id="oc-1d">
         <name>.text:decompress:none:__TI_decompress_none</name>
         <load_address>0x2a8e</load_address>
         <run_address>0x2a8e</run_address>
         <size>0xe</size>
         <input_file_ref idref="fl-d6"/>
      </object_component>
      <object_component id="oc-67">
         <name>.text</name>
         <load_address>0x2a9c</load_address>
         <run_address>0x2a9c</run_address>
         <size>0xe</size>
         <input_file_ref idref="fl-17"/>
      </object_component>
      <object_component id="oc-327">
         <name>.text:CPU_cpsie</name>
         <load_address>0x2aaa</load_address>
         <run_address>0x2aaa</run_address>
         <size>0xc</size>
         <input_file_ref idref="fl-eb"/>
      </object_component>
      <object_component id="oc-34e">
         <name>.text:PCM_getPowerState</name>
         <load_address>0x2ab8</load_address>
         <run_address>0x2ab8</run_address>
         <size>0xc</size>
         <input_file_ref idref="fl-e6"/>
      </object_component>
      <object_component id="oc-376">
         <name>.text:SysCtl_getNMISourceStatus</name>
         <load_address>0x2ac4</load_address>
         <run_address>0x2ac4</run_address>
         <size>0xc</size>
         <input_file_ref idref="fl-e8"/>
      </object_component>
      <object_component id="oc-149">
         <name>.text:UART_enableModule</name>
         <load_address>0x2ad0</load_address>
         <run_address>0x2ad0</run_address>
         <size>0xc</size>
         <input_file_ref idref="fl-e9"/>
      </object_component>
      <object_component id="oc-180">
         <name>.text:PCM_setCoreVoltageLevel</name>
         <load_address>0x2adc</load_address>
         <run_address>0x2adc</run_address>
         <size>0x8</size>
         <input_file_ref idref="fl-e6"/>
      </object_component>
      <object_component id="oc-3a5">
         <name>.text:PCM_setPowerMode</name>
         <load_address>0x2ae4</load_address>
         <run_address>0x2ae4</run_address>
         <size>0x8</size>
         <input_file_ref idref="fl-e6"/>
      </object_component>
      <object_component id="oc-125">
         <name>.text:PCM_setPowerState</name>
         <load_address>0x2aec</load_address>
         <run_address>0x2aec</run_address>
         <size>0x8</size>
         <input_file_ref idref="fl-e6"/>
      </object_component>
      <object_component id="oc-131">
         <name>.text:CS_startHFXT</name>
         <load_address>0x2af4</load_address>
         <run_address>0x2af4</run_address>
         <size>0x6</size>
         <input_file_ref idref="fl-e1"/>
      </object_component>
      <object_component id="oc-2c4">
         <name>.text:UART_getInterruptStatus</name>
         <load_address>0x2afa</load_address>
         <run_address>0x2afa</run_address>
         <size>0x6</size>
         <input_file_ref idref="fl-e9"/>
      </object_component>
      <object_component id="oc-3d5">
         <name>.text:CPU_wfi</name>
         <load_address>0x2b00</load_address>
         <run_address>0x2b00</run_address>
         <size>0x4</size>
         <input_file_ref idref="fl-eb"/>
      </object_component>
      <object_component id="oc-b1">
         <name>.text:_system_pre_init</name>
         <load_address>0x2b04</load_address>
         <run_address>0x2b04</run_address>
         <size>0x4</size>
         <input_file_ref idref="fl-dc"/>
      </object_component>
      <object_component id="oc-1c7">
         <name>.text:abort:abort</name>
         <load_address>0x2b08</load_address>
         <run_address>0x2b08</run_address>
         <size>0x4</size>
         <input_file_ref idref="fl-de"/>
      </object_component>
      <object_component id="oc-296">
         <name>.const:F6x8</name>
         <load_address>0x2b0c</load_address>
         <run_address>0x2b0c</run_address>
         <size>0x228</size>
         <input_file_ref idref="fl-15"/>
      </object_component>
      <object_component id="oc-299">
         <name>.const:Hzk</name>
         <load_address>0x2d34</load_address>
         <run_address>0x2d34</run_address>
         <size>0x1c0</size>
         <input_file_ref idref="fl-15"/>
      </object_component>
      <object_component id="oc-281">
         <name>.const:g_pulRegs</name>
         <load_address>0x2ef4</load_address>
         <run_address>0x2ef4</run_address>
         <size>0x50</size>
         <input_file_ref idref="fl-e5"/>
      </object_component>
      <object_component id="oc-2c0">
         <name>.const</name>
         <load_address>0x2f44</load_address>
         <run_address>0x2f44</run_address>
         <size>0x40</size>
         <input_file_ref idref="fl-e5"/>
      </object_component>
      <object_component id="oc-176">
         <name>.const:UART2</name>
         <load_address>0x2f84</load_address>
         <run_address>0x2f84</run_address>
         <size>0x24</size>
         <input_file_ref idref="fl-14"/>
      </object_component>
      <object_component id="oc-192">
         <name>.const:UART3_SET</name>
         <load_address>0x2fa8</load_address>
         <run_address>0x2fa8</run_address>
         <size>0x24</size>
         <input_file_ref idref="fl-4"/>
      </object_component>
      <object_component id="oc-431">
         <name>.cinit..data.load</name>
         <load_address>0x2fd0</load_address>
         <run_address>0x2fd0</run_address>
         <size>0x4a</size>
      </object_component>
      <object_component id="oc-42f">
         <name>__TI_handler_table</name>
         <load_address>0x301c</load_address>
         <run_address>0x301c</run_address>
         <size>0xc</size>
      </object_component>
      <object_component id="oc-432">
         <name>.cinit..bss.load</name>
         <load_address>0x3028</load_address>
         <run_address>0x3028</run_address>
         <size>0x8</size>
      </object_component>
      <object_component id="oc-430">
         <name>__TI_cinit_table</name>
         <load_address>0x3030</load_address>
         <run_address>0x3030</run_address>
         <size>0x10</size>
      </object_component>
      <object_component id="oc-403">
         <name>.binit</name>
         <load_address>0x0</load_address>
         <run_address>0x0</run_address>
         <size>0x0</size>
      </object_component>
      <object_component id="oc-198">
         <name>.data</name>
         <load_address>0x20002aa0</load_address>
         <run_address>0x20002aa0</run_address>
         <size>0x8</size>
         <input_file_ref idref="fl-4"/>
      </object_component>
      <object_component id="oc-195">
         <name>.data:ADS_RCV_DATA</name>
         <load_address>0x20002a94</load_address>
         <run_address>0x20002a94</run_address>
         <size>0xa</size>
         <input_file_ref idref="fl-4"/>
      </object_component>
      <object_component id="oc-293">
         <name>.data:Oscill_data_buff</name>
         <load_address>0x20002800</load_address>
         <run_address>0x20002800</run_address>
         <size>0x200</size>
         <input_file_ref idref="fl-7"/>
      </object_component>
      <object_component id="oc-19c">
         <name>.data</name>
         <load_address>0x20002a78</load_address>
         <run_address>0x20002a78</run_address>
         <size>0x1c</size>
         <input_file_ref idref="fl-8"/>
      </object_component>
      <object_component id="oc-e9">
         <name>.data</name>
         <load_address>0x20002a58</load_address>
         <run_address>0x20002a58</run_address>
         <size>0x20</size>
         <input_file_ref idref="fl-b"/>
      </object_component>
      <object_component id="oc-10a">
         <name>.data:timerAcaptureValues</name>
         <load_address>0x20002a30</load_address>
         <run_address>0x20002a30</run_address>
         <size>0x28</size>
         <input_file_ref idref="fl-c"/>
      </object_component>
      <object_component id="oc-107">
         <name>.data</name>
         <load_address>0x20002aa8</load_address>
         <run_address>0x20002aa8</run_address>
         <size>0x8</size>
         <input_file_ref idref="fl-c"/>
      </object_component>
      <object_component id="oc-d0">
         <name>.data</name>
         <load_address>0x20002ab0</load_address>
         <run_address>0x20002ab0</run_address>
         <size>0x4</size>
         <input_file_ref idref="fl-13"/>
      </object_component>
      <object_component id="oc-173">
         <name>.data</name>
         <load_address>0x20002a9e</load_address>
         <run_address>0x20002a9e</run_address>
         <size>0x2</size>
         <input_file_ref idref="fl-14"/>
      </object_component>
      <object_component id="oc-287">
         <name>.data:screen_buf</name>
         <load_address>0x20000000</load_address>
         <run_address>0x20000000</run_address>
         <size>0x2000</size>
         <input_file_ref idref="fl-15"/>
      </object_component>
      <object_component id="oc-28a">
         <name>.data:bmp</name>
         <load_address>0x20002400</load_address>
         <run_address>0x20002400</run_address>
         <size>0x400</size>
         <input_file_ref idref="fl-15"/>
      </object_component>
      <object_component id="oc-28d">
         <name>.data:bmp2</name>
         <load_address>0x20002000</load_address>
         <run_address>0x20002000</run_address>
         <size>0x400</size>
         <input_file_ref idref="fl-15"/>
      </object_component>
      <object_component id="oc-205">
         <name>.data</name>
         <load_address>0x20002ab4</load_address>
         <run_address>0x20002ab4</run_address>
         <size>0x4</size>
         <input_file_ref idref="fl-18"/>
      </object_component>
      <object_component id="oc-211">
         <name>.data:GPIO_PORT_TO_BASE</name>
         <load_address>0x20002a00</load_address>
         <run_address>0x20002a00</run_address>
         <size>0x30</size>
         <input_file_ref idref="fl-e4"/>
      </object_component>
      <object_component id="oc-1a2">
         <name>.bss</name>
         <uninitialized>true</uninitialized>
         <run_address>0x20002b3c</run_address>
         <size>0x1</size>
         <input_file_ref idref="fl-8"/>
      </object_component>
      <object_component id="oc-286">
         <name>.bss</name>
         <uninitialized>true</uninitialized>
         <run_address>0x20002b3d</run_address>
         <size>0x1</size>
         <input_file_ref idref="fl-15"/>
      </object_component>
      <object_component id="oc-290">
         <name>.common:oscill1</name>
         <uninitialized>true</uninitialized>
         <run_address>0x20002ab8</run_address>
         <size>0x18</size>
      </object_component>
      <object_component id="oc-19f">
         <name>.common:A0results</name>
         <uninitialized>true</uninitialized>
         <run_address>0x20002ad0</run_address>
         <size>0x10</size>
      </object_component>
      <object_component id="oc-1a5">
         <name>.common:A1results</name>
         <uninitialized>true</uninitialized>
         <run_address>0x20002ae0</run_address>
         <size>0x10</size>
      </object_component>
      <object_component id="oc-1a6">
         <name>.common:A2results</name>
         <uninitialized>true</uninitialized>
         <run_address>0x20002af0</run_address>
         <size>0x10</size>
      </object_component>
      <object_component id="oc-1a7">
         <name>.common:A3results</name>
         <uninitialized>true</uninitialized>
         <run_address>0x20002b00</run_address>
         <size>0x10</size>
      </object_component>
      <object_component id="oc-1a8">
         <name>.common:ad_get</name>
         <uninitialized>true</uninitialized>
         <run_address>0x20002b30</run_address>
         <size>0x4</size>
      </object_component>
      <object_component id="oc-e6">
         <name>.common:encoder_A</name>
         <uninitialized>true</uninitialized>
         <run_address>0x20002b10</run_address>
         <size>0x8</size>
      </object_component>
      <object_component id="oc-100">
         <name>.common:encoder_B</name>
         <uninitialized>true</uninitialized>
         <run_address>0x20002b18</run_address>
         <size>0x8</size>
      </object_component>
      <object_component id="oc-ed">
         <name>.common:encoder_C</name>
         <uninitialized>true</uninitialized>
         <run_address>0x20002b20</run_address>
         <size>0x8</size>
      </object_component>
      <object_component id="oc-ec">
         <name>.common:encoder_D</name>
         <uninitialized>true</uninitialized>
         <run_address>0x20002b28</run_address>
         <size>0x8</size>
      </object_component>
      <object_component id="oc-2a8">
         <name>.common:hfxtFreq</name>
         <uninitialized>true</uninitialized>
         <run_address>0x20002b34</run_address>
         <size>0x4</size>
      </object_component>
      <object_component id="oc-2a5">
         <name>.common:lfxtFreq</name>
         <uninitialized>true</uninitialized>
         <run_address>0x20002b38</run_address>
         <size>0x4</size>
      </object_component>
      <object_component id="oc-29">
         <name>.stack</name>
         <uninitialized>true</uninitialized>
         <run_address>0x2000fe00</run_address>
         <size>0x4</size>
         <input_file_ref idref="fl-d8"/>
      </object_component>
      <object_component id="oc-434">
         <name>.stack</name>
         <uninitialized>true</uninitialized>
         <run_address>0x2000fe00</run_address>
         <size>0x0</size>
      </object_component>
      <object_component id="oc-2ef">
         <name>.debug_info</name>
         <load_address>0x0</load_address>
         <run_address>0x0</run_address>
         <size>0x5b6</size>
         <input_file_ref idref="fl-2"/>
      </object_component>
      <object_component id="oc-b8">
         <name>.debug_info</name>
         <load_address>0x5b6</load_address>
         <run_address>0x5b6</run_address>
         <size>0x10d</size>
         <input_file_ref idref="fl-2"/>
      </object_component>
      <object_component id="oc-264">
         <name>.debug_info</name>
         <load_address>0x6c3</load_address>
         <run_address>0x6c3</run_address>
         <size>0x71</size>
         <input_file_ref idref="fl-2"/>
      </object_component>
      <object_component id="oc-275">
         <name>.debug_info</name>
         <load_address>0x734</load_address>
         <run_address>0x734</run_address>
         <size>0x5a</size>
         <input_file_ref idref="fl-2"/>
      </object_component>
      <object_component id="oc-1aa">
         <name>.debug_info</name>
         <load_address>0x78e</load_address>
         <run_address>0x78e</run_address>
         <size>0x5a</size>
         <input_file_ref idref="fl-2"/>
      </object_component>
      <object_component id="oc-10e">
         <name>.debug_info</name>
         <load_address>0x7e8</load_address>
         <run_address>0x7e8</run_address>
         <size>0x99</size>
         <input_file_ref idref="fl-2"/>
      </object_component>
      <object_component id="oc-1b1">
         <name>.debug_info</name>
         <load_address>0x881</load_address>
         <run_address>0x881</run_address>
         <size>0x26b</size>
         <input_file_ref idref="fl-2"/>
      </object_component>
      <object_component id="oc-270">
         <name>.debug_info</name>
         <load_address>0xaec</load_address>
         <run_address>0xaec</run_address>
         <size>0x1055</size>
         <input_file_ref idref="fl-2"/>
      </object_component>
      <object_component id="oc-26b">
         <name>.debug_info</name>
         <load_address>0x1b41</load_address>
         <run_address>0x1b41</run_address>
         <size>0x37e2</size>
         <input_file_ref idref="fl-2"/>
      </object_component>
      <object_component id="oc-33a">
         <name>.debug_info</name>
         <load_address>0x5323</load_address>
         <run_address>0x5323</run_address>
         <size>0xae</size>
         <input_file_ref idref="fl-2"/>
      </object_component>
      <object_component id="oc-32">
         <name>.debug_info</name>
         <load_address>0x53d1</load_address>
         <run_address>0x53d1</run_address>
         <size>0x84</size>
         <input_file_ref idref="fl-2"/>
      </object_component>
      <object_component id="oc-27c">
         <name>.debug_info</name>
         <load_address>0x5455</load_address>
         <run_address>0x5455</run_address>
         <size>0x2a4</size>
         <input_file_ref idref="fl-2"/>
      </object_component>
      <object_component id="oc-25f">
         <name>.debug_info</name>
         <load_address>0x56f9</load_address>
         <run_address>0x56f9</run_address>
         <size>0xef</size>
         <input_file_ref idref="fl-2"/>
      </object_component>
      <object_component id="oc-ef">
         <name>.debug_info</name>
         <load_address>0x57e8</load_address>
         <run_address>0x57e8</run_address>
         <size>0xbb</size>
         <input_file_ref idref="fl-2"/>
      </object_component>
      <object_component id="oc-2d4">
         <name>.debug_info</name>
         <load_address>0x58a3</load_address>
         <run_address>0x58a3</run_address>
         <size>0xee</size>
         <input_file_ref idref="fl-2"/>
      </object_component>
      <object_component id="oc-2e4">
         <name>.debug_info</name>
         <load_address>0x5991</load_address>
         <run_address>0x5991</run_address>
         <size>0x88a</size>
         <input_file_ref idref="fl-4"/>
      </object_component>
      <object_component id="oc-199">
         <name>.debug_info</name>
         <load_address>0x621b</load_address>
         <run_address>0x621b</run_address>
         <size>0x11c</size>
         <input_file_ref idref="fl-4"/>
      </object_component>
      <object_component id="oc-196">
         <name>.debug_info</name>
         <load_address>0x6337</load_address>
         <run_address>0x6337</run_address>
         <size>0xd4</size>
         <input_file_ref idref="fl-4"/>
      </object_component>
      <object_component id="oc-193">
         <name>.debug_info</name>
         <load_address>0x640b</load_address>
         <run_address>0x640b</run_address>
         <size>0xce</size>
         <input_file_ref idref="fl-4"/>
      </object_component>
      <object_component id="oc-87">
         <name>.debug_info</name>
         <load_address>0x64d9</load_address>
         <run_address>0x64d9</run_address>
         <size>0x49b</size>
         <input_file_ref idref="fl-4"/>
      </object_component>
      <object_component id="oc-17a">
         <name>.debug_info</name>
         <load_address>0x6974</load_address>
         <run_address>0x6974</run_address>
         <size>0x8b</size>
         <input_file_ref idref="fl-4"/>
      </object_component>
      <object_component id="oc-291">
         <name>.debug_info</name>
         <load_address>0x69ff</load_address>
         <run_address>0x69ff</run_address>
         <size>0x686</size>
         <input_file_ref idref="fl-7"/>
      </object_component>
      <object_component id="oc-294">
         <name>.debug_info</name>
         <load_address>0x7085</load_address>
         <run_address>0x7085</run_address>
         <size>0xe0</size>
         <input_file_ref idref="fl-7"/>
      </object_component>
      <object_component id="oc-1a0">
         <name>.debug_info</name>
         <load_address>0x7165</load_address>
         <run_address>0x7165</run_address>
         <size>0x6d3</size>
         <input_file_ref idref="fl-8"/>
      </object_component>
      <object_component id="oc-19d">
         <name>.debug_info</name>
         <load_address>0x7838</load_address>
         <run_address>0x7838</run_address>
         <size>0x196</size>
         <input_file_ref idref="fl-8"/>
      </object_component>
      <object_component id="oc-1a3">
         <name>.debug_info</name>
         <load_address>0x79ce</load_address>
         <run_address>0x79ce</run_address>
         <size>0xc5</size>
         <input_file_ref idref="fl-8"/>
      </object_component>
      <object_component id="oc-8c">
         <name>.debug_info</name>
         <load_address>0x7a93</load_address>
         <run_address>0x7a93</run_address>
         <size>0x45f</size>
         <input_file_ref idref="fl-8"/>
      </object_component>
      <object_component id="oc-103">
         <name>.debug_info</name>
         <load_address>0x7ef2</load_address>
         <run_address>0x7ef2</run_address>
         <size>0x154</size>
         <input_file_ref idref="fl-a"/>
      </object_component>
      <object_component id="oc-ea">
         <name>.debug_info</name>
         <load_address>0x8046</load_address>
         <run_address>0x8046</run_address>
         <size>0x209</size>
         <input_file_ref idref="fl-b"/>
      </object_component>
      <object_component id="oc-e7">
         <name>.debug_info</name>
         <load_address>0x824f</load_address>
         <run_address>0x824f</run_address>
         <size>0x798</size>
         <input_file_ref idref="fl-c"/>
      </object_component>
      <object_component id="oc-10b">
         <name>.debug_info</name>
         <load_address>0x89e7</load_address>
         <run_address>0x89e7</run_address>
         <size>0xe6</size>
         <input_file_ref idref="fl-c"/>
      </object_component>
      <object_component id="oc-108">
         <name>.debug_info</name>
         <load_address>0x8acd</load_address>
         <run_address>0x8acd</run_address>
         <size>0x111</size>
         <input_file_ref idref="fl-c"/>
      </object_component>
      <object_component id="oc-7a">
         <name>.debug_info</name>
         <load_address>0x8bde</load_address>
         <run_address>0x8bde</run_address>
         <size>0x886</size>
         <input_file_ref idref="fl-c"/>
      </object_component>
      <object_component id="oc-e4">
         <name>.debug_info</name>
         <load_address>0x9464</load_address>
         <run_address>0x9464</run_address>
         <size>0xa6b</size>
         <input_file_ref idref="fl-d"/>
      </object_component>
      <object_component id="oc-76">
         <name>.debug_info</name>
         <load_address>0x9ecf</load_address>
         <run_address>0x9ecf</run_address>
         <size>0x764</size>
         <input_file_ref idref="fl-e"/>
      </object_component>
      <object_component id="oc-d1">
         <name>.debug_info</name>
         <load_address>0xa633</load_address>
         <run_address>0xa633</run_address>
         <size>0xc7</size>
         <input_file_ref idref="fl-13"/>
      </object_component>
      <object_component id="oc-6f">
         <name>.debug_info</name>
         <load_address>0xa6fa</load_address>
         <run_address>0xa6fa</run_address>
         <size>0x25a</size>
         <input_file_ref idref="fl-13"/>
      </object_component>
      <object_component id="oc-17f">
         <name>.debug_info</name>
         <load_address>0xa954</load_address>
         <run_address>0xa954</run_address>
         <size>0x9c0</size>
         <input_file_ref idref="fl-14"/>
      </object_component>
      <object_component id="oc-174">
         <name>.debug_info</name>
         <load_address>0xb314</load_address>
         <run_address>0xb314</run_address>
         <size>0xfa</size>
         <input_file_ref idref="fl-14"/>
      </object_component>
      <object_component id="oc-177">
         <name>.debug_info</name>
         <load_address>0xb40e</load_address>
         <run_address>0xb40e</run_address>
         <size>0xc7</size>
         <input_file_ref idref="fl-14"/>
      </object_component>
      <object_component id="oc-80">
         <name>.debug_info</name>
         <load_address>0xb4d5</load_address>
         <run_address>0xb4d5</run_address>
         <size>0x5a4</size>
         <input_file_ref idref="fl-14"/>
      </object_component>
      <object_component id="oc-29d">
         <name>.debug_info</name>
         <load_address>0xba79</load_address>
         <run_address>0xba79</run_address>
         <size>0x6fd</size>
         <input_file_ref idref="fl-15"/>
      </object_component>
      <object_component id="oc-297">
         <name>.debug_info</name>
         <load_address>0xc176</load_address>
         <run_address>0xc176</run_address>
         <size>0xc1</size>
         <input_file_ref idref="fl-15"/>
      </object_component>
      <object_component id="oc-29a">
         <name>.debug_info</name>
         <load_address>0xc237</load_address>
         <run_address>0xc237</run_address>
         <size>0xbf</size>
         <input_file_ref idref="fl-15"/>
      </object_component>
      <object_component id="oc-288">
         <name>.debug_info</name>
         <load_address>0xc2f6</load_address>
         <run_address>0xc2f6</run_address>
         <size>0xcd</size>
         <input_file_ref idref="fl-15"/>
      </object_component>
      <object_component id="oc-28b">
         <name>.debug_info</name>
         <load_address>0xc3c3</load_address>
         <run_address>0xc3c3</run_address>
         <size>0xbf</size>
         <input_file_ref idref="fl-15"/>
      </object_component>
      <object_component id="oc-28e">
         <name>.debug_info</name>
         <load_address>0xc482</load_address>
         <run_address>0xc482</run_address>
         <size>0xc1</size>
         <input_file_ref idref="fl-15"/>
      </object_component>
      <object_component id="oc-fc">
         <name>.debug_info</name>
         <load_address>0xc543</load_address>
         <run_address>0xc543</run_address>
         <size>0x1124</size>
         <input_file_ref idref="fl-15"/>
      </object_component>
      <object_component id="oc-93">
         <name>.debug_info</name>
         <load_address>0xd667</load_address>
         <run_address>0xd667</run_address>
         <size>0x2c0</size>
         <input_file_ref idref="fl-17"/>
      </object_component>
      <object_component id="oc-27">
         <name>.debug_info</name>
         <load_address>0xd927</load_address>
         <run_address>0xd927</run_address>
         <size>0xec</size>
         <input_file_ref idref="fl-17"/>
      </object_component>
      <object_component id="oc-69">
         <name>.debug_info</name>
         <load_address>0xda13</load_address>
         <run_address>0xda13</run_address>
         <size>0x1d7</size>
         <input_file_ref idref="fl-17"/>
      </object_component>
      <object_component id="oc-206">
         <name>.debug_info</name>
         <load_address>0xdbea</load_address>
         <run_address>0xdbea</run_address>
         <size>0xe5</size>
         <input_file_ref idref="fl-18"/>
      </object_component>
      <object_component id="oc-cb">
         <name>.debug_info</name>
         <load_address>0xdccf</load_address>
         <run_address>0xdccf</run_address>
         <size>0x27b</size>
         <input_file_ref idref="fl-18"/>
      </object_component>
      <object_component id="oc-aa">
         <name>.debug_info</name>
         <load_address>0xdf4a</load_address>
         <run_address>0xdf4a</run_address>
         <size>0x2d4</size>
         <input_file_ref idref="fl-d5"/>
      </object_component>
      <object_component id="oc-44">
         <name>.debug_info</name>
         <load_address>0xe21e</load_address>
         <run_address>0xe21e</run_address>
         <size>0x1d2</size>
         <input_file_ref idref="fl-d5"/>
      </object_component>
      <object_component id="oc-a5">
         <name>.debug_info</name>
         <load_address>0xe3f0</load_address>
         <run_address>0xe3f0</run_address>
         <size>0x46</size>
         <input_file_ref idref="fl-d5"/>
      </object_component>
      <object_component id="oc-1bd">
         <name>.debug_info</name>
         <load_address>0xe436</load_address>
         <run_address>0xe436</run_address>
         <size>0x2c</size>
         <input_file_ref idref="fl-d5"/>
      </object_component>
      <object_component id="oc-42">
         <name>.debug_info</name>
         <load_address>0xe462</load_address>
         <run_address>0xe462</run_address>
         <size>0x2a8</size>
         <input_file_ref idref="fl-d6"/>
      </object_component>
      <object_component id="oc-20">
         <name>.debug_info</name>
         <load_address>0xe70a</load_address>
         <run_address>0xe70a</run_address>
         <size>0x1ea</size>
         <input_file_ref idref="fl-d6"/>
      </object_component>
      <object_component id="oc-3d">
         <name>.debug_info</name>
         <load_address>0xe8f4</load_address>
         <run_address>0xe8f4</run_address>
         <size>0x46</size>
         <input_file_ref idref="fl-d6"/>
      </object_component>
      <object_component id="oc-9d">
         <name>.debug_info</name>
         <load_address>0xe93a</load_address>
         <run_address>0xe93a</run_address>
         <size>0x2c</size>
         <input_file_ref idref="fl-d6"/>
      </object_component>
      <object_component id="oc-9b">
         <name>.debug_info</name>
         <load_address>0xe966</load_address>
         <run_address>0xe966</run_address>
         <size>0x29e</size>
         <input_file_ref idref="fl-d7"/>
      </object_component>
      <object_component id="oc-19">
         <name>.debug_info</name>
         <load_address>0xec04</load_address>
         <run_address>0xec04</run_address>
         <size>0x250</size>
         <input_file_ref idref="fl-d7"/>
      </object_component>
      <object_component id="oc-2d">
         <name>.debug_info</name>
         <load_address>0xee54</load_address>
         <run_address>0xee54</run_address>
         <size>0x60</size>
         <input_file_ref idref="fl-d7"/>
      </object_component>
      <object_component id="oc-1b6">
         <name>.debug_info</name>
         <load_address>0xeeb4</load_address>
         <run_address>0xeeb4</run_address>
         <size>0x46</size>
         <input_file_ref idref="fl-d7"/>
      </object_component>
      <object_component id="oc-96">
         <name>.debug_info</name>
         <load_address>0xeefa</load_address>
         <run_address>0xeefa</run_address>
         <size>0x39</size>
         <input_file_ref idref="fl-d7"/>
      </object_component>
      <object_component id="oc-2a">
         <name>.debug_info</name>
         <load_address>0xef33</load_address>
         <run_address>0xef33</run_address>
         <size>0x10b</size>
         <input_file_ref idref="fl-d8"/>
      </object_component>
      <object_component id="oc-56">
         <name>.debug_info</name>
         <load_address>0xf03e</load_address>
         <run_address>0xf03e</run_address>
         <size>0x1a9</size>
         <input_file_ref idref="fl-d8"/>
      </object_component>
      <object_component id="oc-39">
         <name>.debug_info</name>
         <load_address>0xf1e7</load_address>
         <run_address>0xf1e7</run_address>
         <size>0x119</size>
         <input_file_ref idref="fl-da"/>
      </object_component>
      <object_component id="oc-2fb">
         <name>.debug_info</name>
         <load_address>0xf300</load_address>
         <run_address>0xf300</run_address>
         <size>0x4b3</size>
         <input_file_ref idref="fl-db"/>
      </object_component>
      <object_component id="oc-1d4">
         <name>.debug_info</name>
         <load_address>0xf7b3</load_address>
         <run_address>0xf7b3</run_address>
         <size>0x1a6</size>
         <input_file_ref idref="fl-db"/>
      </object_component>
      <object_component id="oc-3c0">
         <name>.debug_info</name>
         <load_address>0xf959</load_address>
         <run_address>0xf959</run_address>
         <size>0x39</size>
         <input_file_ref idref="fl-db"/>
      </object_component>
      <object_component id="oc-3f2">
         <name>.debug_info</name>
         <load_address>0xf992</load_address>
         <run_address>0xf992</run_address>
         <size>0x39</size>
         <input_file_ref idref="fl-db"/>
      </object_component>
      <object_component id="oc-3c5">
         <name>.debug_info</name>
         <load_address>0xf9cb</load_address>
         <run_address>0xf9cb</run_address>
         <size>0x39</size>
         <input_file_ref idref="fl-db"/>
      </object_component>
      <object_component id="oc-3ca">
         <name>.debug_info</name>
         <load_address>0xfa04</load_address>
         <run_address>0xfa04</run_address>
         <size>0xcd</size>
         <input_file_ref idref="fl-db"/>
      </object_component>
      <object_component id="oc-b3">
         <name>.debug_info</name>
         <load_address>0xfad1</load_address>
         <run_address>0xfad1</run_address>
         <size>0x153</size>
         <input_file_ref idref="fl-dc"/>
      </object_component>
      <object_component id="oc-1c9">
         <name>.debug_info</name>
         <load_address>0xfc24</load_address>
         <run_address>0xfc24</run_address>
         <size>0x122</size>
         <input_file_ref idref="fl-de"/>
      </object_component>
      <object_component id="oc-2a6">
         <name>.debug_info</name>
         <load_address>0xfd46</load_address>
         <run_address>0xfd46</run_address>
         <size>0x5ef</size>
         <input_file_ref idref="fl-e1"/>
      </object_component>
      <object_component id="oc-384">
         <name>.debug_info</name>
         <load_address>0x10335</load_address>
         <run_address>0x10335</run_address>
         <size>0xfc</size>
         <input_file_ref idref="fl-e1"/>
      </object_component>
      <object_component id="oc-2b5">
         <name>.debug_info</name>
         <load_address>0x10431</load_address>
         <run_address>0x10431</run_address>
         <size>0x23c</size>
         <input_file_ref idref="fl-e1"/>
      </object_component>
      <object_component id="oc-133">
         <name>.debug_info</name>
         <load_address>0x1066d</load_address>
         <run_address>0x1066d</run_address>
         <size>0x122</size>
         <input_file_ref idref="fl-e1"/>
      </object_component>
      <object_component id="oc-121">
         <name>.debug_info</name>
         <load_address>0x1078f</load_address>
         <run_address>0x1078f</run_address>
         <size>0x1dd</size>
         <input_file_ref idref="fl-e1"/>
      </object_component>
      <object_component id="oc-188">
         <name>.debug_info</name>
         <load_address>0x1096c</load_address>
         <run_address>0x1096c</run_address>
         <size>0x132</size>
         <input_file_ref idref="fl-e1"/>
      </object_component>
      <object_component id="oc-139">
         <name>.debug_info</name>
         <load_address>0x10a9e</load_address>
         <run_address>0x10a9e</run_address>
         <size>0x1b9</size>
         <input_file_ref idref="fl-e1"/>
      </object_component>
      <object_component id="oc-349">
         <name>.debug_info</name>
         <load_address>0x10c57</load_address>
         <run_address>0x10c57</run_address>
         <size>0x1b5</size>
         <input_file_ref idref="fl-e1"/>
      </object_component>
      <object_component id="oc-317">
         <name>.debug_info</name>
         <load_address>0x10e0c</load_address>
         <run_address>0x10e0c</run_address>
         <size>0x103e</size>
         <input_file_ref idref="fl-e1"/>
      </object_component>
      <object_component id="oc-215">
         <name>.debug_info</name>
         <load_address>0x11e4a</load_address>
         <run_address>0x11e4a</run_address>
         <size>0x18b</size>
         <input_file_ref idref="fl-e1"/>
      </object_component>
      <object_component id="oc-2b2">
         <name>.debug_info</name>
         <load_address>0x11fd5</load_address>
         <run_address>0x11fd5</run_address>
         <size>0x5c8</size>
         <input_file_ref idref="fl-e2"/>
      </object_component>
      <object_component id="oc-12c">
         <name>.debug_info</name>
         <load_address>0x1259d</load_address>
         <run_address>0x1259d</run_address>
         <size>0x175</size>
         <input_file_ref idref="fl-e2"/>
      </object_component>
      <object_component id="oc-114">
         <name>.debug_info</name>
         <load_address>0x12712</load_address>
         <run_address>0x12712</run_address>
         <size>0xf0</size>
         <input_file_ref idref="fl-e3"/>
      </object_component>
      <object_component id="oc-21a">
         <name>.debug_info</name>
         <load_address>0x12802</load_address>
         <run_address>0x12802</run_address>
         <size>0x4a4</size>
         <input_file_ref idref="fl-e4"/>
      </object_component>
      <object_component id="oc-212">
         <name>.debug_info</name>
         <load_address>0x12ca6</load_address>
         <run_address>0x12ca6</run_address>
         <size>0xd0</size>
         <input_file_ref idref="fl-e4"/>
      </object_component>
      <object_component id="oc-23c">
         <name>.debug_info</name>
         <load_address>0x12d76</load_address>
         <run_address>0x12d76</run_address>
         <size>0x183</size>
         <input_file_ref idref="fl-e4"/>
      </object_component>
      <object_component id="oc-229">
         <name>.debug_info</name>
         <load_address>0x12ef9</load_address>
         <run_address>0x12ef9</run_address>
         <size>0x183</size>
         <input_file_ref idref="fl-e4"/>
      </object_component>
      <object_component id="oc-223">
         <name>.debug_info</name>
         <load_address>0x1307c</load_address>
         <run_address>0x1307c</run_address>
         <size>0x185</size>
         <input_file_ref idref="fl-e4"/>
      </object_component>
      <object_component id="oc-11a">
         <name>.debug_info</name>
         <load_address>0x13201</load_address>
         <run_address>0x13201</run_address>
         <size>0x1dd</size>
         <input_file_ref idref="fl-e4"/>
      </object_component>
      <object_component id="oc-13e">
         <name>.debug_info</name>
         <load_address>0x133de</load_address>
         <run_address>0x133de</run_address>
         <size>0x1db</size>
         <input_file_ref idref="fl-e4"/>
      </object_component>
      <object_component id="oc-21e">
         <name>.debug_info</name>
         <load_address>0x135b9</load_address>
         <run_address>0x135b9</run_address>
         <size>0x19c</size>
         <input_file_ref idref="fl-e4"/>
      </object_component>
      <object_component id="oc-248">
         <name>.debug_info</name>
         <load_address>0x13755</load_address>
         <run_address>0x13755</run_address>
         <size>0x1be</size>
         <input_file_ref idref="fl-e4"/>
      </object_component>
      <object_component id="oc-230">
         <name>.debug_info</name>
         <load_address>0x13913</load_address>
         <run_address>0x13913</run_address>
         <size>0x19a</size>
         <input_file_ref idref="fl-e4"/>
      </object_component>
      <object_component id="oc-20d">
         <name>.debug_info</name>
         <load_address>0x13aad</load_address>
         <run_address>0x13aad</run_address>
         <size>0x189</size>
         <input_file_ref idref="fl-e4"/>
      </object_component>
      <object_component id="oc-235">
         <name>.debug_info</name>
         <load_address>0x13c36</load_address>
         <run_address>0x13c36</run_address>
         <size>0x185</size>
         <input_file_ref idref="fl-e4"/>
      </object_component>
      <object_component id="oc-d5">
         <name>.debug_info</name>
         <load_address>0x13dbb</load_address>
         <run_address>0x13dbb</run_address>
         <size>0x1ae</size>
         <input_file_ref idref="fl-e4"/>
      </object_component>
      <object_component id="oc-24d">
         <name>.debug_info</name>
         <load_address>0x13f69</load_address>
         <run_address>0x13f69</run_address>
         <size>0x17f</size>
         <input_file_ref idref="fl-e4"/>
      </object_component>
      <object_component id="oc-db">
         <name>.debug_info</name>
         <load_address>0x140e8</load_address>
         <run_address>0x140e8</run_address>
         <size>0x188</size>
         <input_file_ref idref="fl-e4"/>
      </object_component>
      <object_component id="oc-285">
         <name>.debug_info</name>
         <load_address>0x14270</load_address>
         <run_address>0x14270</run_address>
         <size>0x432</size>
         <input_file_ref idref="fl-e5"/>
      </object_component>
      <object_component id="oc-2c1">
         <name>.debug_info</name>
         <load_address>0x146a2</load_address>
         <run_address>0x146a2</run_address>
         <size>0x173</size>
         <input_file_ref idref="fl-e5"/>
      </object_component>
      <object_component id="oc-282">
         <name>.debug_info</name>
         <load_address>0x14815</load_address>
         <run_address>0x14815</run_address>
         <size>0xc5</size>
         <input_file_ref idref="fl-e5"/>
      </object_component>
      <object_component id="oc-f7">
         <name>.debug_info</name>
         <load_address>0x148da</load_address>
         <run_address>0x148da</run_address>
         <size>0x1a4</size>
         <input_file_ref idref="fl-e5"/>
      </object_component>
      <object_component id="oc-25a">
         <name>.debug_info</name>
         <load_address>0x14a7e</load_address>
         <run_address>0x14a7e</run_address>
         <size>0x122</size>
         <input_file_ref idref="fl-e5"/>
      </object_component>
      <object_component id="oc-157">
         <name>.debug_info</name>
         <load_address>0x14ba0</load_address>
         <run_address>0x14ba0</run_address>
         <size>0x16b</size>
         <input_file_ref idref="fl-e5"/>
      </object_component>
      <object_component id="oc-373">
         <name>.debug_info</name>
         <load_address>0x14d0b</load_address>
         <run_address>0x14d0b</run_address>
         <size>0x560</size>
         <input_file_ref idref="fl-e6"/>
      </object_component>
      <object_component id="oc-362">
         <name>.debug_info</name>
         <load_address>0x1526b</load_address>
         <run_address>0x1526b</run_address>
         <size>0x174</size>
         <input_file_ref idref="fl-e6"/>
      </object_component>
      <object_component id="oc-350">
         <name>.debug_info</name>
         <load_address>0x153df</load_address>
         <run_address>0x153df</run_address>
         <size>0xf9</size>
         <input_file_ref idref="fl-e6"/>
      </object_component>
      <object_component id="oc-39a">
         <name>.debug_info</name>
         <load_address>0x154d8</load_address>
         <run_address>0x154d8</run_address>
         <size>0x112</size>
         <input_file_ref idref="fl-e6"/>
      </object_component>
      <object_component id="oc-367">
         <name>.debug_info</name>
         <load_address>0x155ea</load_address>
         <run_address>0x155ea</run_address>
         <size>0x291</size>
         <input_file_ref idref="fl-e6"/>
      </object_component>
      <object_component id="oc-3a6">
         <name>.debug_info</name>
         <load_address>0x1587b</load_address>
         <run_address>0x1587b</run_address>
         <size>0x12e</size>
         <input_file_ref idref="fl-e6"/>
      </object_component>
      <object_component id="oc-126">
         <name>.debug_info</name>
         <load_address>0x159a9</load_address>
         <run_address>0x159a9</run_address>
         <size>0x133</size>
         <input_file_ref idref="fl-e6"/>
      </object_component>
      <object_component id="oc-355">
         <name>.debug_info</name>
         <load_address>0x15adc</load_address>
         <run_address>0x15adc</run_address>
         <size>0x1b7</size>
         <input_file_ref idref="fl-e6"/>
      </object_component>
      <object_component id="oc-35b">
         <name>.debug_info</name>
         <load_address>0x15c93</load_address>
         <run_address>0x15c93</run_address>
         <size>0x12e</size>
         <input_file_ref idref="fl-e6"/>
      </object_component>
      <object_component id="oc-3a0">
         <name>.debug_info</name>
         <load_address>0x15dc1</load_address>
         <run_address>0x15dc1</run_address>
         <size>0x120</size>
         <input_file_ref idref="fl-e6"/>
      </object_component>
      <object_component id="oc-2da">
         <name>.debug_info</name>
         <load_address>0x15ee1</load_address>
         <run_address>0x15ee1</run_address>
         <size>0x311</size>
         <input_file_ref idref="fl-e6"/>
      </object_component>
      <object_component id="oc-36d">
         <name>.debug_info</name>
         <load_address>0x161f2</load_address>
         <run_address>0x161f2</run_address>
         <size>0xfd</size>
         <input_file_ref idref="fl-e6"/>
      </object_component>
      <object_component id="oc-2ab">
         <name>.debug_info</name>
         <load_address>0x162ef</load_address>
         <run_address>0x162ef</run_address>
         <size>0x54c</size>
         <input_file_ref idref="fl-e6"/>
      </object_component>
      <object_component id="oc-181">
         <name>.debug_info</name>
         <load_address>0x1683b</load_address>
         <run_address>0x1683b</run_address>
         <size>0x146</size>
         <input_file_ref idref="fl-e6"/>
      </object_component>
      <object_component id="oc-3df">
         <name>.debug_info</name>
         <load_address>0x16981</load_address>
         <run_address>0x16981</run_address>
         <size>0xf4</size>
         <input_file_ref idref="fl-e7"/>
      </object_component>
      <object_component id="oc-326">
         <name>.debug_info</name>
         <load_address>0x16a75</load_address>
         <run_address>0x16a75</run_address>
         <size>0x379</size>
         <input_file_ref idref="fl-e8"/>
      </object_component>
      <object_component id="oc-37a">
         <name>.debug_info</name>
         <load_address>0x16dee</load_address>
         <run_address>0x16dee</run_address>
         <size>0x10f</size>
         <input_file_ref idref="fl-e8"/>
      </object_component>
      <object_component id="oc-256">
         <name>.debug_info</name>
         <load_address>0x16efd</load_address>
         <run_address>0x16efd</run_address>
         <size>0x147</size>
         <input_file_ref idref="fl-e8"/>
      </object_component>
      <object_component id="oc-38c">
         <name>.debug_info</name>
         <load_address>0x17044</load_address>
         <run_address>0x17044</run_address>
         <size>0x12b</size>
         <input_file_ref idref="fl-e8"/>
      </object_component>
      <object_component id="oc-380">
         <name>.debug_info</name>
         <load_address>0x1716f</load_address>
         <run_address>0x1716f</run_address>
         <size>0x12d</size>
         <input_file_ref idref="fl-e8"/>
      </object_component>
      <object_component id="oc-2bd">
         <name>.debug_info</name>
         <load_address>0x1729c</load_address>
         <run_address>0x1729c</run_address>
         <size>0x498</size>
         <input_file_ref idref="fl-e9"/>
      </object_component>
      <object_component id="oc-16e">
         <name>.debug_info</name>
         <load_address>0x17734</load_address>
         <run_address>0x17734</run_address>
         <size>0x181</size>
         <input_file_ref idref="fl-e9"/>
      </object_component>
      <object_component id="oc-168">
         <name>.debug_info</name>
         <load_address>0x178b5</load_address>
         <run_address>0x178b5</run_address>
         <size>0x141</size>
         <input_file_ref idref="fl-e9"/>
      </object_component>
      <object_component id="oc-144">
         <name>.debug_info</name>
         <load_address>0x179f6</load_address>
         <run_address>0x179f6</run_address>
         <size>0x169</size>
         <input_file_ref idref="fl-e9"/>
      </object_component>
      <object_component id="oc-2c5">
         <name>.debug_info</name>
         <load_address>0x17b5f</load_address>
         <run_address>0x17b5f</run_address>
         <size>0x174</size>
         <input_file_ref idref="fl-e9"/>
      </object_component>
      <object_component id="oc-15c">
         <name>.debug_info</name>
         <load_address>0x17cd3</load_address>
         <run_address>0x17cd3</run_address>
         <size>0x1d3</size>
         <input_file_ref idref="fl-e9"/>
      </object_component>
      <object_component id="oc-14a">
         <name>.debug_info</name>
         <load_address>0x17ea6</load_address>
         <run_address>0x17ea6</run_address>
         <size>0x13f</size>
         <input_file_ref idref="fl-e9"/>
      </object_component>
      <object_component id="oc-150">
         <name>.debug_info</name>
         <load_address>0x17fe5</load_address>
         <run_address>0x17fe5</run_address>
         <size>0x168</size>
         <input_file_ref idref="fl-e9"/>
      </object_component>
      <object_component id="oc-18d">
         <name>.debug_info</name>
         <load_address>0x1814d</load_address>
         <run_address>0x1814d</run_address>
         <size>0x16c</size>
         <input_file_ref idref="fl-e9"/>
      </object_component>
      <object_component id="oc-162">
         <name>.debug_info</name>
         <load_address>0x182b9</load_address>
         <run_address>0x182b9</run_address>
         <size>0x170</size>
         <input_file_ref idref="fl-e9"/>
      </object_component>
      <object_component id="oc-391">
         <name>.debug_info</name>
         <load_address>0x18429</load_address>
         <run_address>0x18429</run_address>
         <size>0xee</size>
         <input_file_ref idref="fl-e9"/>
      </object_component>
      <object_component id="oc-242">
         <name>.debug_info</name>
         <load_address>0x18517</load_address>
         <run_address>0x18517</run_address>
         <size>0x115</size>
         <input_file_ref idref="fl-ea"/>
      </object_component>
      <object_component id="oc-3d6">
         <name>.debug_info</name>
         <load_address>0x1862c</load_address>
         <run_address>0x1862c</run_address>
         <size>0xe1</size>
         <input_file_ref idref="fl-eb"/>
      </object_component>
      <object_component id="oc-328">
         <name>.debug_info</name>
         <load_address>0x1870d</load_address>
         <run_address>0x1870d</run_address>
         <size>0xe7</size>
         <input_file_ref idref="fl-eb"/>
      </object_component>
      <object_component id="oc-435">
         <name>.debug_info</name>
         <load_address>0x187f4</load_address>
         <run_address>0x187f4</run_address>
         <size>0x8f</size>
      </object_component>
      <object_component id="oc-3af">
         <name>.debug_line</name>
         <load_address>0x0</load_address>
         <run_address>0x0</run_address>
         <size>0x56</size>
         <input_file_ref idref="fl-2"/>
      </object_component>
      <object_component id="oc-bc">
         <name>.debug_line</name>
         <load_address>0x56</load_address>
         <run_address>0x56</run_address>
         <size>0x48</size>
         <input_file_ref idref="fl-2"/>
      </object_component>
      <object_component id="oc-267">
         <name>.debug_line</name>
         <load_address>0x9e</load_address>
         <run_address>0x9e</run_address>
         <size>0x3a</size>
         <input_file_ref idref="fl-2"/>
      </object_component>
      <object_component id="oc-278">
         <name>.debug_line</name>
         <load_address>0xd8</load_address>
         <run_address>0xd8</run_address>
         <size>0x3a</size>
         <input_file_ref idref="fl-2"/>
      </object_component>
      <object_component id="oc-1ad">
         <name>.debug_line</name>
         <load_address>0x112</load_address>
         <run_address>0x112</run_address>
         <size>0x39</size>
         <input_file_ref idref="fl-2"/>
      </object_component>
      <object_component id="oc-111">
         <name>.debug_line</name>
         <load_address>0x14b</load_address>
         <run_address>0x14b</run_address>
         <size>0x3d</size>
         <input_file_ref idref="fl-2"/>
      </object_component>
      <object_component id="oc-1b4">
         <name>.debug_line</name>
         <load_address>0x188</load_address>
         <run_address>0x188</run_address>
         <size>0x68</size>
         <input_file_ref idref="fl-2"/>
      </object_component>
      <object_component id="oc-273">
         <name>.debug_line</name>
         <load_address>0x1f0</load_address>
         <run_address>0x1f0</run_address>
         <size>0x54</size>
         <input_file_ref idref="fl-2"/>
      </object_component>
      <object_component id="oc-26e">
         <name>.debug_line</name>
[...]
         <name>OLED_WR_Byte</name>
         <value>0x26b</value>
         <object_component_ref idref="oc-fa"/>
      </symbol>
      <symbol id="sm-35d">
         <name>Hzk</name>
         <value>0x2d34</value>
         <object_component_ref idref="oc-299"/>
      </symbol>
      <symbol id="sm-35e">
         <name>OLED_Init</name>
         <value>0x73d</value>
         <object_component_ref idref="oc-fa"/>
      </symbol>
      <symbol id="sm-35f">
         <name>oled_update</name>
         <value>0x189</value>
         <object_component_ref idref="oc-fa"/>
      </symbol>
      <symbol id="sm-360">
         <name>OLED_pos_clr</name>
         <value>0x155</value>
         <object_component_ref idref="oc-fa"/>
      </symbol>
      <symbol id="sm-361">
         <name>OLED_ShowString</name>
         <value>0x575</value>
         <object_component_ref idref="oc-fa"/>
      </symbol>
      <symbol id="sm-362">
         <name>OLED_ShowChar</name>
         <value>0x3dd</value>
         <object_component_ref idref="oc-fa"/>
      </symbol>
      <symbol id="sm-363">
         <name>bmp</name>
         <value>0x20002400</value>
         <object_component_ref idref="oc-28a"/>
      </symbol>
      <symbol id="sm-364">
         <name>OLED_Clear</name>
         <value>0x36f</value>
         <object_component_ref idref="oc-fa"/>
      </symbol>
      <symbol id="sm-365">
         <name>screen_buf</name>
         <value>0x20000000</value>
         <object_component_ref idref="oc-287"/>
      </symbol>
      <symbol id="sm-366">
         <name>oled_pow</name>
         <value>0x467</value>
         <object_component_ref idref="oc-fa"/>
      </symbol>
      <symbol id="sm-367">
         <name>OLED_ShowCHinese</name>
         <value>0x5d7</value>
         <object_component_ref idref="oc-fa"/>
      </symbol>
      <symbol id="sm-368">
         <name>OLED_DrawBMP</name>
         <value>0x68d</value>
         <object_component_ref idref="oc-fa"/>
      </symbol>
      <symbol id="sm-369">
         <name>OLED_Display_Off</name>
         <value>0x353</value>
         <object_component_ref idref="oc-fa"/>
      </symbol>
      <symbol id="sm-36a">
         <name>F6x8</name>
         <value>0x2b0c</value>
         <object_component_ref idref="oc-296"/>
      </symbol>
      <symbol id="sm-36b">
         <name>OLED_Display_On</name>
         <value>0x337</value>
         <object_component_ref idref="oc-fa"/>
      </symbol>
      <symbol id="sm-36c">
         <name>OLED_Set_Pos</name>
         <value>0x2fb</value>
         <object_component_ref idref="oc-fa"/>
      </symbol>
      <symbol id="sm-382">
         <name>Reset_Handler</name>
         <value>0x2a9d</value>
         <object_component_ref idref="oc-67"/>
      </symbol>
      <symbol id="sm-383">
         <name>Default_Handler</name>
         <value>0x2aa9</value>
         <object_component_ref idref="oc-67"/>
      </symbol>
      <symbol id="sm-384">
         <name>interruptVectors</name>
         <value>0x0</value>
         <object_component_ref idref="oc-26"/>
      </symbol>
      <symbol id="sm-3cc">
         <name>SystemInit</name>
         <value>0x12a1</value>
         <object_component_ref idref="oc-c9"/>
      </symbol>
      <symbol id="sm-3cd">
         <name>SystemCoreClockUpdate</name>
         <value>0x1029</value>
         <object_component_ref idref="oc-c9"/>
      </symbol>
      <symbol id="sm-3ce">
         <name>SystemCoreClock</name>
         <value>0x20002ab4</value>
         <object_component_ref idref="oc-205"/>
      </symbol>
      <symbol id="sm-3e9">
         <name>__TI_zero_init_nomemset</name>
         <value>0x2911</value>
         <object_component_ref idref="oc-43"/>
      </symbol>
      <symbol id="sm-400">
         <name>__TI_decompress_none</name>
         <value>0x2a8f</value>
         <object_component_ref idref="oc-1d"/>
      </symbol>
      <symbol id="sm-423">
         <name>__TI_decompress_lzss</name>
         <value>0x2489</value>
         <object_component_ref idref="oc-17"/>
      </symbol>
      <symbol id="sm-436">
         <name>__stack</name>
         <value>0x2000fe00</value>
         <object_component_ref idref="oc-29"/>
      </symbol>
      <symbol id="sm-437">
         <name>_c_int00_noargs</name>
         <value>0x267d</value>
         <object_component_ref idref="oc-55"/>
      </symbol>
      <symbol id="sm-453">
         <name>memcpy</name>
         <value>0x21f5</value>
         <object_component_ref idref="oc-37"/>
      </symbol>
      <symbol id="sm-454">
         <name>__aeabi_memcpy</name>
         <value>0x21f5</value>
         <object_component_ref idref="oc-37"/>
      </symbol>
      <symbol id="sm-455">
         <name>__aeabi_memcpy8</name>
         <value>0x21f5</value>
         <object_component_ref idref="oc-37"/>
      </symbol>
      <symbol id="sm-456">
         <name>__aeabi_memcpy4</name>
         <value>0x21f5</value>
         <object_component_ref idref="oc-37"/>
      </symbol>
      <symbol id="sm-47e">
         <name>__TI_auto_init_nobinit_nopinit</name>
         <value>0x2639</value>
         <object_component_ref idref="oc-1d3"/>
      </symbol>
      <symbol id="sm-488">
         <name>_system_pre_init</name>
         <value>0x2b05</value>
         <object_component_ref idref="oc-b1"/>
      </symbol>
      <symbol id="sm-494">
         <name>C$$EXIT</name>
         <value>0x2b09</value>
         <object_component_ref idref="oc-1c7"/>
      </symbol>
      <symbol id="sm-495">
         <name>abort</name>
         <value>0x2b09</value>
         <object_component_ref idref="oc-1c7"/>
      </symbol>
      <symbol id="sm-510">
         <name>CS_startHFXT</name>
         <value>0x2af5</value>
         <object_component_ref idref="oc-131"/>
      </symbol>
      <symbol id="sm-511">
         <name>CS_setExternalClockSourceFrequency</name>
         <value>0x29b9</value>
         <object_component_ref idref="oc-11f"/>
      </symbol>
      <symbol id="sm-512">
         <name>CS_setDCOCenteredFrequency</name>
         <value>0x2815</value>
         <object_component_ref idref="oc-186"/>
      </symbol>
      <symbol id="sm-513">
         <name>CS_startHFXTWithTimeout</name>
         <value>0x2159</value>
         <object_component_ref idref="oc-2b3"/>
      </symbol>
      <symbol id="sm-514">
         <name>CS_initClockSignal</name>
         <value>0x1eed</value>
         <object_component_ref idref="oc-137"/>
      </symbol>
      <symbol id="sm-525">
         <name>FlashCtl_setWaitState</name>
         <value>0x27c5</value>
         <object_component_ref idref="oc-12b"/>
      </symbol>
      <symbol id="sm-531">
         <name>FPU_enableModule</name>
         <value>0x29cd</value>
         <object_component_ref idref="oc-113"/>
      </symbol>
      <symbol id="sm-5cc">
         <name>GPIO_setAsInputPin</name>
         <value>0x2741</value>
         <object_component_ref idref="oc-22e"/>
      </symbol>
      <symbol id="sm-5cd">
         <name>GPIO_setOutputHighOnPin</name>
         <value>0x29f5</value>
         <object_component_ref idref="oc-222"/>
      </symbol>
      <symbol id="sm-5ce">
         <name>GPIO_setAsInputPinWithPullUpResistor</name>
         <value>0x26e1</value>
         <object_component_ref idref="oc-246"/>
      </symbol>
      <symbol id="sm-5cf">
         <name>GPIO_getInterruptStatus</name>
         <value>0x2a31</value>
         <object_component_ref idref="oc-20b"/>
      </symbol>
      <symbol id="sm-5d0">
         <name>GPIO_enableInterrupt</name>
         <value>0x29e1</value>
         <object_component_ref idref="oc-24c"/>
      </symbol>
      <symbol id="sm-5d1">
         <name>GPIO_getEnabledInterruptStatus</name>
         <value>0x26b1</value>
         <object_component_ref idref="oc-d4"/>
      </symbol>
      <symbol id="sm-5d2">
         <name>GPIO_setAsOutputPin</name>
         <value>0x2839</value>
         <object_component_ref idref="oc-21c"/>
      </symbol>
      <symbol id="sm-5d3">
         <name>GPIO_setOutputLowOnPin</name>
         <value>0x295d</value>
         <object_component_ref idref="oc-228"/>
      </symbol>
      <symbol id="sm-5d4">
         <name>GPIO_clearInterruptFlag</name>
         <value>0x292d</value>
         <object_component_ref idref="oc-da"/>
      </symbol>
      <symbol id="sm-5d5">
         <name>GPIO_toggleOutputOnPin</name>
         <value>0x2a09</value>
         <object_component_ref idref="oc-23a"/>
      </symbol>
      <symbol id="sm-5d6">
         <name>GPIO_setAsPeripheralModuleFunctionOutputPin</name>
         <value>0x25a5</value>
         <object_component_ref idref="oc-119"/>
      </symbol>
      <symbol id="sm-5d7">
         <name>GPIO_getInputPinValue</name>
         <value>0x2945</value>
         <object_component_ref idref="oc-234"/>
      </symbol>
      <symbol id="sm-5d8">
         <name>GPIO_setAsPeripheralModuleFunctionInputPin</name>
         <value>0x25f1</value>
         <object_component_ref idref="oc-13d"/>
      </symbol>
      <symbol id="sm-619">
         <name>Interrupt_setPriority</name>
         <value>0x285d</value>
         <object_component_ref idref="oc-f4"/>
      </symbol>
      <symbol id="sm-61a">
         <name>Interrupt_enableMaster</name>
         <value>0x2a41</value>
         <object_component_ref idref="oc-258"/>
      </symbol>
      <symbol id="sm-61b">
         <name>Interrupt_enableInterrupt</name>
         <value>0x24f1</value>
         <object_component_ref idref="oc-155"/>
      </symbol>
      <symbol id="sm-6e0">
         <name>PCM_setCoreVoltageLevel</name>
         <value>0x2add</value>
         <object_component_ref idref="oc-180"/>
      </symbol>
      <symbol id="sm-6e1">
         <name>PCM_getCoreVoltageLevel</name>
         <value>0x276d</value>
         <object_component_ref idref="oc-39f"/>
      </symbol>
      <symbol id="sm-6e2">
         <name>PCM_shutdownDevice</name>
         <value>0x2555</value>
         <object_component_ref idref="oc-360"/>
      </symbol>
      <symbol id="sm-6e3">
         <name>PCM_setPowerState</name>
         <value>0x2aed</value>
         <object_component_ref idref="oc-125"/>
      </symbol>
      <symbol id="sm-6e4">
         <name>PCM_getPowerMode</name>
         <value>0x2799</value>
         <object_component_ref idref="oc-399"/>
      </symbol>
      <symbol id="sm-6e5">
         <name>PCM_getPowerState</name>
         <value>0x2ab9</value>
         <object_component_ref idref="oc-34e"/>
      </symbol>
      <symbol id="sm-6e6">
         <name>PCM_gotoLPM4</name>
         <value>0x2a51</value>
         <object_component_ref idref="oc-35a"/>
      </symbol>
      <symbol id="sm-6e7">
         <name>PCM_gotoLPM3</name>
         <value>0x2325</value>
         <object_component_ref idref="oc-354"/>
      </symbol>
      <symbol id="sm-6e8">
         <name>PCM_gotoLPM0</name>
         <value>0x27ed</value>
         <object_component_ref idref="oc-36c"/>
      </symbol>
      <symbol id="sm-6e9">
         <name>PCM_setPowerMode</name>
         <value>0x2ae5</value>
         <object_component_ref idref="oc-3a5"/>
      </symbol>
      <symbol id="sm-6f6">
         <name>RTC_C_holdClock</name>
         <value>0x2881</value>
         <object_component_ref idref="oc-3dc"/>
      </symbol>
      <symbol id="sm-724">
         <name>SysCtl_getNMISourceStatus</name>
         <value>0x2ac5</value>
         <object_component_ref idref="oc-376"/>
      </symbol>
      <symbol id="sm-725">
         <name>SysCtl_enableNMISource</name>
         <value>0x2a71</value>
         <object_component_ref idref="oc-388"/>
      </symbol>
      <symbol id="sm-726">
         <name>SysCtl_disableNMISource</name>
         <value>0x2a61</value>
         <object_component_ref idref="oc-37c"/>
      </symbol>
      <symbol id="sm-727">
         <name>SysCtl_enableSRAMBankRetention</name>
         <value>0x2a1d</value>
         <object_component_ref idref="oc-252"/>
      </symbol>
      <symbol id="sm-788">
         <name>UART_enableInterrupt</name>
         <value>0x29a3</value>
         <object_component_ref idref="oc-14f"/>
      </symbol>
      <symbol id="sm-789">
         <name>UART_receiveData</name>
         <value>0x28c9</value>
         <object_component_ref idref="oc-167"/>
      </symbol>
      <symbol id="sm-78a">
         <name>UART_enableModule</name>
         <value>0x2ad1</value>
         <object_component_ref idref="oc-149"/>
      </symbol>
      <symbol id="sm-78b">
         <name>UART_getEnabledInterruptStatus</name>
         <value>0x2711</value>
         <object_component_ref idref="oc-15b"/>
      </symbol>
      <symbol id="sm-78c">
         <name>UART_transmitData</name>
         <value>0x28ed</value>
         <object_component_ref idref="oc-16d"/>
      </symbol>
      <symbol id="sm-78d">
         <name>UART_getInterruptStatus</name>
         <value>0x2afb</value>
         <object_component_ref idref="oc-2c4"/>
      </symbol>
      <symbol id="sm-78e">
         <name>UART_initModule</name>
         <value>0x2291</value>
         <object_component_ref idref="oc-143"/>
      </symbol>
      <symbol id="sm-78f">
         <name>UART_clearInterruptFlag</name>
         <value>0x2a81</value>
         <object_component_ref idref="oc-161"/>
      </symbol>
      <symbol id="sm-790">
         <name>UART_disableInterrupt</name>
         <value>0x28a5</value>
         <object_component_ref idref="oc-18c"/>
      </symbol>
      <symbol id="sm-79c">
         <name>WDT_A_holdTimer</name>
         <value>0x2975</value>
         <object_component_ref idref="oc-240"/>
      </symbol>
      <symbol id="sm-7ae">
         <name>CPU_wfi</name>
         <value>0x2b01</value>
         <object_component_ref idref="oc-3d5"/>
      </symbol>
      <symbol id="sm-7af">
         <name>CPU_cpsie</name>
         <value>0x2aab</value>
         <object_component_ref idref="oc-327"/>
      </symbol>
      <symbol id="sm-7b0">
         <name>__TI_static_base__</name>
         <value>0x0</value>
      </symbol>
      <symbol id="sm-7b3">
         <name>__mpu_init</name>
         <value>0x0</value>
      </symbol>
      <symbol id="sm-7b4">
         <name>_system_post_cinit</name>
         <value>0x0</value>
      </symbol>
      <symbol id="sm-7b5">
         <name>NMI_Handler</name>
         <value>0x2aa9</value>
      </symbol>
      <symbol id="sm-7b6">
         <name>HardFault_Handler</name>
         <value>0x2aa9</value>
      </symbol>
      <symbol id="sm-7b7">
         <name>MemManage_Handler</name>
         <value>0x2aa9</value>
      </symbol>
      <symbol id="sm-7b8">
         <name>BusFault_Handler</name>
         <value>0x2aa9</value>
      </symbol>
      <symbol id="sm-7b9">
         <name>UsageFault_Handler</name>
         <value>0x2aa9</value>
      </symbol>
      <symbol id="sm-7ba">
         <name>SVC_Handler</name>
         <value>0x2aa9</value>
      </symbol>
      <symbol id="sm-7bb">
         <name>DebugMon_Handler</name>
         <value>0x2aa9</value>
      </symbol>
      <symbol id="sm-7bc">
         <name>PendSV_Handler</name>
         <value>0x2aa9</value>
      </symbol>
      <symbol id="sm-7bd">
         <name>SysTick_Handler</name>
         <value>0x23f9</value>
      </symbol>
      <symbol id="sm-7be">
         <name>PSS_IRQHandler</name>
         <value>0x2aa9</value>
      </symbol>
      <symbol id="sm-7bf">
         <name>CS_IRQHandler</name>
         <value>0x2aa9</value>
      </symbol>
      <symbol id="sm-7c0">
         <name>PCM_IRQHandler</name>
         <value>0x2aa9</value>
      </symbol>
      <symbol id="sm-7c1">
         <name>WDT_A_IRQHandler</name>
         <value>0x2aa9</value>
      </symbol>
      <symbol id="sm-7c2">
         <name>FPU_IRQHandler</name>
         <value>0x2aa9</value>
      </symbol>
      <symbol id="sm-7c3">
         <name>FLCTL_IRQHandler</name>
         <value>0x2aa9</value>
      </symbol>
      <symbol id="sm-7c4">
         <name>COMP_E0_IRQHandler</name>
         <value>0x2aa9</value>
      </symbol>
      <symbol id="sm-7c5">
         <name>COMP_E1_IRQHandler</name>
         <value>0x2aa9</value>
      </symbol>
      <symbol id="sm-7c6">
         <name>TA0_0_IRQHandler</name>
         <value>0x157f</value>
      </symbol>
      <symbol id="sm-7c7">
         <name>TA0_N_IRQHandler</name>
         <value>0xec5</value>
      </symbol>
      <symbol id="sm-7c8">
         <name>TA1_0_IRQHandler</name>
         <value>0x1595</value>
      </symbol>
      <symbol id="sm-7c9">
         <name>TA1_N_IRQHandler</name>
         <value>0x2aa9</value>
      </symbol>
      <symbol id="sm-7ca">
         <name>TA2_0_IRQHandler</name>
         <value>0x15a1</value>
      </symbol>
      <symbol id="sm-7cb">
         <name>TA2_N_IRQHandler</name>
         <value>0x2aa9</value>
      </symbol>
      <symbol id="sm-7cc">
         <name>TA3_0_IRQHandler</name>
         <value>0x15ad</value>
      </symbol>
      <symbol id="sm-7cd">
         <name>TA3_N_IRQHandler</name>
         <value>0x2aa9</value>
      </symbol>
      <symbol id="sm-7ce">
         <name>EUSCIA0_IRQHandler</name>
         <value>0x191b</value>
      </symbol>
      <symbol id="sm-7cf">
         <name>EUSCIA1_IRQHandler</name>
         <value>0x2aa9</value>
      </symbol>
      <symbol id="sm-7d0">
         <name>EUSCIA2_IRQHandler</name>
         <value>0x19bb</value>
      </symbol>
      <symbol id="sm-7d1">
         <name>EUSCIA3_IRQHandler</name>
         <value>0x1a99</value>
      </symbol>
      <symbol id="sm-7d2">
         <name>EUSCIB0_IRQHandler</name>
         <value>0x2aa9</value>
      </symbol>
      <symbol id="sm-7d3">
         <name>EUSCIB1_IRQHandler</name>
         <value>0x2aa9</value>
      </symbol>
      <symbol id="sm-7d4">
         <name>EUSCIB2_IRQHandler</name>
         <value>0x2aa9</value>
      </symbol>
      <symbol id="sm-7d5">
         <name>EUSCIB3_IRQHandler</name>
         <value>0x2aa9</value>
      </symbol>
      <symbol id="sm-7d6">
         <name>ADC14_IRQHandler</name>
         <value>0x981</value>
      </symbol>
      <symbol id="sm-7d7">
         <name>T32_INT1_IRQHandler</name>
         <value>0x2aa9</value>
      </symbol>
      <symbol id="sm-7d8">
         <name>T32_INT2_IRQHandler</name>
         <value>0x2aa9</value>
      </symbol>
      <symbol id="sm-7d9">
         <name>T32_INTC_IRQHandler</name>
         <value>0x2aa9</value>
      </symbol>
      <symbol id="sm-7da">
         <name>AES256_IRQHandler</name>
         <value>0x2aa9</value>
      </symbol>
      <symbol id="sm-7db">
         <name>RTC_C_IRQHandler</name>
         <value>0x2aa9</value>
      </symbol>
      <symbol id="sm-7dc">
         <name>DMA_ERR_IRQHandler</name>
         <value>0x2aa9</value>
      </symbol>
      <symbol id="sm-7dd">
         <name>DMA_INT3_IRQHandler</name>
         <value>0x2aa9</value>
      </symbol>
      <symbol id="sm-7de">
         <name>DMA_INT2_IRQHandler</name>
         <value>0x2aa9</value>
      </symbol>
      <symbol id="sm-7df">
         <name>DMA_INT1_IRQHandler</name>
         <value>0x2aa9</value>
      </symbol>
      <symbol id="sm-7e0">
         <name>DMA_INT0_IRQHandler</name>
         <value>0x2aa9</value>
      </symbol>
      <symbol id="sm-7e1">
         <name>PORT1_IRQHandler</name>
         <value>0x135d</value>
      </symbol>
      <symbol id="sm-7e2">
         <name>PORT2_IRQHandler</name>
         <value>0x139b</value>
      </symbol>
      <symbol id="sm-7e3">
         <name>PORT3_IRQHandler</name>
         <value>0x13f7</value>
      </symbol>
      <symbol id="sm-7e4">
         <name>PORT4_IRQHandler</name>
         <value>0x1459</value>
      </symbol>
      <symbol id="sm-7e5">
         <name>PORT5_IRQHandler</name>
         <value>0x14d1</value>
      </symbol>
      <symbol id="sm-7e6">
         <name>PORT6_IRQHandler</name>
         <value>0x1525</value>
      </symbol>
   </symbol_table>
   <title>Link successful</title>
</link_info>
