<?xml version="1.0" encoding="ISO-8859-1" ?>
<link_info>
   <banner>TI ARM Linker PC v20.2.1.LTS</banner>
   <copyright>Copyright (c) 1996-2018 Texas Instruments Incorporated</copyright>
   <link_time>0x60f25258</link_time>
   <link_errors>0x0</link_errors>
   <output_file>mmWave-uart.out</output_file>
   <entry_point>
      <name>_c_int00_noargs</name>
      <address>0x45e5</address>
   </entry_point>
   <input_file_list>
      <input_file id="fl-2">
         <path>.\</path>
         <kind>object</kind>
         <file>EXIN_GPIO_IRQ.obj</file>
         <name>EXIN_GPIO_IRQ.obj</name>
      </input_file>
      <input_file id="fl-3">
         <path>.\exinlibs\</path>
         <kind>object</kind>
         <file>ADS1292.obj</file>
         <name>ADS1292.obj</name>
      </input_file>
      <input_file id="fl-4">
         <path>.\exinlibs\</path>
         <kind>object</kind>
         <file>ADS_RCV.obj</file>
         <name>ADS_RCV.obj</name>
      </input_file>
      <input_file id="fl-5">
         <path>.\exinlibs\</path>
         <kind>object</kind>
         <file>LMT70RD.obj</file>
         <name>LMT70RD.obj</name>
      </input_file>
      <input_file id="fl-6">
         <path>.\exinlibs\</path>
         <kind>object</kind>
         <file>OV_RCV.obj</file>
         <name>OV_RCV.obj</name>
      </input_file>
      <input_file id="fl-7">
         <path>.\exinlibs\</path>
         <kind>object</kind>
         <file>Oscill_OLED.obj</file>
         <name>Oscill_OLED.obj</name>
      </input_file>
      <input_file id="fl-8">
         <path>.\exinlibs\</path>
         <kind>object</kind>
         <file>exinADC.obj</file>
         <name>exinADC.obj</name>
      </input_file>
      <input_file id="fl-9">
         <path>.\exinlibs\</path>
         <kind>object</kind>
         <file>exinHC_SR04.obj</file>
         <name>exinHC_SR04.obj</name>
      </input_file>
      <input_file id="fl-a">
         <path>.\exinlibs\</path>
         <kind>object</kind>
         <file>exin_library_map_guide.obj</file>
         <name>exin_library_map_guide.obj</name>
      </input_file>
      <input_file id="fl-b">
         <path>.\exinlibs\</path>
         <kind>object</kind>
         <file>exin_pit.obj</file>
         <name>exin_pit.obj</name>
      </input_file>
      <input_file id="fl-c">
         <path>.\exinlibs\</path>
         <kind>object</kind>
         <file>exinadjust.obj</file>
         <name>exinadjust.obj</name>
      </input_file>
      <input_file id="fl-d">
         <path>.\exinlibs\</path>
         <kind>object</kind>
         <file>exinencoder.obj</file>
         <name>exinencoder.obj</name>
      </input_file>
      <input_file id="fl-e">
         <path>.\exinlibs\</path>
         <kind>object</kind>
         <file>exingpio.obj</file>
         <name>exingpio.obj</name>
      </input_file>
      <input_file id="fl-f">
         <path>.\exinlibs\</path>
         <kind>object</kind>
         <file>exinisr.obj</file>
         <name>exinisr.obj</name>
      </input_file>
      <input_file id="fl-10">
         <path>.\exinlibs\</path>
         <kind>object</kind>
         <file>exinkey.obj</file>
         <name>exinkey.obj</name>
      </input_file>
      <input_file id="fl-11">
         <path>.\exinlibs\</path>
         <kind>object</kind>
         <file>exinmotor.obj</file>
         <name>exinmotor.obj</name>
      </input_file>
      <input_file id="fl-12">
         <path>.\exinlibs\</path>
         <kind>object</kind>
         <file>exinpwm.obj</file>
         <name>exinpwm.obj</name>
      </input_file>
      <input_file id="fl-13">
         <path>.\exinlibs\</path>
         <kind>object</kind>
         <file>exinsteer.obj</file>
         <name>exinsteer.obj</name>
      </input_file>
      <input_file id="fl-14">
         <path>.\exinlibs\</path>
         <kind>object</kind>
         <file>exinsystem.obj</file>
         <name>exinsystem.obj</name>
      </input_file>
      <input_file id="fl-15">
         <path>.\exinlibs\</path>
         <kind>object</kind>
         <file>exinuart.obj</file>
         <name>exinuart.obj</name>
      </input_file>
      <input_file id="fl-16">
         <path>.\exinlibs\</path>
         <kind>object</kind>
         <file>oled.obj</file>
         <name>oled.obj</name>
      </input_file>
      <input_file id="fl-17">
         <path>.\exinlibs\</path>
         <kind>object</kind>
         <file>serial.obj</file>
         <name>serial.obj</name>
      </input_file>
      <input_file id="fl-18">
         <path>.\exinlibs\</path>
         <kind>object</kind>
         <file>startup_msp432p401r_ccs.obj</file>
         <name>startup_msp432p401r_ccs.obj</name>
      </input_file>
      <input_file id="fl-19">
         <path>.\exinlibs\</path>
         <kind>object</kind>
         <file>system_msp432p401r.obj</file>
         <name>system_msp432p401r.obj</name>
      </input_file>
      <input_file id="fl-1e">
         <kind>object</kind>
         <file>&lt;internal&gt;</file>
         <name>&lt;internal&gt;</name>
      </input_file>
      <input_file id="fl-d4">
         <path>D:\CCS\ccs\tools\compiler\ti-cgt-arm_20.2.1.LTS\lib\</path>
         <kind>archive</kind>
         <file>rtsv7M4_T_le_v4SPD16_eabi.lib</file>
         <name>sprintf.c.obj</name>
      </input_file>
      <input_file id="fl-d5">
         <path>D:\CCS\ccs\tools\compiler\ti-cgt-arm_20.2.1.LTS\lib\</path>
         <kind>archive</kind>
         <file>rtsv7M4_T_le_v4SPD16_eabi.lib</file>
         <name>fd_cmp_t2.asm.obj</name>
      </input_file>
      <input_file id="fl-d6">
         <path>D:\CCS\ccs\tools\compiler\ti-cgt-arm_20.2.1.LTS\lib\</path>
         <kind>archive</kind>
         <file>rtsv7M4_T_le_v4SPD16_eabi.lib</file>
         <name>fd_div_t2.asm.obj</name>
      </input_file>
      <input_file id="fl-d7">
         <path>D:\CCS\ccs\tools\compiler\ti-cgt-arm_20.2.1.LTS\lib\</path>
         <kind>archive</kind>
         <file>rtsv7M4_T_le_v4SPD16_eabi.lib</file>
         <name>fd_toi_t2.asm.obj</name>
      </input_file>
      <input_file id="fl-d8">
         <path>D:\CCS\ccs\tools\compiler\ti-cgt-arm_20.2.1.LTS\lib\</path>
         <kind>archive</kind>
         <file>rtsv7M4_T_le_v4SPD16_eabi.lib</file>
         <name>fd_tos_t2.asm.obj</name>
      </input_file>
      <input_file id="fl-d9">
         <path>D:\CCS\ccs\tools\compiler\ti-cgt-arm_20.2.1.LTS\lib\</path>
         <kind>archive</kind>
         <file>rtsv7M4_T_le_v4SPD16_eabi.lib</file>
         <name>fs_tod_t2.asm.obj</name>
      </input_file>
      <input_file id="fl-da">
         <path>D:\CCS\ccs\tools\compiler\ti-cgt-arm_20.2.1.LTS\lib\</path>
         <kind>archive</kind>
         <file>rtsv7M4_T_le_v4SPD16_eabi.lib</file>
         <name>i_tofd_t2.asm.obj</name>
      </input_file>
      <input_file id="fl-db">
         <path>D:\CCS\ccs\tools\compiler\ti-cgt-arm_20.2.1.LTS\lib\</path>
         <kind>archive</kind>
         <file>rtsv7M4_T_le_v4SPD16_eabi.lib</file>
         <name>memcpy_t2.asm.obj</name>
      </input_file>
      <input_file id="fl-dc">
         <path>D:\CCS\ccs\tools\compiler\ti-cgt-arm_20.2.1.LTS\lib\</path>
         <kind>archive</kind>
         <file>rtsv7M4_T_le_v4SPD16_eabi.lib</file>
         <name>u_tofd_t2.asm.obj</name>
      </input_file>
      <input_file id="fl-dd">
         <path>D:\CCS\ccs\tools\compiler\ti-cgt-arm_20.2.1.LTS\lib\</path>
         <kind>archive</kind>
         <file>rtsv7M4_T_le_v4SPD16_eabi.lib</file>
         <name>copy_zero_init.c.obj</name>
      </input_file>
      <input_file id="fl-de">
         <path>D:\CCS\ccs\tools\compiler\ti-cgt-arm_20.2.1.LTS\lib\</path>
         <kind>archive</kind>
         <file>rtsv7M4_T_le_v4SPD16_eabi.lib</file>
         <name>copy_decompress_none.c.obj</name>
      </input_file>
      <input_file id="fl-df">
         <path>D:\CCS\ccs\tools\compiler\ti-cgt-arm_20.2.1.LTS\lib\</path>
         <kind>archive</kind>
         <file>rtsv7M4_T_le_v4SPD16_eabi.lib</file>
         <name>copy_decompress_lzss.c.obj</name>
      </input_file>
      <input_file id="fl-e0">
         <path>D:\CCS\ccs\tools\compiler\ti-cgt-arm_20.2.1.LTS\lib\</path>
         <kind>archive</kind>
         <file>rtsv7M4_T_le_v4SPD16_eabi.lib</file>
         <name>boot_cortex_m.c.obj</name>
      </input_file>
      <input_file id="fl-e1">
         <path>D:\CCS\ccs\tools\compiler\ti-cgt-arm_20.2.1.LTS\lib\</path>
         <kind>archive</kind>
         <file>rtsv7M4_T_le_v4SPD16_eabi.lib</file>
         <name>_printfi.c.obj</name>
      </input_file>
      <input_file id="fl-e2">
         <path>D:\CCS\ccs\tools\compiler\ti-cgt-arm_20.2.1.LTS\lib\</path>
         <kind>archive</kind>
         <file>rtsv7M4_T_le_v4SPD16_eabi.lib</file>
         <name>memset_t2.asm.obj</name>
      </input_file>
      <input_file id="fl-e3">
         <path>D:\CCS\ccs\tools\compiler\ti-cgt-arm_20.2.1.LTS\lib\</path>
         <kind>archive</kind>
         <file>rtsv7M4_T_le_v4SPD16_eabi.lib</file>
         <name>fd_add_t2.asm.obj</name>
      </input_file>
      <input_file id="fl-e4">
         <path>D:\CCS\ccs\tools\compiler\ti-cgt-arm_20.2.1.LTS\lib\</path>
         <kind>archive</kind>
         <file>rtsv7M4_T_le_v4SPD16_eabi.lib</file>
         <name>fd_mul_t2.asm.obj</name>
      </input_file>
      <input_file id="fl-e5">
         <path>D:\CCS\ccs\tools\compiler\ti-cgt-arm_20.2.1.LTS\lib\</path>
         <kind>archive</kind>
         <file>rtsv7M4_T_le_v4SPD16_eabi.lib</file>
         <name>ull_div_t2.asm.obj</name>
      </input_file>
      <input_file id="fl-e6">
         <path>D:\CCS\ccs\tools\compiler\ti-cgt-arm_20.2.1.LTS\lib\</path>
         <kind>archive</kind>
         <file>rtsv7M4_T_le_v4SPD16_eabi.lib</file>
         <name>autoinit.c.obj</name>
      </input_file>
      <input_file id="fl-e7">
         <path>D:\CCS\ccs\tools\compiler\ti-cgt-arm_20.2.1.LTS\lib\</path>
         <kind>archive</kind>
         <file>rtsv7M4_T_le_v4SPD16_eabi.lib</file>
         <name>pre_init.c.obj</name>
      </input_file>
      <input_file id="fl-e8">
         <path>D:\CCS\ccs\tools\compiler\ti-cgt-arm_20.2.1.LTS\lib\</path>
         <kind>archive</kind>
         <file>rtsv7M4_T_le_v4SPD16_eabi.lib</file>
         <name>cpy_tbl.c.obj</name>
      </input_file>
      <input_file id="fl-e9">
         <path>D:\CCS\ccs\tools\compiler\ti-cgt-arm_20.2.1.LTS\lib\</path>
         <kind>archive</kind>
         <file>rtsv7M4_T_le_v4SPD16_eabi.lib</file>
         <name>exit.c.obj</name>
      </input_file>
      <input_file id="fl-ea">
         <path>D:\CCS\ccs\tools\compiler\ti-cgt-arm_20.2.1.LTS\lib\</path>
         <kind>archive</kind>
         <file>rtsv7M4_T_le_v4SPD16_eabi.lib</file>
         <name>_lock.c.obj</name>
      </input_file>
      <input_file id="fl-eb">
         <path>D:\CCS\ccs\tools\compiler\ti-cgt-arm_20.2.1.LTS\lib\</path>
         <kind>archive</kind>
         <file>rtsv7M4_T_le_v4SPD16_eabi.lib</file>
         <name>_ltoa.c.obj</name>
      </input_file>
      <input_file id="fl-ec">
         <path>D:\CCS\ccs\tools\compiler\ti-cgt-arm_20.2.1.LTS\lib\</path>
         <kind>archive</kind>
         <file>rtsv7M4_T_le_v4SPD16_eabi.lib</file>
         <name>args_main.c.obj</name>
      </input_file>
      <input_file id="fl-ed">
         <path>D:\CCS\ccs\tools\compiler\ti-cgt-arm_20.2.1.LTS\lib\</path>
         <kind>archive</kind>
         <file>rtsv7M4_T_le_v4SPD16_eabi.lib</file>
         <name>atoi.c.obj</name>
      </input_file>
      <input_file id="fl-ee">
         <path>D:\CCS\ccs\tools\compiler\ti-cgt-arm_20.2.1.LTS\lib\</path>
         <kind>archive</kind>
         <file>rtsv7M4_T_le_v4SPD16_eabi.lib</file>
         <name>ctype.c.obj</name>
      </input_file>
      <input_file id="fl-ef">
         <path>D:\CCS\ccs\tools\compiler\ti-cgt-arm_20.2.1.LTS\lib\</path>
         <kind>archive</kind>
         <file>rtsv7M4_T_le_v4SPD16_eabi.lib</file>
         <name>memccpy.c.obj</name>
      </input_file>
      <input_file id="fl-f0">
         <path>D:\CCS\ccs\tools\compiler\ti-cgt-arm_20.2.1.LTS\lib\</path>
         <kind>archive</kind>
         <file>rtsv7M4_T_le_v4SPD16_eabi.lib</file>
         <name>strchr.c.obj</name>
      </input_file>
      <input_file id="fl-f1">
         <path>D:\CCS\ccs\tools\compiler\ti-cgt-arm_20.2.1.LTS\lib\</path>
         <kind>archive</kind>
         <file>rtsv7M4_T_le_v4SPD16_eabi.lib</file>
         <name>strlen.c.obj</name>
      </input_file>
      <input_file id="fl-f2">
         <path>D:\CCS\ccs\tools\compiler\ti-cgt-arm_20.2.1.LTS\lib\</path>
         <kind>archive</kind>
         <file>rtsv7M4_T_le_v4SPD16_eabi.lib</file>
         <name>errno.c.obj</name>
      </input_file>
      <input_file id="fl-f3">
         <path>D:\CCS\ccs\tools\compiler\ti-cgt-arm_20.2.1.LTS\lib\</path>
         <kind>archive</kind>
         <file>rtsv7M4_T_le_v4SPD16_eabi.lib</file>
         <name>s_frexp.c.obj</name>
      </input_file>
      <input_file id="fl-f4">
         <path>D:\CCS\ccs\tools\compiler\ti-cgt-arm_20.2.1.LTS\lib\</path>
         <kind>archive</kind>
         <file>rtsv7M4_T_le_v4SPD16_eabi.lib</file>
         <name>s_scalbn.c.obj</name>
      </input_file>
      <input_file id="fl-f5">
         <path>D:\CCS\ccs\tools\compiler\ti-cgt-arm_20.2.1.LTS\lib\</path>
         <kind>archive</kind>
         <file>rtsv7M4_T_le_v4SPD16_eabi.lib</file>
         <name>wcslen.c.obj</name>
      </input_file>
      <input_file id="fl-f6">
         <path>D:\CCS\ccs\tools\compiler\ti-cgt-arm_20.2.1.LTS\lib\</path>
         <kind>archive</kind>
         <file>rtsv7M4_T_le_v4SPD16_eabi.lib</file>
         <name>div0.asm.obj</name>
      </input_file>
      <input_file id="fl-f7">
         <path>D:\CCS\ccs\tools\compiler\ti-cgt-arm_20.2.1.LTS\lib\</path>
         <kind>archive</kind>
         <file>rtsv7M4_T_le_v4SPD16_eabi.lib</file>
         <name>s_copysign.c.obj</name>
      </input_file>
      <input_file id="fl-f8">
         <path>C:\ti\msp\MSP432Ware_3_40_00_25\driverlib\driverlib\MSP432P4xx\ccs\</path>
         <kind>archive</kind>
         <file>msp432p4xx_driverlib.lib</file>
         <name>cs.o</name>
      </input_file>
      <input_file id="fl-f9">
         <path>C:\ti\msp\MSP432Ware_3_40_00_25\driverlib\driverlib\MSP432P4xx\ccs\</path>
         <kind>archive</kind>
         <file>msp432p4xx_driverlib.lib</file>
         <name>flash.o</name>
      </input_file>
      <input_file id="fl-fa">
         <path>C:\ti\msp\MSP432Ware_3_40_00_25\driverlib\driverlib\MSP432P4xx\ccs\</path>
         <kind>archive</kind>
         <file>msp432p4xx_driverlib.lib</file>
         <name>fpu.o</name>
      </input_file>
      <input_file id="fl-fb">
         <path>C:\ti\msp\MSP432Ware_3_40_00_25\driverlib\driverlib\MSP432P4xx\ccs\</path>
         <kind>archive</kind>
         <file>msp432p4xx_driverlib.lib</file>
         <name>gpio.o</name>
      </input_file>
      <input_file id="fl-fc">
         <path>C:\ti\msp\MSP432Ware_3_40_00_25\driverlib\driverlib\MSP432P4xx\ccs\</path>
         <kind>archive</kind>
         <file>msp432p4xx_driverlib.lib</file>
         <name>interrupt.o</name>
      </input_file>
      <input_file id="fl-fd">
         <path>C:\ti\msp\MSP432Ware_3_40_00_25\driverlib\driverlib\MSP432P4xx\ccs\</path>
         <kind>archive</kind>
         <file>msp432p4xx_driverlib.lib</file>
         <name>pcm.o</name>
      </input_file>
      <input_file id="fl-fe">
         <path>C:\ti\msp\MSP432Ware_3_40_00_25\driverlib\driverlib\MSP432P4xx\ccs\</path>
         <kind>archive</kind>
         <file>msp432p4xx_driverlib.lib</file>
         <name>rtc_c.o</name>
      </input_file>
      <input_file id="fl-ff">
         <path>C:\ti\msp\MSP432Ware_3_40_00_25\driverlib\driverlib\MSP432P4xx\ccs\</path>
         <kind>archive</kind>
         <file>msp432p4xx_driverlib.lib</file>
         <name>sysctl.o</name>
      </input_file>
      <input_file id="fl-100">
         <path>C:\ti\msp\MSP432Ware_3_40_00_25\driverlib\driverlib\MSP432P4xx\ccs\</path>
         <kind>archive</kind>
         <file>msp432p4xx_driverlib.lib</file>
         <name>uart.o</name>
      </input_file>
      <input_file id="fl-101">
         <path>C:\ti\msp\MSP432Ware_3_40_00_25\driverlib\driverlib\MSP432P4xx\ccs\</path>
         <kind>archive</kind>
         <file>msp432p4xx_driverlib.lib</file>
         <name>wdt_a.o</name>
      </input_file>
      <input_file id="fl-102">
         <path>C:\ti\msp\MSP432Ware_3_40_00_25\driverlib\driverlib\MSP432P4xx\ccs\</path>
         <kind>archive</kind>
         <file>msp432p4xx_driverlib.lib</file>
         <name>cpu.o</name>
      </input_file>
   </input_file_list>
   <object_component_list>
      <object_component id="oc-26">
         <name>.intvecs:retain</name>
         <load_address>0x0</load_address>
         <run_address>0x0</run_address>
         <size>0xe4</size>
         <input_file_ref idref="fl-18"/>
      </object_component>
      <object_component id="oc-376">
         <name>.text:__TI_printfi</name>
         <load_address>0xe4</load_address>
         <run_address>0xe4</run_address>
         <size>0xa4e</size>
         <input_file_ref idref="fl-e1"/>
      </object_component>
      <object_component id="oc-51b">
         <name>.text</name>
         <load_address>0xb32</load_address>
         <run_address>0xb32</run_address>
         <size>0x2</size>
         <input_file_ref idref="fl-f6"/>
      </object_component>
      <object_component id="oc-10c">
         <name>.text</name>
         <load_address>0xb34</load_address>
         <run_address>0xb34</run_address>
         <size>0x7dc</size>
         <input_file_ref idref="fl-16"/>
      </object_component>
      <object_component id="oc-8b">
         <name>.text</name>
         <load_address>0x1310</load_address>
         <run_address>0x1310</run_address>
         <size>0x3cc</size>
         <input_file_ref idref="fl-8"/>
      </object_component>
      <object_component id="oc-79">
         <name>.text</name>
         <load_address>0x16dc</load_address>
         <run_address>0x16dc</run_address>
         <size>0x3cc</size>
         <input_file_ref idref="fl-d"/>
      </object_component>
      <object_component id="oc-c9">
         <name>.text</name>
         <load_address>0x1aa8</load_address>
         <run_address>0x1aa8</run_address>
         <size>0x334</size>
         <input_file_ref idref="fl-19"/>
      </object_component>
      <object_component id="oc-73">
         <name>.text</name>
         <load_address>0x1ddc</load_address>
         <run_address>0x1ddc</run_address>
         <size>0x28c</size>
         <input_file_ref idref="fl-f"/>
      </object_component>
      <object_component id="oc-44b">
         <name>.text:_pconv_a</name>
         <load_address>0x2068</load_address>
         <run_address>0x2068</run_address>
         <size>0x270</size>
         <input_file_ref idref="fl-e1"/>
      </object_component>
      <object_component id="oc-f7">
         <name>.text</name>
         <load_address>0x22d8</load_address>
         <run_address>0x22d8</run_address>
         <size>0x268</size>
         <input_file_ref idref="fl-e"/>
      </object_component>
      <object_component id="oc-6d">
         <name>.text</name>
         <load_address>0x2540</load_address>
         <run_address>0x2540</run_address>
         <size>0x23c</size>
         <input_file_ref idref="fl-14"/>
      </object_component>
      <object_component id="oc-7f">
         <name>.text</name>
         <load_address>0x277c</load_address>
         <run_address>0x277c</run_address>
         <size>0x1d8</size>
         <input_file_ref idref="fl-15"/>
      </object_component>
      <object_component id="oc-439">
         <name>.text:_pconv_g</name>
         <load_address>0x2954</load_address>
         <run_address>0x2954</run_address>
         <size>0x1d0</size>
         <input_file_ref idref="fl-e1"/>
      </object_component>
      <object_component id="oc-1de">
         <name>.text</name>
         <load_address>0x2b24</load_address>
         <run_address>0x2b24</run_address>
         <size>0x1c0</size>
         <input_file_ref idref="fl-10"/>
      </object_component>
      <object_component id="oc-4c0">
         <name>.text</name>
         <load_address>0x2ce4</load_address>
         <run_address>0x2ce4</run_address>
         <size>0x1b6</size>
         <input_file_ref idref="fl-e3"/>
      </object_component>
      <object_component id="oc-85">
         <name>.text</name>
         <load_address>0x2e9c</load_address>
         <run_address>0x2e9c</run_address>
         <size>0x1b4</size>
         <input_file_ref idref="fl-4"/>
      </object_component>
      <object_component id="oc-2ec">
         <name>.text:__PCM_setPowerStateAdvanced</name>
         <load_address>0x3050</load_address>
         <run_address>0x3050</run_address>
         <size>0x1a0</size>
         <input_file_ref idref="fl-fd"/>
      </object_component>
      <object_component id="oc-113">
         <name>.text</name>
         <load_address>0x31f0</load_address>
         <run_address>0x31f0</run_address>
         <size>0x148</size>
         <input_file_ref idref="fl-b"/>
      </object_component>
      <object_component id="oc-445">
         <name>.text:_pconv_e</name>
         <load_address>0x3338</load_address>
         <run_address>0x3338</run_address>
         <size>0x13c</size>
         <input_file_ref idref="fl-e1"/>
      </object_component>
      <object_component id="oc-d5">
         <name>.text</name>
         <load_address>0x3474</load_address>
         <run_address>0x3474</run_address>
         <size>0x136</size>
         <input_file_ref idref="fl-d6"/>
      </object_component>
      <object_component id="oc-4d2">
         <name>.text:fcvt</name>
         <load_address>0x35ac</load_address>
         <run_address>0x35ac</run_address>
         <size>0x124</size>
         <input_file_ref idref="fl-e1"/>
      </object_component>
      <object_component id="oc-4e6">
         <name>.text:scalbn</name>
         <load_address>0x36d0</load_address>
         <run_address>0x36d0</run_address>
         <size>0x110</size>
         <input_file_ref idref="fl-f4"/>
      </object_component>
      <object_component id="oc-4ab">
         <name>.text</name>
         <load_address>0x37e0</load_address>
         <run_address>0x37e0</run_address>
         <size>0xfc</size>
         <input_file_ref idref="fl-e4"/>
      </object_component>
      <object_component id="oc-173">
         <name>.text:CS_initClockSignal</name>
         <load_address>0x38dc</load_address>
         <run_address>0x38dc</run_address>
         <size>0xe0</size>
         <input_file_ref idref="fl-f8"/>
      </object_component>
      <object_component id="oc-3d3">
         <name>.text:__PCM_setPowerModeAdvanced</name>
         <load_address>0x39bc</load_address>
         <run_address>0x39bc</run_address>
         <size>0xdc</size>
         <input_file_ref idref="fl-fd"/>
      </object_component>
      <object_component id="oc-42e">
         <name>.text:_ltostr</name>
         <load_address>0x3a98</load_address>
         <run_address>0x3a98</run_address>
         <size>0xb1</size>
         <input_file_ref idref="fl-e1"/>
      </object_component>
      <object_component id="oc-2d4">
         <name>.text:__PCM_setCoreVoltageLevelAdvanced</name>
         <load_address>0x3b4c</load_address>
         <run_address>0x3b4c</run_address>
         <size>0xb0</size>
         <input_file_ref idref="fl-fd"/>
      </object_component>
      <object_component id="oc-2f3">
         <name>.text:CS_startHFXTWithTimeout</name>
         <load_address>0x3bfc</load_address>
         <run_address>0x3bfc</run_address>
         <size>0x9c</size>
         <input_file_ref idref="fl-f8"/>
      </object_component>
      <object_component id="oc-37">
         <name>.text</name>
         <load_address>0x3c98</load_address>
         <run_address>0x3c98</run_address>
         <size>0x9c</size>
         <input_file_ref idref="fl-db"/>
      </object_component>
      <object_component id="oc-4a4">
         <name>.text</name>
         <load_address>0x3d34</load_address>
         <run_address>0x3d34</run_address>
         <size>0x96</size>
         <input_file_ref idref="fl-e5"/>
      </object_component>
      <object_component id="oc-13d">
         <name>.text:UART_initModule</name>
         <load_address>0x3dcc</load_address>
         <run_address>0x3dcc</run_address>
         <size>0x94</size>
         <input_file_ref idref="fl-100"/>
      </object_component>
      <object_component id="oc-434">
         <name>.text:__aeabi_cdcmple</name>
         <load_address>0x3e60</load_address>
         <run_address>0x3e60</run_address>
         <size>0x86</size>
         <input_file_ref idref="fl-d5"/>
      </object_component>
      <object_component id="oc-4b0">
         <name>.text:__aeabi_cdrcmple</name>
         <load_address>0x3ee6</load_address>
         <run_address>0x3ee6</run_address>
         <size>0x86</size>
         <input_file_ref idref="fl-d5"/>
      </object_component>
      <object_component id="oc-3c1">
         <name>.text:PCM_gotoLPM3</name>
         <load_address>0x3f6c</load_address>
         <run_address>0x3f6c</run_address>
         <size>0x7c</size>
         <input_file_ref idref="fl-fd"/>
      </object_component>
      <object_component id="oc-ab">
         <name>.text</name>
         <load_address>0x3fe8</load_address>
         <run_address>0x3fe8</run_address>
         <size>0x7a</size>
         <input_file_ref idref="fl-e2"/>
      </object_component>
      <object_component id="oc-3ec">
         <name>.text:_CSGetHFXTFrequency</name>
         <load_address>0x4064</load_address>
         <run_address>0x4064</run_address>
         <size>0x70</size>
         <input_file_ref idref="fl-f8"/>
      </object_component>
      <object_component id="oc-4cb">
         <name>.text:_mcpy</name>
         <load_address>0x40d4</load_address>
         <run_address>0x40d4</run_address>
         <size>0x6e</size>
         <input_file_ref idref="fl-e1"/>
      </object_component>
      <object_component id="oc-17">
         <name>.text:decompress:lzss:__TI_decompress_lzss</name>
         <load_address>0x4142</load_address>
         <run_address>0x4142</run_address>
         <size>0x68</size>
         <input_file_ref idref="fl-df"/>
      </object_component>
      <object_component id="oc-14f">
         <name>.text:Interrupt_enableInterrupt</name>
         <load_address>0x41ac</load_address>
         <run_address>0x41ac</run_address>
         <size>0x64</size>
         <input_file_ref idref="fl-fc"/>
      </object_component>
      <object_component id="oc-4e0">
         <name>.text:frexp</name>
         <load_address>0x4210</load_address>
         <run_address>0x4210</run_address>
         <size>0x64</size>
         <input_file_ref idref="fl-f3"/>
      </object_component>
      <object_component id="oc-43f">
         <name>.text:_pconv_f</name>
         <load_address>0x4274</load_address>
         <run_address>0x4274</run_address>
         <size>0x56</size>
         <input_file_ref idref="fl-e1"/>
      </object_component>
      <object_component id="oc-4b5">
         <name>.text:__TI_ltoa</name>
         <load_address>0x42ca</load_address>
         <run_address>0x42ca</run_address>
         <size>0x54</size>
         <input_file_ref idref="fl-eb"/>
      </object_component>
      <object_component id="oc-4c5">
         <name>.text:_ecpy</name>
         <load_address>0x431e</load_address>
         <run_address>0x431e</run_address>
         <size>0x52</size>
         <input_file_ref idref="fl-e1"/>
      </object_component>
      <object_component id="oc-3cd">
         <name>.text:PCM_shutdownDevice</name>
         <load_address>0x4370</load_address>
         <run_address>0x4370</run_address>
         <size>0x50</size>
         <input_file_ref idref="fl-fd"/>
      </object_component>
      <object_component id="oc-15b">
         <name>.text:GPIO_setAsPeripheralModuleFunctionOutputPin</name>
         <load_address>0x43c0</load_address>
         <run_address>0x43c0</run_address>
         <size>0x4c</size>
         <input_file_ref idref="fl-fb"/>
      </object_component>
      <object_component id="oc-428">
         <name>.text:atoi</name>
         <load_address>0x440c</load_address>
         <run_address>0x440c</run_address>
         <size>0x4c</size>
         <input_file_ref idref="fl-ed"/>
      </object_component>
      <object_component id="oc-137">
         <name>.text:GPIO_setAsPeripheralModuleFunctionInputPin</name>
         <load_address>0x4458</load_address>
         <run_address>0x4458</run_address>
         <size>0x48</size>
         <input_file_ref idref="fl-fb"/>
      </object_component>
      <object_component id="oc-da">
         <name>.text</name>
         <load_address>0x44a0</load_address>
         <run_address>0x44a0</run_address>
         <size>0x48</size>
         <input_file_ref idref="fl-d7"/>
      </object_component>
      <object_component id="oc-1f1">
         <name>.text:__TI_auto_init_nobinit_nopinit:__TI_auto_init_nobinit_nopinit</name>
         <load_address>0x44e8</load_address>
         <run_address>0x44e8</run_address>
         <size>0x44</size>
         <input_file_ref idref="fl-e6"/>
      </object_component>
      <object_component id="oc-2be">
         <name>.text:sprintf</name>
         <load_address>0x452c</load_address>
         <run_address>0x452c</run_address>
         <size>0x40</size>
         <input_file_ref idref="fl-d4"/>
      </object_component>
      <object_component id="oc-4d8">
         <name>.text:_fcpy</name>
         <load_address>0x456c</load_address>
         <run_address>0x456c</run_address>
         <size>0x3e</size>
         <input_file_ref idref="fl-e1"/>
      </object_component>
      <object_component id="oc-2b9">
         <name>.text</name>
         <load_address>0x45aa</load_address>
         <run_address>0x45aa</run_address>
         <size>0x38</size>
         <input_file_ref idref="fl-d9"/>
      </object_component>
      <object_component id="oc-55">
         <name>.text:_c_int00_noargs:_c_int00_noargs</name>
         <load_address>0x45e4</load_address>
         <run_address>0x45e4</run_address>
         <size>0x34</size>
         <input_file_ref idref="fl-e0"/>
      </object_component>
      <object_component id="oc-b7">
         <name>.text</name>
         <load_address>0x4618</load_address>
         <run_address>0x4618</run_address>
         <size>0x32</size>
         <input_file_ref idref="fl-2"/>
      </object_component>
      <object_component id="oc-eb">
         <name>.text:GPIO_getEnabledInterruptStatus</name>
         <load_address>0x464c</load_address>
         <run_address>0x464c</run_address>
         <size>0x30</size>
         <input_file_ref idref="fl-fb"/>
      </object_component>
      <object_component id="oc-278">
         <name>.text:GPIO_setAsInputPinWithPullUpResistor</name>
         <load_address>0x467c</load_address>
         <run_address>0x467c</run_address>
         <size>0x30</size>
         <input_file_ref idref="fl-fb"/>
      </object_component>
      <object_component id="oc-17f">
         <name>.text:UART_getEnabledInterruptStatus</name>
         <load_address>0x46ac</load_address>
         <run_address>0x46ac</run_address>
         <size>0x30</size>
         <input_file_ref idref="fl-100"/>
      </object_component>
      <object_component id="oc-4bb">
         <name>.text</name>
         <load_address>0x46dc</load_address>
         <run_address>0x46dc</run_address>
         <size>0x2e</size>
         <input_file_ref idref="fl-da"/>
      </object_component>
      <object_component id="oc-260">
         <name>.text:GPIO_setAsInputPin</name>
         <load_address>0x470c</load_address>
         <run_address>0x470c</run_address>
         <size>0x2c</size>
         <input_file_ref idref="fl-fb"/>
      </object_component>
      <object_component id="oc-3a2">
         <name>.text:PCM_getCoreVoltageLevel</name>
         <load_address>0x4738</load_address>
         <run_address>0x4738</run_address>
         <size>0x2c</size>
         <input_file_ref idref="fl-fd"/>
      </object_component>
      <object_component id="oc-39c">
         <name>.text:PCM_getPowerMode</name>
         <load_address>0x4764</load_address>
         <run_address>0x4764</run_address>
         <size>0x2a</size>
         <input_file_ref idref="fl-fd"/>
      </object_component>
      <object_component id="oc-125">
         <name>.text:FlashCtl_setWaitState</name>
         <load_address>0x4790</load_address>
         <run_address>0x4790</run_address>
         <size>0x28</size>
         <input_file_ref idref="fl-f9"/>
      </object_component>
      <object_component id="oc-3d9">
         <name>.text:PCM_gotoLPM0</name>
         <load_address>0x47b8</load_address>
         <run_address>0x47b8</run_address>
         <size>0x28</size>
         <input_file_ref idref="fl-fd"/>
      </object_component>
      <object_component id="oc-131">
         <name>.text:CS_setDCOCenteredFrequency</name>
         <load_address>0x47e0</load_address>
         <run_address>0x47e0</run_address>
         <size>0x24</size>
         <input_file_ref idref="fl-f8"/>
      </object_component>
      <object_component id="oc-24e">
         <name>.text:GPIO_setAsOutputPin</name>
         <load_address>0x4804</load_address>
         <run_address>0x4804</run_address>
         <size>0x24</size>
         <input_file_ref idref="fl-fb"/>
      </object_component>
      <object_component id="oc-106">
         <name>.text:Interrupt_setPriority</name>
         <load_address>0x4828</load_address>
         <run_address>0x4828</run_address>
         <size>0x24</size>
         <input_file_ref idref="fl-fc"/>
      </object_component>
      <object_component id="oc-480">
         <name>.text:RTC_C_holdClock</name>
         <load_address>0x484c</load_address>
         <run_address>0x484c</run_address>
         <size>0x24</size>
         <input_file_ref idref="fl-fe"/>
      </object_component>
      <object_component id="oc-1a4">
         <name>.text:UART_disableInterrupt</name>
         <load_address>0x4870</load_address>
         <run_address>0x4870</run_address>
         <size>0x24</size>
         <input_file_ref idref="fl-100"/>
      </object_component>
      <object_component id="oc-18b">
         <name>.text:UART_receiveData</name>
         <load_address>0x4894</load_address>
         <run_address>0x4894</run_address>
         <size>0x24</size>
         <input_file_ref idref="fl-100"/>
      </object_component>
      <object_component id="oc-179">
         <name>.text:UART_transmitData</name>
         <load_address>0x48b8</load_address>
         <run_address>0x48b8</run_address>
         <size>0x24</size>
         <input_file_ref idref="fl-100"/>
      </object_component>
      <object_component id="oc-d0">
         <name>.text</name>
         <load_address>0x48dc</load_address>
         <run_address>0x48dc</run_address>
         <size>0x20</size>
         <input_file_ref idref="fl-dc"/>
      </object_component>
      <object_component id="oc-43">
         <name>.text:decompress:ZI:__TI_zero_init_nomemset:__TI_zero_init_nomemset</name>
         <load_address>0x48fc</load_address>
         <run_address>0x48fc</run_address>
         <size>0x1c</size>
         <input_file_ref idref="fl-dd"/>
      </object_component>
      <object_component id="oc-451">
         <name>.text:memccpy</name>
         <load_address>0x4918</load_address>
         <run_address>0x4918</run_address>
         <size>0x1c</size>
         <input_file_ref idref="fl-ef"/>
      </object_component>
      <object_component id="oc-532">
         <name>.text:copysign</name>
         <load_address>0x4934</load_address>
         <run_address>0x4934</run_address>
         <size>0x1a</size>
         <input_file_ref idref="fl-f7"/>
      </object_component>
      <object_component id="oc-f1">
         <name>.text:GPIO_clearInterruptFlag</name>
         <load_address>0x4950</load_address>
         <run_address>0x4950</run_address>
         <size>0x18</size>
         <input_file_ref idref="fl-fb"/>
      </object_component>
      <object_component id="oc-266">
         <name>.text:GPIO_getInputPinValue</name>
         <load_address>0x4968</load_address>
         <run_address>0x4968</run_address>
         <size>0x18</size>
         <input_file_ref idref="fl-fb"/>
      </object_component>
      <object_component id="oc-25a">
         <name>.text:GPIO_setOutputLowOnPin</name>
         <load_address>0x4980</load_address>
         <run_address>0x4980</run_address>
         <size>0x18</size>
         <input_file_ref idref="fl-fb"/>
      </object_component>
      <object_component id="oc-272">
         <name>.text:WDT_A_holdTimer</name>
         <load_address>0x4998</load_address>
         <run_address>0x4998</run_address>
         <size>0x18</size>
         <input_file_ref idref="fl-101"/>
      </object_component>
      <object_component id="oc-37c">
         <name>.text:_outs</name>
         <load_address>0x49b0</load_address>
         <run_address>0x49b0</run_address>
         <size>0x18</size>
         <input_file_ref idref="fl-d4"/>
      </object_component>
      <object_component id="oc-149">
         <name>.text:UART_enableInterrupt</name>
         <load_address>0x49c8</load_address>
         <run_address>0x49c8</run_address>
         <size>0x16</size>
         <input_file_ref idref="fl-100"/>
      </object_component>
      <object_component id="oc-4ec">
         <name>.text:strchr</name>
         <load_address>0x49de</load_address>
         <run_address>0x49de</run_address>
         <size>0x16</size>
         <input_file_ref idref="fl-f0"/>
      </object_component>
      <object_component id="oc-161">
         <name>.text:CS_setExternalClockSourceFrequency</name>
         <load_address>0x49f4</load_address>
         <run_address>0x49f4</run_address>
         <size>0x14</size>
         <input_file_ref idref="fl-f8"/>
      </object_component>
      <object_component id="oc-155">
         <name>.text:FPU_enableModule</name>
         <load_address>0x4a08</load_address>
         <run_address>0x4a08</run_address>
         <size>0x14</size>
         <input_file_ref idref="fl-fa"/>
      </object_component>
      <object_component id="oc-27e">
         <name>.text:GPIO_enableInterrupt</name>
         <load_address>0x4a1c</load_address>
         <run_address>0x4a1c</run_address>
         <size>0x14</size>
         <input_file_ref idref="fl-fb"/>
      </object_component>
      <object_component id="oc-254">
         <name>.text:GPIO_setOutputHighOnPin</name>
         <load_address>0x4a30</load_address>
         <run_address>0x4a30</run_address>
         <size>0x14</size>
         <input_file_ref idref="fl-fb"/>
      </object_component>
      <object_component id="oc-26c">
         <name>.text:GPIO_toggleOutputOnPin</name>
         <load_address>0x4a44</load_address>
         <run_address>0x4a44</run_address>
         <size>0x14</size>
         <input_file_ref idref="fl-fb"/>
      </object_component>
      <object_component id="oc-284">
         <name>.text:SysCtl_enableSRAMBankRetention</name>
         <load_address>0x4a58</load_address>
         <run_address>0x4a58</run_address>
         <size>0x14</size>
         <input_file_ref idref="fl-ff"/>
      </object_component>
      <object_component id="oc-422">
         <name>.text:strlen</name>
         <load_address>0x4a6c</load_address>
         <run_address>0x4a6c</run_address>
         <size>0x14</size>
         <input_file_ref idref="fl-f1"/>
      </object_component>
      <object_component id="oc-457">
         <name>.text:wcslen</name>
         <load_address>0x4a80</load_address>
         <run_address>0x4a80</run_address>
         <size>0x12</size>
         <input_file_ref idref="fl-f5"/>
      </object_component>
      <object_component id="oc-23d">
         <name>.text:GPIO_getInterruptStatus</name>
         <load_address>0x4a94</load_address>
         <run_address>0x4a94</run_address>
         <size>0x10</size>
         <input_file_ref idref="fl-fb"/>
      </object_component>
      <object_component id="oc-28a">
         <name>.text:Interrupt_enableMaster</name>
         <load_address>0x4aa4</load_address>
         <run_address>0x4aa4</run_address>
         <size>0x10</size>
         <input_file_ref idref="fl-fc"/>
      </object_component>
      <object_component id="oc-3c7">
         <name>.text:PCM_gotoLPM4</name>
         <load_address>0x4ab4</load_address>
         <run_address>0x4ab4</run_address>
         <size>0x10</size>
         <input_file_ref idref="fl-fd"/>
      </object_component>
      <object_component id="oc-3e6">
         <name>.text:SysCtl_disableNMISource</name>
         <load_address>0x4ac4</load_address>
         <run_address>0x4ac4</run_address>
         <size>0x10</size>
         <input_file_ref idref="fl-ff"/>
      </object_component>
      <object_component id="oc-3f2">
         <name>.text:SysCtl_enableNMISource</name>
         <load_address>0x4ad4</load_address>
         <run_address>0x4ad4</run_address>
         <size>0x10</size>
         <input_file_ref idref="fl-ff"/>
      </object_component>
      <object_component id="oc-185">
         <name>.text:UART_clearInterruptFlag</name>
         <load_address>0x4ae4</load_address>
         <run_address>0x4ae4</run_address>
         <size>0xe</size>
         <input_file_ref idref="fl-100"/>
      </object_component>
      <object_component id="oc-1d">
         <name>.text:decompress:none:__TI_decompress_none</name>
         <load_address>0x4af2</load_address>
         <run_address>0x4af2</run_address>
         <size>0xe</size>
         <input_file_ref idref="fl-de"/>
      </object_component>
      <object_component id="oc-67">
         <name>.text</name>
         <load_address>0x4b00</load_address>
         <run_address>0x4b00</run_address>
         <size>0xe</size>
         <input_file_ref idref="fl-18"/>
      </object_component>
      <object_component id="oc-35b">
         <name>.text:CPU_cpsie</name>
         <load_address>0x4b0e</load_address>
         <run_address>0x4b0e</run_address>
         <size>0xc</size>
         <input_file_ref idref="fl-102"/>
      </object_component>
      <object_component id="oc-3a8">
         <name>.text:PCM_getPowerState</name>
         <load_address>0x4b1c</load_address>
         <run_address>0x4b1c</run_address>
         <size>0xc</size>
         <input_file_ref idref="fl-fd"/>
      </object_component>
      <object_component id="oc-3e0">
         <name>.text:SysCtl_getNMISourceStatus</name>
         <load_address>0x4b28</load_address>
         <run_address>0x4b28</run_address>
         <size>0xc</size>
         <input_file_ref idref="fl-ff"/>
      </object_component>
      <object_component id="oc-143">
         <name>.text:UART_enableModule</name>
         <load_address>0x4b34</load_address>
         <run_address>0x4b34</run_address>
         <size>0xc</size>
         <input_file_ref idref="fl-100"/>
      </object_component>
      <object_component id="oc-382">
         <name>.text:_outc</name>
         <load_address>0x4b40</load_address>
         <run_address>0x4b40</run_address>
         <size>0xa</size>
         <input_file_ref idref="fl-d4"/>
      </object_component>
      <object_component id="oc-12b">
         <name>.text:PCM_setCoreVoltageLevel</name>
         <load_address>0x4b4a</load_address>
         <run_address>0x4b4a</run_address>
         <size>0x8</size>
         <input_file_ref idref="fl-fd"/>
      </object_component>
      <object_component id="oc-3ae">
         <name>.text:PCM_setPowerMode</name>
         <load_address>0x4b52</load_address>
         <run_address>0x4b52</run_address>
         <size>0x8</size>
         <input_file_ref idref="fl-fd"/>
      </object_component>
      <object_component id="oc-167">
         <name>.text:PCM_setPowerState</name>
         <load_address>0x4b5a</load_address>
         <run_address>0x4b5a</run_address>
         <size>0x8</size>
         <input_file_ref idref="fl-fd"/>
      </object_component>
      <object_component id="oc-45d">
         <name>.text:__aeabi_errno_addr</name>
         <load_address>0x4b64</load_address>
         <run_address>0x4b64</run_address>
         <size>0x8</size>
         <input_file_ref idref="fl-f2"/>
      </object_component>
      <object_component id="oc-16d">
         <name>.text:CS_startHFXT</name>
         <load_address>0x4b6c</load_address>
         <run_address>0x4b6c</run_address>
         <size>0x6</size>
         <input_file_ref idref="fl-f8"/>
      </object_component>
      <object_component id="oc-2fc">
         <name>.text:UART_getInterruptStatus</name>
         <load_address>0x4b72</load_address>
         <run_address>0x4b72</run_address>
         <size>0x6</size>
         <input_file_ref idref="fl-100"/>
      </object_component>
      <object_component id="oc-479">
         <name>.text:CPU_wfi</name>
         <load_address>0x4b78</load_address>
         <run_address>0x4b78</run_address>
         <size>0x4</size>
         <input_file_ref idref="fl-102"/>
      </object_component>
      <object_component id="oc-b1">
         <name>.text:_system_pre_init</name>
         <load_address>0x4b7c</load_address>
         <run_address>0x4b7c</run_address>
         <size>0x4</size>
         <input_file_ref idref="fl-e7"/>
      </object_component>
      <object_component id="oc-1e5">
         <name>.text:abort:abort</name>
         <load_address>0x4b80</load_address>
         <run_address>0x4b80</run_address>
         <size>0x4</size>
         <input_file_ref idref="fl-e9"/>
      </object_component>
      <object_component id="oc-2c4">
         <name>.const:F6x8</name>
         <load_address>0x4b84</load_address>
         <run_address>0x4b84</run_address>
         <size>0x228</size>
         <input_file_ref idref="fl-16"/>
      </object_component>
      <object_component id="oc-2c8">
         <name>.const:Hzk</name>
         <load_address>0x4dac</load_address>
         <run_address>0x4dac</run_address>
         <size>0x1c0</size>
         <input_file_ref idref="fl-16"/>
      </object_component>
      <object_component id="oc-49f">
         <name>.const:.string:_ctypes_</name>
         <load_address>0x4f6c</load_address>
         <run_address>0x4f6c</run_address>
         <size>0x101</size>
         <input_file_ref idref="fl-ee"/>
      </object_component>
      <object_component id="oc-2a4">
         <name>.const:g_pulRegs</name>
         <load_address>0x5070</load_address>
         <run_address>0x5070</run_address>
         <size>0x50</size>
         <input_file_ref idref="fl-fc"/>
      </object_component>
      <object_component id="oc-2e3">
         <name>.const</name>
         <load_address>0x50c0</load_address>
         <run_address>0x50c0</run_address>
         <size>0x40</size>
         <input_file_ref idref="fl-fc"/>
      </object_component>
      <object_component id="oc-191">
         <name>.const:UART0</name>
         <load_address>0x5100</load_address>
         <run_address>0x5100</run_address>
         <size>0x24</size>
         <input_file_ref idref="fl-15"/>
      </object_component>
      <object_component id="oc-194">
         <name>.const:UART2</name>
         <load_address>0x5124</load_address>
         <run_address>0x5124</run_address>
         <size>0x24</size>
         <input_file_ref idref="fl-15"/>
      </object_component>
      <object_component id="oc-197">
         <name>.const:UART3</name>
         <load_address>0x5148</load_address>
         <run_address>0x5148</run_address>
         <size>0x24</size>
         <input_file_ref idref="fl-15"/>
      </object_component>
      <object_component id="oc-1aa">
         <name>.const:UART3_SET</name>
         <load_address>0x516c</load_address>
         <run_address>0x516c</run_address>
         <size>0x24</size>
         <input_file_ref idref="fl-4"/>
      </object_component>
      <object_component id="oc-590">
         <name>.cinit..data.load</name>
         <load_address>0x5190</load_address>
         <run_address>0x5190</run_address>
         <size>0x4c</size>
      </object_component>
      <object_component id="oc-58e">
         <name>__TI_handler_table</name>
         <load_address>0x51dc</load_address>
         <run_address>0x51dc</run_address>
         <size>0xc</size>
      </object_component>
      <object_component id="oc-591">
         <name>.cinit..bss.load</name>
         <load_address>0x51e8</load_address>
         <run_address>0x51e8</run_address>
         <size>0x8</size>
      </object_component>
      <object_component id="oc-58f">
         <name>__TI_cinit_table</name>
         <load_address>0x51f0</load_address>
         <run_address>0x51f0</run_address>
         <size>0x10</size>
      </object_component>
      <object_component id="oc-562">
         <name>.binit</name>
         <load_address>0x0</load_address>
         <run_address>0x0</run_address>
         <size>0x0</size>
      </object_component>
      <object_component id="oc-1b0">
         <name>.data</name>
         <load_address>0x20002aa0</load_address>
         <run_address>0x20002aa0</run_address>
         <size>0x8</size>
         <input_file_ref idref="fl-4"/>
      </object_component>
      <object_component id="oc-1ad">
         <name>.data:ADS_RCV_DATA</name>
         <load_address>0x20002a94</load_address>
         <run_address>0x20002a94</run_address>
         <size>0xa</size>
         <input_file_ref idref="fl-4"/>
      </object_component>
      <object_component id="oc-2b6">
         <name>.data:Oscill_data_buff</name>
         <load_address>0x20002800</load_address>
         <run_address>0x20002800</run_address>
         <size>0x200</size>
         <input_file_ref idref="fl-7"/>
      </object_component>
      <object_component id="oc-1b4">
         <name>.data</name>
         <load_address>0x20002a78</load_address>
         <run_address>0x20002a78</run_address>
         <size>0x1c</size>
         <input_file_ref idref="fl-8"/>
      </object_component>
      <object_component id="oc-100">
         <name>.data</name>
         <load_address>0x20002a58</load_address>
         <run_address>0x20002a58</run_address>
         <size>0x20</size>
         <input_file_ref idref="fl-c"/>
      </object_component>
      <object_component id="oc-11c">
         <name>.data:timerAcaptureValues</name>
         <load_address>0x20002a30</load_address>
         <run_address>0x20002a30</run_address>
         <size>0x28</size>
         <input_file_ref idref="fl-d"/>
      </object_component>
      <object_component id="oc-119">
         <name>.data</name>
         <load_address>0x20002aa8</load_address>
         <run_address>0x20002aa8</run_address>
         <size>0x8</size>
         <input_file_ref idref="fl-d"/>
      </object_component>
      <object_component id="oc-e0">
         <name>.data</name>
         <load_address>0x20002ab0</load_address>
         <run_address>0x20002ab0</run_address>
         <size>0x8</size>
         <input_file_ref idref="fl-14"/>
      </object_component>
      <object_component id="oc-19a">
         <name>.data</name>
         <load_address>0x20002ac8</load_address>
         <run_address>0x20002ac8</run_address>
         <size>0x3</size>
         <input_file_ref idref="fl-15"/>
      </object_component>
      <object_component id="oc-2aa">
         <name>.data:screen_buf</name>
         <load_address>0x20000000</load_address>
         <run_address>0x20000000</run_address>
         <size>0x2000</size>
         <input_file_ref idref="fl-16"/>
      </object_component>
      <object_component id="oc-2ad">
         <name>.data:bmp</name>
         <load_address>0x20002400</load_address>
         <run_address>0x20002400</run_address>
         <size>0x400</size>
         <input_file_ref idref="fl-16"/>
      </object_component>
      <object_component id="oc-2b0">
         <name>.data:bmp2</name>
         <load_address>0x20002000</load_address>
         <run_address>0x20002000</run_address>
         <size>0x400</size>
         <input_file_ref idref="fl-16"/>
      </object_component>
      <object_component id="oc-2c7">
         <name>.data:tmp$2</name>
         <load_address>0x20002ab8</load_address>
         <run_address>0x20002ab8</run_address>
         <size>0x8</size>
         <input_file_ref idref="fl-16"/>
      </object_component>
      <object_component id="oc-223">
         <name>.data</name>
         <load_address>0x20002ac4</load_address>
         <run_address>0x20002ac4</run_address>
         <size>0x4</size>
         <input_file_ref idref="fl-19"/>
      </object_component>
      <object_component id="oc-4fc">
         <name>.data</name>
         <load_address>0x20002ac0</load_address>
         <run_address>0x20002ac0</run_address>
         <size>0x4</size>
         <input_file_ref idref="fl-f2"/>
      </object_component>
      <object_component id="oc-243">
         <name>.data:GPIO_PORT_TO_BASE</name>
         <load_address>0x20002a00</load_address>
         <run_address>0x20002a00</run_address>
         <size>0x30</size>
         <input_file_ref idref="fl-fb"/>
      </object_component>
      <object_component id="oc-1ba">
         <name>.bss</name>
         <uninitialized>true</uninitialized>
         <run_address>0x20002b54</run_address>
         <size>0x1</size>
         <input_file_ref idref="fl-8"/>
      </object_component>
      <object_component id="oc-df">
         <name>.bss</name>
         <uninitialized>true</uninitialized>
         <run_address>0x20002b44</run_address>
         <size>0x4</size>
         <input_file_ref idref="fl-14"/>
      </object_component>
      <object_component id="oc-2a9">
         <name>.bss</name>
         <uninitialized>true</uninitialized>
         <run_address>0x20002b55</run_address>
         <size>0x1</size>
         <input_file_ref idref="fl-16"/>
      </object_component>
      <object_component id="oc-2b3">
         <name>.common:oscill1</name>
         <uninitialized>true</uninitialized>
         <run_address>0x20002acc</run_address>
         <size>0x18</size>
      </object_component>
      <object_component id="oc-1b7">
         <name>.common:A0results</name>
         <uninitialized>true</uninitialized>
         <run_address>0x20002ae4</run_address>
         <size>0x10</size>
      </object_component>
      <object_component id="oc-1bd">
         <name>.common:A1results</name>
         <uninitialized>true</uninitialized>
         <run_address>0x20002af4</run_address>
         <size>0x10</size>
      </object_component>
      <object_component id="oc-1be">
         <name>.common:A2results</name>
         <uninitialized>true</uninitialized>
         <run_address>0x20002b04</run_address>
         <size>0x10</size>
      </object_component>
      <object_component id="oc-1bf">
         <name>.common:A3results</name>
         <uninitialized>true</uninitialized>
         <run_address>0x20002b14</run_address>
         <size>0x10</size>
      </object_component>
      <object_component id="oc-1c0">
         <name>.common:ad_get</name>
         <uninitialized>true</uninitialized>
         <run_address>0x20002b48</run_address>
         <size>0x4</size>
      </object_component>
      <object_component id="oc-fd">
         <name>.common:encoder_A</name>
         <uninitialized>true</uninitialized>
         <run_address>0x20002b24</run_address>
         <size>0x8</size>
      </object_component>
      <object_component id="oc-112">
         <name>.common:encoder_B</name>
         <uninitialized>true</uninitialized>
         <run_address>0x20002b2c</run_address>
         <size>0x8</size>
      </object_component>
      <object_component id="oc-104">
         <name>.common:encoder_C</name>
         <uninitialized>true</uninitialized>
         <run_address>0x20002b34</run_address>
         <size>0x8</size>
      </object_component>
      <object_component id="oc-103">
         <name>.common:encoder_D</name>
         <uninitialized>true</uninitialized>
         <run_address>0x20002b3c</run_address>
         <size>0x8</size>
      </object_component>
      <object_component id="oc-2ea">
         <name>.common:hfxtFreq</name>
         <uninitialized>true</uninitialized>
         <run_address>0x20002b4c</run_address>
         <size>0x4</size>
      </object_component>
      <object_component id="oc-2e9">
         <name>.common:lfxtFreq</name>
         <uninitialized>true</uninitialized>
         <run_address>0x20002b50</run_address>
         <size>0x4</size>
      </object_component>
      <object_component id="oc-29">
         <name>.stack</name>
         <uninitialized>true</uninitialized>
         <run_address>0x2000fe00</run_address>
         <size>0x4</size>
         <input_file_ref idref="fl-e0"/>
      </object_component>
      <object_component id="oc-593">
         <name>.stack</name>
         <uninitialized>true</uninitialized>
         <run_address>0x2000fe00</run_address>
         <size>0x0</size>
      </object_component>
      <object_component id="oc-322">
         <name>.debug_info</name>
         <load_address>0x0</load_address>
         <run_address>0x0</run_address>
         <size>0x68e</size>
         <input_file_ref idref="fl-2"/>
      </object_component>
      <object_component id="oc-b8">
         <name>.debug_info</name>
         <load_address>0x68e</load_address>
         <run_address>0x68e</run_address>
         <size>0x198</size>
         <input_file_ref idref="fl-2"/>
      </object_component>
      <object_component id="oc-296">
         <name>.debug_info</name>
         <load_address>0x826</load_address>
         <run_address>0x826</run_address>
         <size>0x71</size>
         <input_file_ref idref="fl-2"/>
      </object_component>
      <object_component id="oc-29d">
         <name>.debug_info</name>
         <load_address>0x897</load_address>
         <run_address>0x897</run_address>
         <size>0x5a</size>
         <input_file_ref idref="fl-2"/>
      </object_component>
      <object_component id="oc-1c2">
         <name>.debug_info</name>
         <load_address>0x8f1</load_address>
         <run_address>0x8f1</run_address>
         <size>0x5a</size>
         <input_file_ref idref="fl-2"/>
      </object_component>
      <object_component id="oc-120">
         <name>.debug_info</name>
         <load_address>0x94b</load_address>
         <run_address>0x94b</run_address>
         <size>0x99</size>
         <input_file_ref idref="fl-2"/>
      </object_component>
      <object_component id="oc-1c9">
         <name>.debug_info</name>
         <load_address>0x9e4</load_address>
         <run_address>0x9e4</run_address>
         <size>0x26b</size>
         <input_file_ref idref="fl-2"/>
      </object_component>
      <object_component id="oc-233">
         <name>.debug_info</name>
         <load_address>0xc4f</load_address>
         <run_address>0xc4f</run_address>
         <size>0x1055</size>
         <input_file_ref idref="fl-2"/>
      </object_component>
      <object_component id="oc-22e">
         <name>.debug_info</name>
         <load_address>0x1ca4</load_address>
         <run_address>0x1ca4</run_address>
         <size>0x37e2</size>
         <input_file_ref idref="fl-2"/>
      </object_component>
      <object_component id="oc-36e">
         <name>.debug_info</name>
         <load_address>0x5486</load_address>
         <run_address>0x5486</run_address>
         <size>0xae</size>
         <input_file_ref idref="fl-2"/>
      </object_component>
      <object_component id="oc-32">
         <name>.debug_info</name>
         <load_address>0x5534</load_address>
         <run_address>0x5534</run_address>
         <size>0x84</size>
         <input_file_ref idref="fl-2"/>
      </object_component>
      <object_component id="oc-238">
         <name>.debug_info</name>
         <load_address>0x55b8</load_address>
         <run_address>0x55b8</run_address>
         <size>0x2a4</size>
         <input_file_ref idref="fl-2"/>
      </object_component>
      <object_component id="oc-291">
         <name>.debug_info</name>
         <load_address>0x585c</load_address>
         <run_address>0x585c</run_address>
         <size>0xef</size>
         <input_file_ref idref="fl-2"/>
      </object_component>
      <object_component id="oc-e6">
         <name>.debug_info</name>
         <load_address>0x594b</load_address>
         <run_address>0x594b</run_address>
         <size>0xbb</size>
         <input_file_ref idref="fl-2"/>
      </object_component>
      <object_component id="oc-38a">
         <name>.debug_info</name>
         <load_address>0x5a06</load_address>
         <run_address>0x5a06</run_address>
         <size>0x2c</size>
         <input_file_ref idref="fl-2"/>
      </object_component>
      <object_component id="oc-30f">
         <name>.debug_info</name>
         <load_address>0x5a32</load_address>
         <run_address>0x5a32</run_address>
         <size>0xee</size>
         <input_file_ref idref="fl-2"/>
      </object_component>
      <object_component id="oc-317">
         <name>.debug_info</name>
         <load_address>0x5b20</load_address>
         <run_address>0x5b20</run_address>
         <size>0x8a8</size>
         <input_file_ref idref="fl-4"/>
      </object_component>
      <object_component id="oc-1b1">
         <name>.debug_info</name>
         <load_address>0x63c8</load_address>
         <run_address>0x63c8</run_address>
         <size>0x13a</size>
         <input_file_ref idref="fl-4"/>
      </object_component>
      <object_component id="oc-1ae">
         <name>.debug_info</name>
         <load_address>0x6502</load_address>
         <run_address>0x6502</run_address>
         <size>0xf2</size>
         <input_file_ref idref="fl-4"/>
      </object_component>
      <object_component id="oc-1ab">
         <name>.debug_info</name>
         <load_address>0x65f4</load_address>
         <run_address>0x65f4</run_address>
         <size>0xec</size>
         <input_file_ref idref="fl-4"/>
      </object_component>
      <object_component id="oc-87">
         <name>.debug_info</name>
         <load_address>0x66e0</load_address>
         <run_address>0x66e0</run_address>
         <size>0x4b9</size>
         <input_file_ref idref="fl-4"/>
      </object_component>
      <object_component id="oc-19f">
         <name>.debug_info</name>
         <load_address>0x6b99</load_address>
         <run_address>0x6b99</run_address>
         <size>0x8b</size>
         <input_file_ref idref="fl-4"/>
      </object_component>
      <object_component id="oc-2b4">
         <name>.debug_info</name>
         <load_address>0x6c24</load_address>
         <run_address>0x6c24</run_address>
         <size>0x6a4</size>
         <input_file_ref idref="fl-7"/>
      </object_component>
      <object_component id="oc-2b7">
         <name>.debug_info</name>
         <load_address>0x72c8</load_address>
         <run_address>0x72c8</run_address>
         <size>0xfe</size>
         <input_file_ref idref="fl-7"/>
      </object_component>
      <object_component id="oc-1b8">
         <name>.debug_info</name>
         <load_address>0x73c6</load_address>
         <run_address>0x73c6</run_address>
         <size>0x6f1</size>
         <input_file_ref idref="fl-8"/>
      </object_component>
      <object_component id="oc-1b5">
         <name>.debug_info</name>
         <load_address>0x7ab7</load_address>
         <run_address>0x7ab7</run_address>
         <size>0x1b4</size>
         <input_file_ref idref="fl-8"/>
      </object_component>
      <object_component id="oc-1bb">
         <name>.debug_info</name>
         <load_address>0x7c6b</load_address>
         <run_address>0x7c6b</run_address>
         <size>0xe3</size>
         <input_file_ref idref="fl-8"/>
      </object_component>
      <object_component id="oc-8c">
         <name>.debug_info</name>
         <load_address>0x7d4e</load_address>
         <run_address>0x7d4e</run_address>
         <size>0x47d</size>
         <input_file_ref idref="fl-8"/>
      </object_component>
      <object_component id="oc-114">
         <name>.debug_info</name>
         <load_address>0x81cb</load_address>
         <run_address>0x81cb</run_address>
         <size>0x172</size>
         <input_file_ref idref="fl-b"/>
      </object_component>
      <object_component id="oc-101">
         <name>.debug_info</name>
         <load_address>0x833d</load_address>
         <run_address>0x833d</run_address>
         <size>0x227</size>
         <input_file_ref idref="fl-c"/>
      </object_component>
      <object_component id="oc-fe">
         <name>.debug_info</name>
         <load_address>0x8564</load_address>
         <run_address>0x8564</run_address>
         <size>0x7b6</size>
         <input_file_ref idref="fl-d"/>
      </object_component>
      <object_component id="oc-11d">
         <name>.debug_info</name>
         <load_address>0x8d1a</load_address>
         <run_address>0x8d1a</run_address>
         <size>0x104</size>
         <input_file_ref idref="fl-d"/>
      </object_component>
      <object_component id="oc-11a">
         <name>.debug_info</name>
         <load_address>0x8e1e</load_address>
         <run_address>0x8e1e</run_address>
         <size>0x12f</size>
         <input_file_ref idref="fl-d"/>
      </object_component>
      <object_component id="oc-7b">
         <name>.debug_info</name>
         <load_address>0x8f4d</load_address>
         <run_address>0x8f4d</run_address>
         <size>0x8a4</size>
         <input_file_ref idref="fl-d"/>
      </object_component>
      <object_component id="oc-f8">
         <name>.debug_info</name>
         <load_address>0x97f1</load_address>
         <run_address>0x97f1</run_address>
         <size>0xa89</size>
         <input_file_ref idref="fl-e"/>
      </object_component>
      <object_component id="oc-75">
         <name>.debug_info</name>
         <load_address>0xa27a</load_address>
         <run_address>0xa27a</run_address>
         <size>0x7be</size>
         <input_file_ref idref="fl-f"/>
      </object_component>
      <object_component id="oc-1e1">
         <name>.debug_info</name>
         <load_address>0xaa38</load_address>
         <run_address>0xaa38</run_address>
         <size>0x446</size>
         <input_file_ref idref="fl-10"/>
      </object_component>
      <object_component id="oc-e4">
         <name>.debug_info</name>
         <load_address>0xae7e</load_address>
         <run_address>0xae7e</run_address>
         <size>0x598</size>
         <input_file_ref idref="fl-14"/>
      </object_component>
      <object_component id="oc-e1">
         <name>.debug_info</name>
         <load_address>0xb416</load_address>
         <run_address>0xb416</run_address>
         <size>0x102</size>
         <input_file_ref idref="fl-14"/>
      </object_component>
      <object_component id="oc-71">
         <name>.debug_info</name>
         <load_address>0xb518</load_address>
         <run_address>0xb518</run_address>
         <size>0x79a</size>
         <input_file_ref idref="fl-14"/>
      </object_component>
      <object_component id="oc-19e">
         <name>.debug_info</name>
         <load_address>0xbcb2</load_address>
         <run_address>0xbcb2</run_address>
         <size>0xa97</size>
         <input_file_ref idref="fl-15"/>
      </object_component>
      <object_component id="oc-19b">
         <name>.debug_info</name>
         <load_address>0xc749</load_address>
         <run_address>0xc749</run_address>
         <size>0x13f</size>
         <input_file_ref idref="fl-15"/>
      </object_component>
      <object_component id="oc-192">
         <name>.debug_info</name>
         <load_address>0xc888</load_address>
         <run_address>0xc888</run_address>
         <size>0xe5</size>
         <input_file_ref idref="fl-15"/>
      </object_component>
      <object_component id="oc-195">
         <name>.debug_info</name>
         <load_address>0xc96d</load_address>
         <run_address>0xc96d</run_address>
         <size>0xe5</size>
         <input_file_ref idref="fl-15"/>
      </object_component>
      <object_component id="oc-198">
         <name>.debug_info</name>
         <load_address>0xca52</load_address>
         <run_address>0xca52</run_address>
         <size>0xe5</size>
         <input_file_ref idref="fl-15"/>
      </object_component>
      <object_component id="oc-80">
         <name>.debug_info</name>
         <load_address>0xcb37</load_address>
         <run_address>0xcb37</run_address>
         <size>0x9fc</size>
         <input_file_ref idref="fl-15"/>
      </object_component>
      <object_component id="oc-2cc">
         <name>.debug_info</name>
         <load_address>0xd533</load_address>
         <run_address>0xd533</run_address>
         <size>0x79c</size>
         <input_file_ref idref="fl-16"/>
      </object_component>
      <object_component id="oc-2c5">
         <name>.debug_info</name>
         <load_address>0xdccf</load_address>
         <run_address>0xdccf</run_address>
         <size>0xdf</size>
         <input_file_ref idref="fl-16"/>
      </object_component>
      <object_component id="oc-2c9">
         <name>.debug_info</name>
         <load_address>0xddae</load_address>
         <run_address>0xddae</run_address>
         <size>0xdd</size>
         <input_file_ref idref="fl-16"/>
      </object_component>
      <object_component id="oc-2ab">
         <name>.debug_info</name>
         <load_address>0xde8b</load_address>
         <run_address>0xde8b</run_address>
         <size>0xeb</size>
         <input_file_ref idref="fl-16"/>
      </object_component>
      <object_component id="oc-2ae">
         <name>.debug_info</name>
         <load_address>0xdf76</load_address>
         <run_address>0xdf76</run_address>
         <size>0xdd</size>
         <input_file_ref idref="fl-16"/>
      </object_component>
      <object_component id="oc-2b1">
         <name>.debug_info</name>
         <load_address>0xe053</load_address>
         <run_address>0xe053</run_address>
         <size>0xdf</size>
         <input_file_ref idref="fl-16"/>
      </object_component>
      <object_component id="oc-10e">
         <name>.debug_info</name>
         <load_address>0xe132</load_address>
         <run_address>0xe132</run_address>
         <size>0x1266</size>
         <input_file_ref idref="fl-16"/>
      </object_component>
      <object_component id="oc-93">
         <name>.debug_info</name>
         <load_address>0xf398</load_address>
         <run_address>0xf398</run_address>
         <size>0x2de</size>
         <input_file_ref idref="fl-18"/>
      </object_component>
      <object_component id="oc-27">
         <name>.debug_info</name>
         <load_address>0xf676</load_address>
         <run_address>0xf676</run_address>
         <size>0x10a</size>
         <input_file_ref idref="fl-18"/>
      </object_component>
      <object_component id="oc-68">
         <name>.debug_info</name>
         <load_address>0xf780</load_address>
         <run_address>0xf780</run_address>
         <size>0x1f5</size>
         <input_file_ref idref="fl-18"/>
      </object_component>
      <object_component id="oc-224">
         <name>.debug_info</name>
         <load_address>0xf975</load_address>
         <run_address>0xf975</run_address>
         <size>0x103</size>
         <input_file_ref idref="fl-19"/>
      </object_component>
      <object_component id="oc-ca">
         <name>.debug_info</name>
         <load_address>0xfa78</load_address>
         <run_address>0xfa78</run_address>
         <size>0x299</size>
         <input_file_ref idref="fl-19"/>
      </object_component>
      <object_component id="oc-389">
         <name>.debug_info</name>
         <load_address>0xfd11</load_address>
         <run_address>0xfd11</run_address>
         <size>0x333</size>
         <input_file_ref idref="fl-d4"/>
      </object_component>
      <object_component id="oc-2bf">
         <name>.debug_info</name>
         <load_address>0x10044</load_address>
         <run_address>0x10044</run_address>
         <size>0x1d1</size>
         <input_file_ref idref="fl-d4"/>
      </object_component>
      <object_component id="oc-37f">
         <name>.debug_info</name>
         <load_address>0x10215</load_address>
         <run_address>0x10215</run_address>
         <size>0x18d</size>
         <input_file_ref idref="fl-d4"/>
      </object_component>
      <object_component id="oc-385">
         <name>.debug_info</name>
         <load_address>0x103a2</load_address>
         <run_address>0x103a2</run_address>
         <size>0x16d</size>
         <input_file_ref idref="fl-d4"/>
      </object_component>
      <object_component id="oc-503">
         <name>.debug_info</name>
         <load_address>0x1050f</load_address>
         <run_address>0x1050f</run_address>
         <size>0x2c</size>
         <input_file_ref idref="fl-d4"/>
      </object_component>
      <object_component id="oc-435">
         <name>.debug_info</name>
         <load_address>0x1053b</load_address>
         <run_address>0x1053b</run_address>
         <size>0x128</size>
         <input_file_ref idref="fl-d5"/>
      </object_component>
      <object_component id="oc-4b1">
         <name>.debug_info</name>
         <load_address>0x10663</load_address>
         <run_address>0x10663</run_address>
         <size>0x12a</size>
         <input_file_ref idref="fl-d5"/>
      </object_component>
      <object_component id="oc-d7">
         <name>.debug_info</name>
         <load_address>0x1078d</load_address>
         <run_address>0x1078d</run_address>
         <size>0x13a</size>
         <input_file_ref idref="fl-d6"/>
      </object_component>
      <object_component id="oc-db">
         <name>.debug_info</name>
         <load_address>0x108c7</load_address>
         <run_address>0x108c7</run_address>
         <size>0x12e</size>
         <input_file_ref idref="fl-d7"/>
      </object_component>
      <object_component id="oc-2ba">
         <name>.debug_info</name>
         <load_address>0x109f5</load_address>
         <run_address>0x109f5</run_address>
         <size>0x12c</size>
         <input_file_ref idref="fl-d9"/>
      </object_component>
      <object_component id="oc-4bc">
         <name>.debug_info</name>
         <load_address>0x10b21</load_address>
         <run_address>0x10b21</run_address>
         <size>0x12c</size>
         <input_file_ref idref="fl-da"/>
      </object_component>
      <object_component id="oc-38">
         <name>.debug_info</name>
         <load_address>0x10c4d</load_address>
         <run_address>0x10c4d</run_address>
         <size>0x119</size>
         <input_file_ref idref="fl-db"/>
      </object_component>
      <object_component id="oc-d3">
         <name>.debug_info</name>
         <load_address>0x10d66</load_address>
         <run_address>0x10d66</run_address>
         <size>0x12e</size>
         <input_file_ref idref="fl-dc"/>
      </object_component>
      <object_component id="oc-aa">
         <name>.debug_info</name>
         <load_address>0x10e94</load_address>
         <run_address>0x10e94</run_address>
         <size>0x2d4</size>
         <input_file_ref idref="fl-dd"/>
      </object_component>
      <object_component id="oc-44">
         <name>.debug_info</name>
         <load_address>0x11168</load_address>
         <run_address>0x11168</run_address>
         <size>0x1d2</size>
         <input_file_ref idref="fl-dd"/>
      </object_component>
      <object_component id="oc-a5">
         <name>.debug_info</name>
         <load_address>0x1133a</load_address>
         <run_address>0x1133a</run_address>
         <size>0x46</size>
         <input_file_ref idref="fl-dd"/>
      </object_component>
      <object_component id="oc-1d5">
         <name>.debug_info</name>
         <load_address>0x11380</load_address>
         <run_address>0x11380</run_address>
         <size>0x2c</size>
         <input_file_ref idref="fl-dd"/>
      </object_component>
      <object_component id="oc-42">
         <name>.debug_info</name>
         <load_address>0x113ac</load_address>
         <run_address>0x113ac</run_address>
         <size>0x2a8</size>
         <input_file_ref idref="fl-de"/>
      </object_component>
      <object_component id="oc-21">
         <name>.debug_info</name>
         <load_address>0x11654</load_address>
         <run_address>0x11654</run_address>
         <size>0x1ea</size>
         <input_file_ref idref="fl-de"/>
      </object_component>
      <object_component id="oc-3d">
         <name>.debug_info</name>
         <load_address>0x1183e</load_address>
         <run_address>0x1183e</run_address>
         <size>0x46</size>
         <input_file_ref idref="fl-de"/>
      </object_component>
      <object_component id="oc-9d">
         <name>.debug_info</name>
         <load_address>0x11884</load_address>
         <run_address>0x11884</run_address>
         <size>0x2c</size>
         <input_file_ref idref="fl-de"/>
      </object_component>
      <object_component id="oc-9b">
         <name>.debug_info</name>
         <load_address>0x118b0</load_address>
         <run_address>0x118b0</run_address>
         <size>0x29e</size>
         <input_file_ref idref="fl-df"/>
      </object_component>
      <object_component id="oc-1b">
         <name>.debug_info</name>
         <load_address>0x11b4e</load_address>
         <run_address>0x11b4e</run_address>
         <size>0x250</size>
         <input_file_ref idref="fl-df"/>
      </object_component>
      <object_component id="oc-2d">
         <name>.debug_info</name>
         <load_address>0x11d9e</load_address>
         <run_address>0x11d9e</run_address>
         <size>0x60</size>
         <input_file_ref idref="fl-df"/>
      </object_component>
      <object_component id="oc-1ce">
         <name>.debug_info</name>
         <load_address>0x11dfe</load_address>
         <run_address>0x11dfe</run_address>
         <size>0x46</size>
         <input_file_ref idref="fl-df"/>
      </object_component>
      <object_component id="oc-96">
         <name>.debug_info</name>
         <load_address>0x11e44</load_address>
         <run_address>0x11e44</run_address>
         <size>0x39</size>
         <input_file_ref idref="fl-df"/>
      </object_component>
      <object_component id="oc-2a">
         <name>.debug_info</name>
         <load_address>0x11e7d</load_address>
         <run_address>0x11e7d</run_address>
         <size>0x10b</size>
         <input_file_ref idref="fl-e0"/>
      </object_component>
      <object_component id="oc-57">
         <name>.debug_info</name>
         <load_address>0x11f88</load_address>
         <run_address>0x11f88</run_address>
         <size>0x1a9</size>
         <input_file_ref idref="fl-e0"/>
      </object_component>
      <object_component id="oc-464">
         <name>.debug_info</name>
         <load_address>0x12131</load_address>
         <run_address>0x12131</run_address>
         <size>0x590</size>
         <input_file_ref idref="fl-e1"/>
      </object_component>
      <object_component id="oc-42f">
         <name>.debug_info</name>
         <load_address>0x126c1</load_address>
         <run_address>0x126c1</run_address>
         <size>0x21e</size>
         <input_file_ref idref="fl-e1"/>
      </object_component>
      <object_component id="oc-4c6">
         <name>.debug_info</name>
         <load_address>0x128df</load_address>
         <run_address>0x128df</run_address>
         <size>0x1b3</size>
         <input_file_ref idref="fl-e1"/>
      </object_component>
      <object_component id="oc-4cc">
         <name>.debug_info</name>
         <load_address>0x12a92</load_address>
         <run_address>0x12a92</run_address>
         <size>0x21b</size>
         <input_file_ref idref="fl-e1"/>
      </object_component>
      <object_component id="oc-43a">
         <name>.debug_info</name>
[...]
      </symbol>
      <symbol id="sm-545">
         <name>_c_int00_noargs</name>
         <value>0x45e5</value>
         <object_component_ref idref="oc-55"/>
      </symbol>
      <symbol id="sm-6aa">
         <name>__TI_printfi</name>
         <value>0xe5</value>
         <object_component_ref idref="oc-376"/>
      </symbol>
      <symbol id="sm-6b9">
         <name>__aeabi_memset</name>
         <value>0x3feb</value>
         <object_component_ref idref="oc-ab"/>
      </symbol>
      <symbol id="sm-6ba">
         <name>memset</name>
         <value>0x3ff1</value>
         <object_component_ref idref="oc-ab"/>
      </symbol>
      <symbol id="sm-6bb">
         <name>__aeabi_memset8</name>
         <value>0x3feb</value>
         <object_component_ref idref="oc-ab"/>
      </symbol>
      <symbol id="sm-6bc">
         <name>__aeabi_memset4</name>
         <value>0x3feb</value>
         <object_component_ref idref="oc-ab"/>
      </symbol>
      <symbol id="sm-6bd">
         <name>__aeabi_memclr8</name>
         <value>0x3fe9</value>
         <object_component_ref idref="oc-ab"/>
      </symbol>
      <symbol id="sm-6be">
         <name>__aeabi_memclr4</name>
         <value>0x3fe9</value>
         <object_component_ref idref="oc-ab"/>
      </symbol>
      <symbol id="sm-6bf">
         <name>__aeabi_memclr</name>
         <value>0x3fe9</value>
         <object_component_ref idref="oc-ab"/>
      </symbol>
      <symbol id="sm-6d6">
         <name>__aeabi_dsub</name>
         <value>0x2ce5</value>
         <object_component_ref idref="oc-4c0"/>
      </symbol>
      <symbol id="sm-6d7">
         <name>__aeabi_dadd</name>
         <value>0x2cef</value>
         <object_component_ref idref="oc-4c0"/>
      </symbol>
      <symbol id="sm-6e2">
         <name>__aeabi_dmul</name>
         <value>0x37e1</value>
         <object_component_ref idref="oc-4ab"/>
      </symbol>
      <symbol id="sm-6ef">
         <name>__aeabi_uldivmod</name>
         <value>0x3d35</value>
         <object_component_ref idref="oc-4a4"/>
      </symbol>
      <symbol id="sm-717">
         <name>__TI_auto_init_nobinit_nopinit</name>
         <value>0x44e9</value>
         <object_component_ref idref="oc-1f1"/>
      </symbol>
      <symbol id="sm-721">
         <name>_system_pre_init</name>
         <value>0x4b7d</value>
         <object_component_ref idref="oc-b1"/>
      </symbol>
      <symbol id="sm-72d">
         <name>C$$EXIT</name>
         <value>0x4b81</value>
         <object_component_ref idref="oc-1e5"/>
      </symbol>
      <symbol id="sm-72e">
         <name>abort</name>
         <value>0x4b81</value>
         <object_component_ref idref="oc-1e5"/>
      </symbol>
      <symbol id="sm-73e">
         <name>__TI_ltoa</name>
         <value>0x42cb</value>
         <object_component_ref idref="oc-4b5"/>
      </symbol>
      <symbol id="sm-755">
         <name>atoi</name>
         <value>0x440d</value>
         <object_component_ref idref="oc-428"/>
      </symbol>
      <symbol id="sm-760">
         <name>_ctypes_</name>
         <value>0x4f6c</value>
         <object_component_ref idref="oc-49f"/>
      </symbol>
      <symbol id="sm-770">
         <name>memccpy</name>
         <value>0x4919</value>
         <object_component_ref idref="oc-451"/>
      </symbol>
      <symbol id="sm-780">
         <name>strchr</name>
         <value>0x49df</value>
         <object_component_ref idref="oc-4ec"/>
      </symbol>
      <symbol id="sm-78e">
         <name>strlen</name>
         <value>0x4a6d</value>
         <object_component_ref idref="oc-422"/>
      </symbol>
      <symbol id="sm-7a4">
         <name>__aeabi_errno_addr</name>
         <value>0x4b65</value>
         <object_component_ref idref="oc-45d"/>
      </symbol>
      <symbol id="sm-7a5">
         <name>errno</name>
         <value>0x20002ac0</value>
         <object_component_ref idref="oc-4fc"/>
      </symbol>
      <symbol id="sm-7c5">
         <name>frexpl</name>
         <value>0x4211</value>
         <object_component_ref idref="oc-4e0"/>
      </symbol>
      <symbol id="sm-7c6">
         <name>frexp</name>
         <value>0x4211</value>
         <object_component_ref idref="oc-4e0"/>
      </symbol>
      <symbol id="sm-7e3">
         <name>scalbn</name>
         <value>0x36d1</value>
         <object_component_ref idref="oc-4e6"/>
      </symbol>
      <symbol id="sm-7e4">
         <name>scalbnl</name>
         <value>0x36d1</value>
         <object_component_ref idref="oc-4e6"/>
      </symbol>
      <symbol id="sm-7e5">
         <name>ldexpl</name>
         <value>0x36d1</value>
         <object_component_ref idref="oc-4e6"/>
      </symbol>
      <symbol id="sm-7e6">
         <name>ldexp</name>
         <value>0x36d1</value>
         <object_component_ref idref="oc-4e6"/>
      </symbol>
      <symbol id="sm-7ff">
         <name>wcslen</name>
         <value>0x4a81</value>
         <object_component_ref idref="oc-457"/>
      </symbol>
      <symbol id="sm-809">
         <name>__aeabi_idiv0</name>
         <value>0xb33</value>
         <object_component_ref idref="oc-51b"/>
      </symbol>
      <symbol id="sm-80a">
         <name>__aeabi_ldiv0</name>
         <value>0xb33</value>
         <object_component_ref idref="oc-51b"/>
      </symbol>
      <symbol id="sm-814">
         <name>copysign</name>
         <value>0x4935</value>
         <object_component_ref idref="oc-532"/>
      </symbol>
      <symbol id="sm-815">
         <name>copysignl</name>
         <value>0x4935</value>
         <object_component_ref idref="oc-532"/>
      </symbol>
      <symbol id="sm-88e">
         <name>CS_startHFXT</name>
         <value>0x4b6d</value>
         <object_component_ref idref="oc-16d"/>
      </symbol>
      <symbol id="sm-88f">
         <name>CS_setExternalClockSourceFrequency</name>
         <value>0x49f5</value>
         <object_component_ref idref="oc-161"/>
      </symbol>
      <symbol id="sm-890">
         <name>CS_setDCOCenteredFrequency</name>
         <value>0x47e1</value>
         <object_component_ref idref="oc-131"/>
      </symbol>
      <symbol id="sm-891">
         <name>CS_startHFXTWithTimeout</name>
         <value>0x3bfd</value>
         <object_component_ref idref="oc-2f3"/>
      </symbol>
      <symbol id="sm-892">
         <name>CS_initClockSignal</name>
         <value>0x38dd</value>
         <object_component_ref idref="oc-173"/>
      </symbol>
      <symbol id="sm-8a3">
         <name>FlashCtl_setWaitState</name>
         <value>0x4791</value>
         <object_component_ref idref="oc-125"/>
      </symbol>
      <symbol id="sm-8af">
         <name>FPU_enableModule</name>
         <value>0x4a09</value>
         <object_component_ref idref="oc-155"/>
      </symbol>
      <symbol id="sm-94a">
         <name>GPIO_setAsInputPin</name>
         <value>0x470d</value>
         <object_component_ref idref="oc-260"/>
      </symbol>
      <symbol id="sm-94b">
         <name>GPIO_setOutputHighOnPin</name>
         <value>0x4a31</value>
         <object_component_ref idref="oc-254"/>
      </symbol>
      <symbol id="sm-94c">
         <name>GPIO_setAsInputPinWithPullUpResistor</name>
         <value>0x467d</value>
         <object_component_ref idref="oc-278"/>
      </symbol>
      <symbol id="sm-94d">
         <name>GPIO_getInterruptStatus</name>
         <value>0x4a95</value>
         <object_component_ref idref="oc-23d"/>
      </symbol>
      <symbol id="sm-94e">
         <name>GPIO_enableInterrupt</name>
         <value>0x4a1d</value>
         <object_component_ref idref="oc-27e"/>
      </symbol>
      <symbol id="sm-94f">
         <name>GPIO_getEnabledInterruptStatus</name>
         <value>0x464d</value>
         <object_component_ref idref="oc-eb"/>
      </symbol>
      <symbol id="sm-950">
         <name>GPIO_setAsOutputPin</name>
         <value>0x4805</value>
         <object_component_ref idref="oc-24e"/>
      </symbol>
      <symbol id="sm-951">
         <name>GPIO_setOutputLowOnPin</name>
         <value>0x4981</value>
         <object_component_ref idref="oc-25a"/>
      </symbol>
      <symbol id="sm-952">
         <name>GPIO_clearInterruptFlag</name>
         <value>0x4951</value>
         <object_component_ref idref="oc-f1"/>
      </symbol>
      <symbol id="sm-953">
         <name>GPIO_toggleOutputOnPin</name>
         <value>0x4a45</value>
         <object_component_ref idref="oc-26c"/>
      </symbol>
      <symbol id="sm-954">
         <name>GPIO_setAsPeripheralModuleFunctionOutputPin</name>
         <value>0x43c1</value>
         <object_component_ref idref="oc-15b"/>
      </symbol>
      <symbol id="sm-955">
         <name>GPIO_getInputPinValue</name>
         <value>0x4969</value>
         <object_component_ref idref="oc-266"/>
      </symbol>
      <symbol id="sm-956">
         <name>GPIO_setAsPeripheralModuleFunctionInputPin</name>
         <value>0x4459</value>
         <object_component_ref idref="oc-137"/>
      </symbol>
      <symbol id="sm-997">
         <name>Interrupt_setPriority</name>
         <value>0x4829</value>
         <object_component_ref idref="oc-106"/>
      </symbol>
      <symbol id="sm-998">
         <name>Interrupt_enableMaster</name>
         <value>0x4aa5</value>
         <object_component_ref idref="oc-28a"/>
      </symbol>
      <symbol id="sm-999">
         <name>Interrupt_enableInterrupt</name>
         <value>0x41ad</value>
         <object_component_ref idref="oc-14f"/>
      </symbol>
      <symbol id="sm-a5e">
         <name>PCM_setCoreVoltageLevel</name>
         <value>0x4b4b</value>
         <object_component_ref idref="oc-12b"/>
      </symbol>
      <symbol id="sm-a5f">
         <name>PCM_getCoreVoltageLevel</name>
         <value>0x4739</value>
         <object_component_ref idref="oc-3a2"/>
      </symbol>
      <symbol id="sm-a60">
         <name>PCM_shutdownDevice</name>
         <value>0x4371</value>
         <object_component_ref idref="oc-3cd"/>
      </symbol>
      <symbol id="sm-a61">
         <name>PCM_setPowerState</name>
         <value>0x4b5b</value>
         <object_component_ref idref="oc-167"/>
      </symbol>
      <symbol id="sm-a62">
         <name>PCM_getPowerMode</name>
         <value>0x4765</value>
         <object_component_ref idref="oc-39c"/>
      </symbol>
      <symbol id="sm-a63">
         <name>PCM_getPowerState</name>
         <value>0x4b1d</value>
         <object_component_ref idref="oc-3a8"/>
      </symbol>
      <symbol id="sm-a64">
         <name>PCM_gotoLPM4</name>
         <value>0x4ab5</value>
         <object_component_ref idref="oc-3c7"/>
      </symbol>
      <symbol id="sm-a65">
         <name>PCM_gotoLPM3</name>
         <value>0x3f6d</value>
         <object_component_ref idref="oc-3c1"/>
      </symbol>
      <symbol id="sm-a66">
         <name>PCM_gotoLPM0</name>
         <value>0x47b9</value>
         <object_component_ref idref="oc-3d9"/>
      </symbol>
      <symbol id="sm-a67">
         <name>PCM_setPowerMode</name>
         <value>0x4b53</value>
         <object_component_ref idref="oc-3ae"/>
      </symbol>
      <symbol id="sm-a74">
         <name>RTC_C_holdClock</name>
         <value>0x484d</value>
         <object_component_ref idref="oc-480"/>
      </symbol>
      <symbol id="sm-aa2">
         <name>SysCtl_getNMISourceStatus</name>
         <value>0x4b29</value>
         <object_component_ref idref="oc-3e0"/>
      </symbol>
      <symbol id="sm-aa3">
         <name>SysCtl_enableNMISource</name>
         <value>0x4ad5</value>
         <object_component_ref idref="oc-3f2"/>
      </symbol>
      <symbol id="sm-aa4">
         <name>SysCtl_disableNMISource</name>
         <value>0x4ac5</value>
         <object_component_ref idref="oc-3e6"/>
      </symbol>
      <symbol id="sm-aa5">
         <name>SysCtl_enableSRAMBankRetention</name>
         <value>0x4a59</value>
         <object_component_ref idref="oc-284"/>
      </symbol>
      <symbol id="sm-b06">
         <name>UART_enableInterrupt</name>
         <value>0x49c9</value>
         <object_component_ref idref="oc-149"/>
      </symbol>
      <symbol id="sm-b07">
         <name>UART_receiveData</name>
         <value>0x4895</value>
         <object_component_ref idref="oc-18b"/>
      </symbol>
      <symbol id="sm-b08">
         <name>UART_enableModule</name>
         <value>0x4b35</value>
         <object_component_ref idref="oc-143"/>
      </symbol>
      <symbol id="sm-b09">
         <name>UART_getEnabledInterruptStatus</name>
         <value>0x46ad</value>
         <object_component_ref idref="oc-17f"/>
      </symbol>
      <symbol id="sm-b0a">
         <name>UART_transmitData</name>
         <value>0x48b9</value>
         <object_component_ref idref="oc-179"/>
      </symbol>
      <symbol id="sm-b0b">
         <name>UART_getInterruptStatus</name>
         <value>0x4b73</value>
         <object_component_ref idref="oc-2fc"/>
      </symbol>
      <symbol id="sm-b0c">
         <name>UART_initModule</name>
         <value>0x3dcd</value>
         <object_component_ref idref="oc-13d"/>
      </symbol>
      <symbol id="sm-b0d">
         <name>UART_clearInterruptFlag</name>
         <value>0x4ae5</value>
         <object_component_ref idref="oc-185"/>
      </symbol>
      <symbol id="sm-b0e">
         <name>UART_disableInterrupt</name>
         <value>0x4871</value>
         <object_component_ref idref="oc-1a4"/>
      </symbol>
      <symbol id="sm-b1a">
         <name>WDT_A_holdTimer</name>
         <value>0x4999</value>
         <object_component_ref idref="oc-272"/>
      </symbol>
      <symbol id="sm-b2c">
         <name>CPU_wfi</name>
         <value>0x4b79</value>
         <object_component_ref idref="oc-479"/>
      </symbol>
      <symbol id="sm-b2d">
         <name>CPU_cpsie</name>
         <value>0x4b0f</value>
         <object_component_ref idref="oc-35b"/>
      </symbol>
      <symbol id="sm-b2e">
         <name>__TI_static_base__</name>
         <value>0x0</value>
      </symbol>
      <symbol id="sm-b31">
         <name>__mpu_init</name>
         <value>0x0</value>
      </symbol>
      <symbol id="sm-b32">
         <name>_system_post_cinit</name>
         <value>0x0</value>
      </symbol>
      <symbol id="sm-b33">
         <name>NMI_Handler</name>
         <value>0x4b0d</value>
      </symbol>
      <symbol id="sm-b34">
         <name>HardFault_Handler</name>
         <value>0x4b0d</value>
      </symbol>
      <symbol id="sm-b35">
         <name>MemManage_Handler</name>
         <value>0x4b0d</value>
      </symbol>
      <symbol id="sm-b36">
         <name>BusFault_Handler</name>
         <value>0x4b0d</value>
      </symbol>
      <symbol id="sm-b37">
         <name>UsageFault_Handler</name>
         <value>0x4b0d</value>
      </symbol>
      <symbol id="sm-b38">
         <name>SVC_Handler</name>
         <value>0x4b0d</value>
      </symbol>
      <symbol id="sm-b39">
         <name>DebugMon_Handler</name>
         <value>0x4b0d</value>
      </symbol>
      <symbol id="sm-b3a">
         <name>PendSV_Handler</name>
         <value>0x4b0d</value>
      </symbol>
      <symbol id="sm-b3b">
         <name>SysTick_Handler</name>
         <value>0x26e9</value>
      </symbol>
      <symbol id="sm-b3c">
         <name>PSS_IRQHandler</name>
         <value>0x4b0d</value>
      </symbol>
      <symbol id="sm-b3d">
         <name>CS_IRQHandler</name>
         <value>0x4b0d</value>
      </symbol>
      <symbol id="sm-b3e">
         <name>PCM_IRQHandler</name>
         <value>0x4b0d</value>
      </symbol>
      <symbol id="sm-b3f">
         <name>WDT_A_IRQHandler</name>
         <value>0x4b0d</value>
      </symbol>
      <symbol id="sm-b40">
         <name>FPU_IRQHandler</name>
         <value>0x4b0d</value>
      </symbol>
      <symbol id="sm-b41">
         <name>FLCTL_IRQHandler</name>
         <value>0x4b0d</value>
      </symbol>
      <symbol id="sm-b42">
         <name>COMP_E0_IRQHandler</name>
         <value>0x4b0d</value>
      </symbol>
      <symbol id="sm-b43">
         <name>COMP_E1_IRQHandler</name>
         <value>0x4b0d</value>
      </symbol>
      <symbol id="sm-b44">
         <name>TA0_0_IRQHandler</name>
         <value>0x1ff5</value>
      </symbol>
      <symbol id="sm-b45">
         <name>TA0_N_IRQHandler</name>
         <value>0x1945</value>
      </symbol>
      <symbol id="sm-b46">
         <name>TA1_0_IRQHandler</name>
         <value>0x200b</value>
      </symbol>
      <symbol id="sm-b47">
         <name>TA1_N_IRQHandler</name>
         <value>0x4b0d</value>
      </symbol>
      <symbol id="sm-b48">
         <name>TA2_0_IRQHandler</name>
         <value>0x2017</value>
      </symbol>
      <symbol id="sm-b49">
         <name>TA2_N_IRQHandler</name>
         <value>0x4b0d</value>
      </symbol>
      <symbol id="sm-b4a">
         <name>TA3_0_IRQHandler</name>
         <value>0x2023</value>
      </symbol>
      <symbol id="sm-b4b">
         <name>TA3_N_IRQHandler</name>
         <value>0x4b0d</value>
      </symbol>
      <symbol id="sm-b4c">
         <name>EUSCIA0_IRQHandler</name>
         <value>0x28e5</value>
      </symbol>
      <symbol id="sm-b4d">
         <name>EUSCIA1_IRQHandler</name>
         <value>0x4b0d</value>
      </symbol>
      <symbol id="sm-b4e">
         <name>EUSCIA2_IRQHandler</name>
         <value>0x2913</value>
      </symbol>
      <symbol id="sm-b4f">
         <name>EUSCIA3_IRQHandler</name>
         <value>0x2ee5</value>
      </symbol>
      <symbol id="sm-b50">
         <name>EUSCIB0_IRQHandler</name>
         <value>0x4b0d</value>
      </symbol>
      <symbol id="sm-b51">
         <name>EUSCIB1_IRQHandler</name>
         <value>0x4b0d</value>
      </symbol>
      <symbol id="sm-b52">
         <name>EUSCIB2_IRQHandler</name>
         <value>0x4b0d</value>
      </symbol>
      <symbol id="sm-b53">
         <name>EUSCIB3_IRQHandler</name>
         <value>0x4b0d</value>
      </symbol>
      <symbol id="sm-b54">
         <name>ADC14_IRQHandler</name>
         <value>0x1401</value>
      </symbol>
      <symbol id="sm-b55">
         <name>T32_INT1_IRQHandler</name>
         <value>0x4b0d</value>
      </symbol>
      <symbol id="sm-b56">
         <name>T32_INT2_IRQHandler</name>
         <value>0x4b0d</value>
      </symbol>
      <symbol id="sm-b57">
         <name>T32_INTC_IRQHandler</name>
         <value>0x4b0d</value>
      </symbol>
      <symbol id="sm-b58">
         <name>AES256_IRQHandler</name>
         <value>0x4b0d</value>
      </symbol>
      <symbol id="sm-b59">
         <name>RTC_C_IRQHandler</name>
         <value>0x4b0d</value>
      </symbol>
      <symbol id="sm-b5a">
         <name>DMA_ERR_IRQHandler</name>
         <value>0x4b0d</value>
      </symbol>
      <symbol id="sm-b5b">
         <name>DMA_INT3_IRQHandler</name>
         <value>0x4b0d</value>
      </symbol>
      <symbol id="sm-b5c">
         <name>DMA_INT2_IRQHandler</name>
         <value>0x4b0d</value>
      </symbol>
      <symbol id="sm-b5d">
         <name>DMA_INT1_IRQHandler</name>
         <value>0x4b0d</value>
      </symbol>
      <symbol id="sm-b5e">
         <name>DMA_INT0_IRQHandler</name>
         <value>0x4b0d</value>
      </symbol>
      <symbol id="sm-b5f">
         <name>PORT1_IRQHandler</name>
         <value>0x1ddd</value>
      </symbol>
      <symbol id="sm-b60">
         <name>PORT2_IRQHandler</name>
         <value>0x1e25</value>
      </symbol>
      <symbol id="sm-b61">
         <name>PORT3_IRQHandler</name>
         <value>0x1e81</value>
      </symbol>
      <symbol id="sm-b62">
         <name>PORT4_IRQHandler</name>
         <value>0x1ed9</value>
      </symbol>
      <symbol id="sm-b63">
         <name>PORT5_IRQHandler</name>
         <value>0x1f47</value>
      </symbol>
      <symbol id="sm-b64">
         <name>PORT6_IRQHandler</name>
         <value>0x1f9b</value>
      </symbol>
   </symbol_table>
   <title>Link successful</title>
</link_info>
